<?xml version="1.0"?>
<link_info>
   <banner>TI ARM Linker PC v15.12.3.LTS</banner>
   <copyright>Copyright (c) 1996-2015 Texas Instruments Incorporated</copyright>
   <link_time>0x586366c4</link_time>
   <link_errors>0x0</link_errors>
   <output_file>CardReader.out</output_file>
   <entry_point>
      <name>_c_int00</name>
      <address>0x2000f701</address>
   </entry_point>
   <input_file_list>
      <input_file id="fl-2">
         <path>.\</path>
         <kind>object</kind>
         <file>HttpFile.obj</file>
         <name>HttpFile.obj</name>
      </input_file>
      <input_file id="fl-3">
         <path>.\</path>
         <kind>object</kind>
         <file>MFRC522.obj</file>
         <name>MFRC522.obj</name>
      </input_file>
      <input_file id="fl-4">
         <path>.\</path>
         <kind>object</kind>
         <file>gpio_if.obj</file>
         <name>gpio_if.obj</name>
      </input_file>
      <input_file id="fl-5">
         <path>.\</path>
         <kind>object</kind>
         <file>i2c_if.obj</file>
         <name>i2c_if.obj</name>
      </input_file>
      <input_file id="fl-6">
         <path>.\</path>
         <kind>object</kind>
         <file>lcd.obj</file>
         <name>lcd.obj</name>
      </input_file>
      <input_file id="fl-7">
         <path>.\</path>
         <kind>object</kind>
         <file>network_common.obj</file>
         <name>network_common.obj</name>
      </input_file>
      <input_file id="fl-8">
         <path>.\</path>
         <kind>object</kind>
         <file>pinmux.obj</file>
         <name>pinmux.obj</name>
      </input_file>
      <input_file id="fl-9">
         <path>.\</path>
         <kind>object</kind>
         <file>startup_ccs.obj</file>
         <name>startup_ccs.obj</name>
      </input_file>
      <input_file id="fl-a">
         <path>.\</path>
         <kind>object</kind>
         <file>timer_if.obj</file>
         <name>timer_if.obj</name>
      </input_file>
      <input_file id="fl-b">
         <path>.\</path>
         <kind>object</kind>
         <file>uart_if.obj</file>
         <name>uart_if.obj</name>
      </input_file>
      <input_file id="fl-c9">
         <path>C:\ti\ccsv6\tools\compiler\arm_15.12.3.LTS\lib\</path>
         <kind>archive</kind>
         <file>rtsv7M4_T_le_eabi.lib</file>
         <name>boot.obj</name>
      </input_file>
      <input_file id="fl-ca">
         <path>C:\ti\ccsv6\tools\compiler\arm_15.12.3.LTS\lib\</path>
         <kind>archive</kind>
         <file>rtsv7M4_T_le_eabi.lib</file>
         <name>copy_decompress_none.obj</name>
      </input_file>
      <input_file id="fl-cb">
         <path>C:\ti\ccsv6\tools\compiler\arm_15.12.3.LTS\lib\</path>
         <kind>archive</kind>
         <file>rtsv7M4_T_le_eabi.lib</file>
         <name>copy_decompress_rle.obj</name>
      </input_file>
      <input_file id="fl-cc">
         <path>C:\ti\ccsv6\tools\compiler\arm_15.12.3.LTS\lib\</path>
         <kind>archive</kind>
         <file>rtsv7M4_T_le_eabi.lib</file>
         <name>copy_zero_init.obj</name>
      </input_file>
      <input_file id="fl-cd">
         <path>C:\ti\ccsv6\tools\compiler\arm_15.12.3.LTS\lib\</path>
         <kind>archive</kind>
         <file>rtsv7M4_T_le_eabi.lib</file>
         <name>exit.obj</name>
      </input_file>
      <input_file id="fl-ce">
         <path>C:\ti\ccsv6\tools\compiler\arm_15.12.3.LTS\lib\</path>
         <kind>archive</kind>
         <file>rtsv7M4_T_le_eabi.lib</file>
         <name>memcpy_t2.obj</name>
      </input_file>
      <input_file id="fl-cf">
         <path>C:\ti\ccsv6\tools\compiler\arm_15.12.3.LTS\lib\</path>
         <kind>archive</kind>
         <file>rtsv7M4_T_le_eabi.lib</file>
         <name>memmov.obj</name>
      </input_file>
      <input_file id="fl-d0">
         <path>C:\ti\ccsv6\tools\compiler\arm_15.12.3.LTS\lib\</path>
         <kind>archive</kind>
         <file>rtsv7M4_T_le_eabi.lib</file>
         <name>memory.obj</name>
      </input_file>
      <input_file id="fl-d1">
         <path>C:\ti\ccsv6\tools\compiler\arm_15.12.3.LTS\lib\</path>
         <kind>archive</kind>
         <file>rtsv7M4_T_le_eabi.lib</file>
         <name>memset_t2.obj</name>
      </input_file>
      <input_file id="fl-d2">
         <path>C:\ti\ccsv6\tools\compiler\arm_15.12.3.LTS\lib\</path>
         <kind>archive</kind>
         <file>rtsv7M4_T_le_eabi.lib</file>
         <name>mpu_init.obj</name>
      </input_file>
      <input_file id="fl-d3">
         <path>C:\ti\ccsv6\tools\compiler\arm_15.12.3.LTS\lib\</path>
         <kind>archive</kind>
         <file>rtsv7M4_T_le_eabi.lib</file>
         <name>pre_init.obj</name>
      </input_file>
      <input_file id="fl-d4">
         <path>C:\ti\ccsv6\tools\compiler\arm_15.12.3.LTS\lib\</path>
         <kind>archive</kind>
         <file>rtsv7M4_T_le_eabi.lib</file>
         <name>sprintf.obj</name>
      </input_file>
      <input_file id="fl-d5">
         <path>C:\ti\ccsv6\tools\compiler\arm_15.12.3.LTS\lib\</path>
         <kind>archive</kind>
         <file>rtsv7M4_T_le_eabi.lib</file>
         <name>stkdepth_vars.obj</name>
      </input_file>
      <input_file id="fl-d6">
         <path>C:\ti\ccsv6\tools\compiler\arm_15.12.3.LTS\lib\</path>
         <kind>archive</kind>
         <file>rtsv7M4_T_le_eabi.lib</file>
         <name>strlen.obj</name>
      </input_file>
      <input_file id="fl-d7">
         <path>C:\ti\ccsv6\tools\compiler\arm_15.12.3.LTS\lib\</path>
         <kind>archive</kind>
         <file>rtsv7M4_T_le_eabi.lib</file>
         <name>strncmp.obj</name>
      </input_file>
      <input_file id="fl-d8">
         <path>C:\ti\ccsv6\tools\compiler\arm_15.12.3.LTS\lib\</path>
         <kind>archive</kind>
         <file>rtsv7M4_T_le_eabi.lib</file>
         <name>strtoul.obj</name>
      </input_file>
      <input_file id="fl-d9">
         <path>C:\ti\ccsv6\tools\compiler\arm_15.12.3.LTS\lib\</path>
         <kind>archive</kind>
         <file>rtsv7M4_T_le_eabi.lib</file>
         <name>vsnprintf.obj</name>
      </input_file>
      <input_file id="fl-da">
         <path>C:\ti\ccsv6\tools\compiler\arm_15.12.3.LTS\lib\</path>
         <kind>archive</kind>
         <file>rtsv7M4_T_le_eabi.lib</file>
         <name>_lock.obj</name>
      </input_file>
      <input_file id="fl-db">
         <path>C:\ti\ccsv6\tools\compiler\arm_15.12.3.LTS\lib\</path>
         <kind>archive</kind>
         <file>rtsv7M4_T_le_eabi.lib</file>
         <name>_printfi.obj</name>
      </input_file>
      <input_file id="fl-dc">
         <path>C:\ti\ccsv6\tools\compiler\arm_15.12.3.LTS\lib\</path>
         <kind>archive</kind>
         <file>rtsv7M4_T_le_eabi.lib</file>
         <name>args_main.obj</name>
      </input_file>
      <input_file id="fl-dd">
         <path>C:\ti\ccsv6\tools\compiler\arm_15.12.3.LTS\lib\</path>
         <kind>archive</kind>
         <file>rtsv7M4_T_le_eabi.lib</file>
         <name>atoi.obj</name>
      </input_file>
      <input_file id="fl-de">
         <path>C:\ti\ccsv6\tools\compiler\arm_15.12.3.LTS\lib\</path>
         <kind>archive</kind>
         <file>rtsv7M4_T_le_eabi.lib</file>
         <name>autoinit.obj</name>
      </input_file>
      <input_file id="fl-df">
         <path>C:\ti\ccsv6\tools\compiler\arm_15.12.3.LTS\lib\</path>
         <kind>archive</kind>
         <file>rtsv7M4_T_le_eabi.lib</file>
         <name>cpy_tbl.obj</name>
      </input_file>
      <input_file id="fl-e0">
         <path>C:\ti\ccsv6\tools\compiler\arm_15.12.3.LTS\lib\</path>
         <kind>archive</kind>
         <file>rtsv7M4_T_le_eabi.lib</file>
         <name>ctype.obj</name>
      </input_file>
      <input_file id="fl-e1">
         <path>C:\ti\ccsv6\tools\compiler\arm_15.12.3.LTS\lib\</path>
         <kind>archive</kind>
         <file>rtsv7M4_T_le_eabi.lib</file>
         <name>errno.obj</name>
      </input_file>
      <input_file id="fl-e2">
         <path>C:\ti\ccsv6\tools\compiler\arm_15.12.3.LTS\lib\</path>
         <kind>archive</kind>
         <file>rtsv7M4_T_le_eabi.lib</file>
         <name>fd_add_t2.obj</name>
      </input_file>
      <input_file id="fl-e3">
         <path>C:\ti\ccsv6\tools\compiler\arm_15.12.3.LTS\lib\</path>
         <kind>archive</kind>
         <file>rtsv7M4_T_le_eabi.lib</file>
         <name>fd_cmp_t2.obj</name>
      </input_file>
      <input_file id="fl-e4">
         <path>C:\ti\ccsv6\tools\compiler\arm_15.12.3.LTS\lib\</path>
         <kind>archive</kind>
         <file>rtsv7M4_T_le_eabi.lib</file>
         <name>fd_div_t2.obj</name>
      </input_file>
      <input_file id="fl-e5">
         <path>C:\ti\ccsv6\tools\compiler\arm_15.12.3.LTS\lib\</path>
         <kind>archive</kind>
         <file>rtsv7M4_T_le_eabi.lib</file>
         <name>fd_mul_t2.obj</name>
      </input_file>
      <input_file id="fl-e6">
         <path>C:\ti\ccsv6\tools\compiler\arm_15.12.3.LTS\lib\</path>
         <kind>archive</kind>
         <file>rtsv7M4_T_le_eabi.lib</file>
         <name>fd_toi_t2.obj</name>
      </input_file>
      <input_file id="fl-e7">
         <path>C:\ti\ccsv6\tools\compiler\arm_15.12.3.LTS\lib\</path>
         <kind>archive</kind>
         <file>rtsv7M4_T_le_eabi.lib</file>
         <name>i_tofd_t2.obj</name>
      </input_file>
      <input_file id="fl-e8">
         <path>C:\ti\ccsv6\tools\compiler\arm_15.12.3.LTS\lib\</path>
         <kind>archive</kind>
         <file>rtsv7M4_T_le_eabi.lib</file>
         <name>ltoa.obj</name>
      </input_file>
      <input_file id="fl-e9">
         <path>C:\ti\ccsv6\tools\compiler\arm_15.12.3.LTS\lib\</path>
         <kind>archive</kind>
         <file>rtsv7M4_T_le_eabi.lib</file>
         <name>memccpy.obj</name>
      </input_file>
      <input_file id="fl-ea">
         <path>C:\ti\ccsv6\tools\compiler\arm_15.12.3.LTS\lib\</path>
         <kind>archive</kind>
         <file>rtsv7M4_T_le_eabi.lib</file>
         <name>s_frexp.obj</name>
      </input_file>
      <input_file id="fl-eb">
         <path>C:\ti\ccsv6\tools\compiler\arm_15.12.3.LTS\lib\</path>
         <kind>archive</kind>
         <file>rtsv7M4_T_le_eabi.lib</file>
         <name>s_scalbn.obj</name>
      </input_file>
      <input_file id="fl-ec">
         <path>C:\ti\ccsv6\tools\compiler\arm_15.12.3.LTS\lib\</path>
         <kind>archive</kind>
         <file>rtsv7M4_T_le_eabi.lib</file>
         <name>startup.obj</name>
      </input_file>
      <input_file id="fl-ed">
         <path>C:\ti\ccsv6\tools\compiler\arm_15.12.3.LTS\lib\</path>
         <kind>archive</kind>
         <file>rtsv7M4_T_le_eabi.lib</file>
         <name>strchr.obj</name>
      </input_file>
      <input_file id="fl-ee">
         <path>C:\ti\ccsv6\tools\compiler\arm_15.12.3.LTS\lib\</path>
         <kind>archive</kind>
         <file>rtsv7M4_T_le_eabi.lib</file>
         <name>ull_div_t2.obj</name>
      </input_file>
      <input_file id="fl-ef">
         <path>C:\ti\ccsv6\tools\compiler\arm_15.12.3.LTS\lib\</path>
         <kind>archive</kind>
         <file>rtsv7M4_T_le_eabi.lib</file>
         <name>s_copysign.obj</name>
      </input_file>
      <input_file id="fl-f0">
         <path>C:\ti\CC3200SDK_1.2.0\cc3200-sdk\driverlib\ccs\Release\</path>
         <kind>archive</kind>
         <file>driverlib.a</file>
         <name>gpio.obj</name>
      </input_file>
      <input_file id="fl-f1">
         <path>C:\ti\CC3200SDK_1.2.0\cc3200-sdk\driverlib\ccs\Release\</path>
         <kind>archive</kind>
         <file>driverlib.a</file>
         <name>i2c.obj</name>
      </input_file>
      <input_file id="fl-f2">
         <path>C:\ti\CC3200SDK_1.2.0\cc3200-sdk\driverlib\ccs\Release\</path>
         <kind>archive</kind>
         <file>driverlib.a</file>
         <name>interrupt.obj</name>
      </input_file>
      <input_file id="fl-f3">
         <path>C:\ti\CC3200SDK_1.2.0\cc3200-sdk\driverlib\ccs\Release\</path>
         <kind>archive</kind>
         <file>driverlib.a</file>
         <name>pin.obj</name>
      </input_file>
      <input_file id="fl-f4">
         <path>C:\ti\CC3200SDK_1.2.0\cc3200-sdk\driverlib\ccs\Release\</path>
         <kind>archive</kind>
         <file>driverlib.a</file>
         <name>prcm.obj</name>
      </input_file>
      <input_file id="fl-f5">
         <path>C:\ti\CC3200SDK_1.2.0\cc3200-sdk\driverlib\ccs\Release\</path>
         <kind>archive</kind>
         <file>driverlib.a</file>
         <name>spi.obj</name>
      </input_file>
      <input_file id="fl-f6">
         <path>C:\ti\CC3200SDK_1.2.0\cc3200-sdk\driverlib\ccs\Release\</path>
         <kind>archive</kind>
         <file>driverlib.a</file>
         <name>timer.obj</name>
      </input_file>
      <input_file id="fl-f7">
         <path>C:\ti\CC3200SDK_1.2.0\cc3200-sdk\driverlib\ccs\Release\</path>
         <kind>archive</kind>
         <file>driverlib.a</file>
         <name>uart.obj</name>
      </input_file>
      <input_file id="fl-f8">
         <path>C:\ti\CC3200SDK_1.2.0\cc3200-sdk\driverlib\ccs\Release\</path>
         <kind>archive</kind>
         <file>driverlib.a</file>
         <name>utils.obj</name>
      </input_file>
      <input_file id="fl-f9">
         <path>C:\ti\CC3200SDK_1.2.0\cc3200-sdk\driverlib\ccs\Release\</path>
         <kind>archive</kind>
         <file>driverlib.a</file>
         <name>cpu.obj</name>
      </input_file>
      <input_file id="fl-fa">
         <path>C:\ti\CC3200SDK_1.2.0\cc3200-sdk\driverlib\ccs\Release\</path>
         <kind>archive</kind>
         <file>driverlib.a</file>
         <name>flash.obj</name>
      </input_file>
      <input_file id="fl-fb">
         <path>C:\ti\CC3200SDK_1.2.0\cc3200-sdk\simplelink\ccs\NON_OS\</path>
         <kind>archive</kind>
         <file>simplelink.a</file>
         <name>device.obj</name>
      </input_file>
      <input_file id="fl-fc">
         <path>C:\ti\CC3200SDK_1.2.0\cc3200-sdk\simplelink\ccs\NON_OS\</path>
         <kind>archive</kind>
         <file>simplelink.a</file>
         <name>driver.obj</name>
      </input_file>
      <input_file id="fl-fd">
         <path>C:\ti\CC3200SDK_1.2.0\cc3200-sdk\simplelink\ccs\NON_OS\</path>
         <kind>archive</kind>
         <file>simplelink.a</file>
         <name>netapp.obj</name>
      </input_file>
      <input_file id="fl-fe">
         <path>C:\ti\CC3200SDK_1.2.0\cc3200-sdk\simplelink\ccs\NON_OS\</path>
         <kind>archive</kind>
         <file>simplelink.a</file>
         <name>netcfg.obj</name>
      </input_file>
      <input_file id="fl-ff">
         <path>C:\ti\CC3200SDK_1.2.0\cc3200-sdk\simplelink\ccs\NON_OS\</path>
         <kind>archive</kind>
         <file>simplelink.a</file>
         <name>nonos.obj</name>
      </input_file>
      <input_file id="fl-100">
         <path>C:\ti\CC3200SDK_1.2.0\cc3200-sdk\simplelink\ccs\NON_OS\</path>
         <kind>archive</kind>
         <file>simplelink.a</file>
         <name>socket.obj</name>
      </input_file>
      <input_file id="fl-101">
         <path>C:\ti\CC3200SDK_1.2.0\cc3200-sdk\simplelink\ccs\NON_OS\</path>
         <kind>archive</kind>
         <file>simplelink.a</file>
         <name>wlan.obj</name>
      </input_file>
      <input_file id="fl-102">
         <path>C:\ti\CC3200SDK_1.2.0\cc3200-sdk\simplelink\ccs\NON_OS\</path>
         <kind>archive</kind>
         <file>simplelink.a</file>
         <name>cc_pal.obj</name>
      </input_file>
      <input_file id="fl-103">
         <path>C:\ti\CC3200SDK_1.2.0\cc3200-sdk\netapps\json\ccs\Release\</path>
         <kind>archive</kind>
         <file>json.a</file>
         <name>jsmn.obj</name>
      </input_file>
      <input_file id="fl-104">
         <path>C:\ti\CC3200SDK_1.2.0\cc3200-sdk\netapps\http\client\ccs\HTTPClientMinLib\</path>
         <kind>archive</kind>
         <file>webclient.a</file>
         <name>httpcli.obj</name>
      </input_file>
      <input_file id="fl-105">
         <path>C:\ti\CC3200SDK_1.2.0\cc3200-sdk\netapps\http\client\ccs\HTTPClientMinLib\</path>
         <kind>archive</kind>
         <file>webclient.a</file>
         <name>ssock.obj</name>
      </input_file>
      <input_file id="fl-106">
         <path>C:\ti\ccsv6\tools\compiler\arm_15.12.3.LTS\lib\</path>
         <kind>archive</kind>
         <file>rtsv7M4_T_le_eabi.lib</file>
         <name>strcmp.obj</name>
      </input_file>
      <input_file id="fl-107">
         <path>C:\ti\ccsv6\tools\compiler\arm_15.12.3.LTS\lib\</path>
         <kind>archive</kind>
         <file>rtsv7M4_T_le_eabi.lib</file>
         <name>strcpy.obj</name>
      </input_file>
      <input_file id="fl-108">
         <path>C:\ti\CC3200SDK_1.2.0\cc3200-sdk\driverlib\ccs\Release\</path>
         <kind>archive</kind>
         <file>driverlib.a</file>
         <name>udma.obj</name>
      </input_file>
   </input_file_list>
   <object_component_list>
      <object_component id="oc-f">
         <name>.intvecs</name>
         <load_address>0x20004000</load_address>
         <run_address>0x20004000</run_address>
         <size>0x400</size>
         <input_file_ref idref="fl-9"/>
      </object_component>
      <object_component id="oc-166">
         <name>.text</name>
         <load_address>0x20004400</load_address>
         <run_address>0x20004400</run_address>
         <size>0x13e8</size>
         <input_file_ref idref="fl-2"/>
      </object_component>
      <object_component id="oc-ac">
         <name>.text</name>
         <load_address>0x200057e8</load_address>
         <run_address>0x200057e8</run_address>
         <size>0x13e0</size>
         <input_file_ref idref="fl-3"/>
      </object_component>
      <object_component id="oc-388">
         <name>.text</name>
         <load_address>0x20006bc8</load_address>
         <run_address>0x20006bc8</run_address>
         <size>0x10fc</size>
         <input_file_ref idref="fl-db"/>
      </object_component>
      <object_component id="oc-31d">
         <name>.text</name>
         <load_address>0x20007cc4</load_address>
         <run_address>0x20007cc4</run_address>
         <size>0xfc4</size>
         <input_file_ref idref="fl-104"/>
      </object_component>
      <object_component id="oc-32c">
         <name>.text</name>
         <load_address>0x20008c88</load_address>
         <run_address>0x20008c88</run_address>
         <size>0x5f0</size>
         <input_file_ref idref="fl-103"/>
      </object_component>
      <object_component id="oc-79e">
         <name>.text:_SlDrvMsgRead</name>
         <load_address>0x20009278</load_address>
         <run_address>0x20009278</run_address>
         <size>0x590</size>
         <input_file_ref idref="fl-fc"/>
      </object_component>
      <object_component id="oc-1be">
         <name>.text</name>
         <load_address>0x20009808</load_address>
         <run_address>0x20009808</run_address>
         <size>0x3dc</size>
         <input_file_ref idref="fl-d0"/>
      </object_component>
      <object_component id="oc-e5">
         <name>.text</name>
         <load_address>0x20009be4</load_address>
         <run_address>0x20009be4</run_address>
         <size>0x2ec</size>
         <input_file_ref idref="fl-6"/>
      </object_component>
      <object_component id="oc-506">
         <name>.text</name>
         <load_address>0x20009ed0</load_address>
         <run_address>0x20009ed0</run_address>
         <size>0x2ea</size>
         <input_file_ref idref="fl-105"/>
      </object_component>
      <object_component id="oc-5fc">
         <name>.text:IntDefaultHandler</name>
         <load_address>0x2000a1ba</load_address>
         <run_address>0x2000a1ba</run_address>
         <size>0x2</size>
         <input_file_ref idref="fl-f2"/>
      </object_component>
      <object_component id="oc-1d3">
         <name>.text</name>
         <load_address>0x2000a1bc</load_address>
         <run_address>0x2000a1bc</run_address>
         <size>0x290</size>
         <input_file_ref idref="fl-5"/>
      </object_component>
      <object_component id="oc-df">
         <name>.text</name>
         <load_address>0x2000a44c</load_address>
         <run_address>0x2000a44c</run_address>
         <size>0x280</size>
         <input_file_ref idref="fl-b"/>
      </object_component>
      <object_component id="oc-317">
         <name>.text:sl_WlanConnect</name>
         <load_address>0x2000a6cc</load_address>
         <run_address>0x2000a6cc</run_address>
         <size>0x260</size>
         <input_file_ref idref="fl-101"/>
      </object_component>
      <object_component id="oc-806">
         <name>.text:_SlDrvRxHdrRead</name>
         <load_address>0x2000a92c</load_address>
         <run_address>0x2000a92c</run_address>
         <size>0x1fc</size>
         <input_file_ref idref="fl-fc"/>
      </object_component>
      <object_component id="oc-586">
         <name>.text</name>
         <load_address>0x2000ab28</load_address>
         <run_address>0x2000ab28</run_address>
         <size>0x1f4</size>
         <input_file_ref idref="fl-ee"/>
      </object_component>
      <object_component id="oc-7c3">
         <name>.text:_SlDrvDataReadOp</name>
         <load_address>0x2000ad1c</load_address>
         <run_address>0x2000ad1c</run_address>
         <size>0x1e4</size>
         <input_file_ref idref="fl-fc"/>
      </object_component>
      <object_component id="oc-476">
         <name>.text:_SlDrvReleasePoolObj</name>
         <load_address>0x2000af00</load_address>
         <run_address>0x2000af00</run_address>
         <size>0x1d0</size>
         <input_file_ref idref="fl-fc"/>
      </object_component>
      <object_component id="oc-5af">
         <name>.text</name>
         <load_address>0x2000b0d0</load_address>
         <run_address>0x2000b0d0</run_address>
         <size>0x1b6</size>
         <input_file_ref idref="fl-e2"/>
      </object_component>
      <object_component id="oc-5b">
         <name>.text</name>
         <load_address>0x2000b286</load_address>
         <run_address>0x2000b286</run_address>
         <size>0x2</size>
         <input_file_ref idref="fl-d2"/>
      </object_component>
      <object_component id="oc-44c">
         <name>.text:_SlDrvDriverCBInit</name>
         <load_address>0x2000b288</load_address>
         <run_address>0x2000b288</run_address>
         <size>0x1b4</size>
         <input_file_ref idref="fl-fc"/>
      </object_component>
      <object_component id="oc-6ac">
         <name>.text:_SlDrvMsgWrite</name>
         <load_address>0x2000b43c</load_address>
         <run_address>0x2000b43c</run_address>
         <size>0x19c</size>
         <input_file_ref idref="fl-fc"/>
      </object_component>
      <object_component id="oc-14e">
         <name>.text</name>
         <load_address>0x2000b5d8</load_address>
         <run_address>0x2000b5d8</run_address>
         <size>0x198</size>
         <input_file_ref idref="fl-a"/>
      </object_component>
      <object_component id="oc-560">
         <name>.text:_SlDrvWaitForPoolObj</name>
         <load_address>0x2000b770</load_address>
         <run_address>0x2000b770</run_address>
         <size>0x190</size>
         <input_file_ref idref="fl-fc"/>
      </object_component>
      <object_component id="oc-fd">
         <name>.text:PRCMCC3200MCUInit</name>
         <load_address>0x2000b900</load_address>
         <run_address>0x2000b900</run_address>
         <size>0x178</size>
         <input_file_ref idref="fl-f4"/>
      </object_component>
      <object_component id="oc-818">
         <name>.text:_SlFindAndSetActiveObj</name>
         <load_address>0x2000ba78</load_address>
         <run_address>0x2000ba78</run_address>
         <size>0x170</size>
         <input_file_ref idref="fl-fc"/>
      </object_component>
      <object_component id="oc-530">
         <name>.text:sl_Connect</name>
         <load_address>0x2000bbe8</load_address>
         <run_address>0x2000bbe8</run_address>
         <size>0x16c</size>
         <input_file_ref idref="fl-100"/>
      </object_component>
      <object_component id="oc-7d3">
         <name>.text:_SlDrvDataWriteOp</name>
         <load_address>0x2000bd54</load_address>
         <run_address>0x2000bd54</run_address>
         <size>0x150</size>
         <input_file_ref idref="fl-fc"/>
      </object_component>
      <object_component id="oc-452">
         <name>.text:spi_Open</name>
         <load_address>0x2000bea4</load_address>
         <run_address>0x2000bea4</run_address>
         <size>0x148</size>
         <input_file_ref idref="fl-102"/>
      </object_component>
      <object_component id="oc-595">
         <name>.text</name>
         <load_address>0x2000bfec</load_address>
         <run_address>0x2000bfec</run_address>
         <size>0x136</size>
         <input_file_ref idref="fl-e4"/>
      </object_component>
      <object_component id="oc-a4">
         <name>.text</name>
         <load_address>0x2000c122</load_address>
         <run_address>0x2000c122</run_address>
         <size>0x2</size>
         <input_file_ref idref="fl-ec"/>
      </object_component>
      <object_component id="oc-344">
         <name>.text:sl_NetAppDnsGetHostByName</name>
         <load_address>0x2000c124</load_address>
         <run_address>0x2000c124</run_address>
         <size>0x12c</size>
         <input_file_ref idref="fl-fd"/>
      </object_component>
      <object_component id="oc-6b2">
         <name>.text:_SlDrvMsgReadCmdCtx</name>
         <load_address>0x2000c250</load_address>
         <run_address>0x2000c250</run_address>
         <size>0x128</size>
         <input_file_ref idref="fl-fc"/>
      </object_component>
      <object_component id="oc-4b0">
         <name>.text:_SlDrvDriverCBDeinit</name>
         <load_address>0x2000c378</load_address>
         <run_address>0x2000c378</run_address>
         <size>0x124</size>
         <input_file_ref idref="fl-fc"/>
      </object_component>
      <object_component id="oc-6f2">
         <name>.text:sl_Send</name>
         <load_address>0x2000c49c</load_address>
         <run_address>0x2000c49c</run_address>
         <size>0x118</size>
         <input_file_ref idref="fl-100"/>
      </object_component>
      <object_component id="oc-334">
         <name>.text</name>
         <load_address>0x2000c5b4</load_address>
         <run_address>0x2000c5b4</run_address>
         <size>0x114</size>
         <input_file_ref idref="fl-d8"/>
      </object_component>
      <object_component id="oc-85b">
         <name>.text:_SlDrvNetAppEventHandler</name>
         <load_address>0x2000c6c8</load_address>
         <run_address>0x2000c6c8</run_address>
         <size>0x104</size>
         <input_file_ref idref="fl-fd"/>
      </object_component>
      <object_component id="oc-590">
         <name>.text</name>
         <load_address>0x2000c7cc</load_address>
         <run_address>0x2000c7cc</run_address>
         <size>0xfc</size>
         <input_file_ref idref="fl-e5"/>
      </object_component>
      <object_component id="oc-154">
         <name>.text</name>
         <load_address>0x2000c8c8</load_address>
         <run_address>0x2000c8c8</run_address>
         <size>0xf0</size>
         <input_file_ref idref="fl-8"/>
      </object_component>
      <object_component id="oc-812">
         <name>.text:spi_Read</name>
         <load_address>0x2000c9b8</load_address>
         <run_address>0x2000c9b8</run_address>
         <size>0xf0</size>
         <input_file_ref idref="fl-102"/>
      </object_component>
      <object_component id="oc-8e8">
         <name>.text:uDMAChannelTransferSet</name>
         <load_address>0x2000caa8</load_address>
         <run_address>0x2000caa8</run_address>
         <size>0xf0</size>
         <input_file_ref idref="fl-108"/>
      </object_component>
      <object_component id="oc-7a4">
         <name>.text:_SlAsyncEventGenericHandler</name>
         <load_address>0x2000cb98</load_address>
         <run_address>0x2000cb98</run_address>
         <size>0xe8</size>
         <input_file_ref idref="fl-fc"/>
      </object_component>
      <object_component id="oc-2d4">
         <name>.text:sl_Stop</name>
         <load_address>0x2000cc80</load_address>
         <run_address>0x2000cc80</run_address>
         <size>0xe4</size>
         <input_file_ref idref="fl-fb"/>
      </object_component>
      <object_component id="oc-2c2">
         <name>.text:sl_Start</name>
         <load_address>0x2000cd64</load_address>
         <run_address>0x2000cd64</run_address>
         <size>0xe0</size>
         <input_file_ref idref="fl-fb"/>
      </object_component>
      <object_component id="oc-80c">
         <name>.text:_SlDrvClassifyRxMsg</name>
         <load_address>0x2000ce44</load_address>
         <run_address>0x2000ce44</run_address>
         <size>0xdc</size>
         <input_file_ref idref="fl-fc"/>
      </object_component>
      <object_component id="oc-693">
         <name>.text:_SlDrvMsgReadSpawnCtx</name>
         <load_address>0x2000cf20</load_address>
         <run_address>0x2000cf20</run_address>
         <size>0xd4</size>
         <input_file_ref idref="fl-fc"/>
      </object_component>
      <object_component id="oc-220">
         <name>.text:SPITransfer32</name>
         <load_address>0x2000cff4</load_address>
         <run_address>0x2000cff4</run_address>
         <size>0xd0</size>
         <input_file_ref idref="fl-f5"/>
      </object_component>
      <object_component id="oc-5ba">
         <name>.text</name>
         <load_address>0x2000d0c4</load_address>
         <run_address>0x2000d0c4</run_address>
         <size>0xd0</size>
         <input_file_ref idref="fl-eb"/>
      </object_component>
      <object_component id="oc-21a">
         <name>.text:SPITransfer16</name>
         <load_address>0x2000d194</load_address>
         <run_address>0x2000d194</run_address>
         <size>0xce</size>
         <input_file_ref idref="fl-f5"/>
      </object_component>
      <object_component id="oc-8a6">
         <name>.text:_sl_HandleAsync_DnsGetHostByService</name>
         <load_address>0x2000d264</load_address>
         <run_address>0x2000d264</run_address>
         <size>0xcc</size>
         <input_file_ref idref="fl-fd"/>
      </object_component>
      <object_component id="oc-4eb">
         <name>.text:sl_NetAppMDNSRegisterUnregisterService</name>
         <load_address>0x2000d330</load_address>
         <run_address>0x2000d330</run_address>
         <size>0xc8</size>
         <input_file_ref idref="fl-fd"/>
      </object_component>
      <object_component id="oc-673">
         <name>.text:_SlRemoveFromList</name>
         <load_address>0x2000d3f8</load_address>
         <run_address>0x2000d3f8</run_address>
         <size>0xc4</size>
         <input_file_ref idref="fl-fc"/>
      </object_component>
      <object_component id="oc-49a">
         <name>.text:_SlDrvCmdOp</name>
         <load_address>0x2000d4bc</load_address>
         <run_address>0x2000d4bc</run_address>
         <size>0xc0</size>
         <input_file_ref idref="fl-fc"/>
      </object_component>
      <object_component id="oc-214">
         <name>.text:SPITransfer8</name>
         <load_address>0x2000d57c</load_address>
         <run_address>0x2000d57c</run_address>
         <size>0xb8</size>
         <input_file_ref idref="fl-f5"/>
      </object_component>
      <object_component id="oc-2da">
         <name>.text:sl_DevGet</name>
         <load_address>0x2000d634</load_address>
         <run_address>0x2000d634</run_address>
         <size>0xb4</size>
         <input_file_ref idref="fl-fb"/>
      </object_component>
      <object_component id="oc-40f">
         <name>.text:IntDisable</name>
         <load_address>0x2000d6e8</load_address>
         <run_address>0x2000d6e8</run_address>
         <size>0xa8</size>
         <input_file_ref idref="fl-f2"/>
      </object_component>
      <object_component id="oc-f7">
         <name>.text:IntEnable</name>
         <load_address>0x2000d790</load_address>
         <run_address>0x2000d790</run_address>
         <size>0xa8</size>
         <input_file_ref idref="fl-f2"/>
      </object_component>
      <object_component id="oc-66c">
         <name>.text:_SlDriverHandleError</name>
         <load_address>0x2000d838</load_address>
         <run_address>0x2000d838</run_address>
         <size>0xa4</size>
         <input_file_ref idref="fl-fc"/>
      </object_component>
      <object_component id="oc-11b">
         <name>.text:SPIConfigSetExpClk</name>
         <load_address>0x2000d8dc</load_address>
         <run_address>0x2000d8dc</run_address>
         <size>0xa0</size>
         <input_file_ref idref="fl-f5"/>
      </object_component>
      <object_component id="oc-36">
         <name>.text</name>
         <load_address>0x2000d97c</load_address>
         <run_address>0x2000d97c</run_address>
         <size>0x9c</size>
         <input_file_ref idref="fl-ce"/>
      </object_component>
      <object_component id="oc-88c">
         <name>.text:_SlDrvDeviceEventHandler</name>
         <load_address>0x2000da18</load_address>
         <run_address>0x2000da18</run_address>
         <size>0x9a</size>
         <input_file_ref idref="fl-fb"/>
      </object_component>
      <object_component id="oc-7ad">
         <name>.text:spi_Write</name>
         <load_address>0x2000dab4</load_address>
         <run_address>0x2000dab4</run_address>
         <size>0x98</size>
         <input_file_ref idref="fl-102"/>
      </object_component>
      <object_component id="oc-115">
         <name>.text:PRCMPeripheralClockGet</name>
         <load_address>0x2000db4c</load_address>
         <run_address>0x2000db4c</run_address>
         <size>0x94</size>
         <input_file_ref idref="fl-f4"/>
      </object_component>
      <object_component id="oc-8a0">
         <name>.text:_sl_HandleAsync_DnsGetHostByName</name>
         <load_address>0x2000dbe0</load_address>
         <run_address>0x2000dbe0</run_address>
         <size>0x90</size>
         <input_file_ref idref="fl-fd"/>
      </object_component>
      <object_component id="oc-861">
         <name>.text:_sl_HandleAsync_PingResponse</name>
         <load_address>0x2000dc70</load_address>
         <run_address>0x2000dc70</run_address>
         <size>0x90</size>
         <input_file_ref idref="fl-fd"/>
      </object_component>
      <object_component id="oc-868">
         <name>.text:SetupDMAReceive</name>
         <load_address>0x2000dd00</load_address>
         <run_address>0x2000dd00</run_address>
         <size>0x8c</size>
         <input_file_ref idref="fl-102"/>
      </object_component>
      <object_component id="oc-823">
         <name>.text:SetupDMASend</name>
         <load_address>0x2000dd8c</load_address>
         <run_address>0x2000dd8c</run_address>
         <size>0x8c</size>
         <input_file_ref idref="fl-102"/>
      </object_component>
      <object_component id="oc-41f">
         <name>.text:PinConfigSet</name>
         <load_address>0x2000de18</load_address>
         <run_address>0x2000de18</run_address>
         <size>0x88</size>
         <input_file_ref idref="fl-f3"/>
      </object_component>
      <object_component id="oc-127">
         <name>.text:SPITransfer</name>
         <load_address>0x2000dea0</load_address>
         <run_address>0x2000dea0</run_address>
         <size>0x88</size>
         <input_file_ref idref="fl-f5"/>
      </object_component>
      <object_component id="oc-1a0">
         <name>.text</name>
         <load_address>0x2000df28</load_address>
         <run_address>0x2000df28</run_address>
         <size>0x88</size>
         <input_file_ref idref="fl-d9"/>
      </object_component>
      <object_component id="oc-6ec">
         <name>.text:sl_Recv</name>
         <load_address>0x2000dfb0</load_address>
         <run_address>0x2000dfb0</run_address>
         <size>0x88</size>
         <input_file_ref idref="fl-100"/>
      </object_component>
      <object_component id="oc-58b">
         <name>.text:__aeabi_cdcmple</name>
         <load_address>0x2000e038</load_address>
         <run_address>0x2000e038</run_address>
         <size>0x86</size>
         <input_file_ref idref="fl-e3"/>
      </object_component>
      <object_component id="oc-59a">
         <name>.text:__aeabi_cdrcmple</name>
         <load_address>0x2000e0be</load_address>
         <run_address>0x2000e0be</run_address>
         <size>0x86</size>
         <input_file_ref idref="fl-e3"/>
      </object_component>
      <object_component id="oc-3d9">
         <name>.text:I2CMasterInitExpClk</name>
         <load_address>0x2000e144</load_address>
         <run_address>0x2000e144</run_address>
         <size>0x84</size>
         <input_file_ref idref="fl-f1"/>
      </object_component>
      <object_component id="oc-8c8">
         <name>.text:_sl_HandleAsync_Connect</name>
         <load_address>0x2000e1c8</load_address>
         <run_address>0x2000e1c8</run_address>
         <size>0x80</size>
         <input_file_ref idref="fl-100"/>
      </object_component>
      <object_component id="oc-8f5">
         <name>.text:_sl_HandleAsync_InitComplete</name>
         <load_address>0x2000e248</load_address>
         <run_address>0x2000e248</run_address>
         <size>0x80</size>
         <input_file_ref idref="fl-fb"/>
      </object_component>
      <object_component id="oc-86e">
         <name>.text:spi_Read_CPU</name>
         <load_address>0x2000e2c8</load_address>
         <run_address>0x2000e2c8</run_address>
         <size>0x80</size>
         <input_file_ref idref="fl-102"/>
      </object_component>
      <object_component id="oc-82f">
         <name>.text:spi_Write_CPU</name>
         <load_address>0x2000e348</load_address>
         <run_address>0x2000e348</run_address>
         <size>0x80</size>
         <input_file_ref idref="fl-102"/>
      </object_component>
      <object_component id="oc-2f2">
         <name>.text:sl_NetCfgSet</name>
         <load_address>0x2000e3c8</load_address>
         <run_address>0x2000e3c8</run_address>
         <size>0x7c</size>
         <input_file_ref idref="fl-fe"/>
      </object_component>
      <object_component id="oc-515">
         <name>.text:sl_SetSockOpt</name>
         <load_address>0x2000e444</load_address>
         <run_address>0x2000e444</run_address>
         <size>0x7c</size>
         <input_file_ref idref="fl-100"/>
      </object_component>
      <object_component id="oc-2f8">
         <name>.text:sl_WlanSet</name>
         <load_address>0x2000e4c0</load_address>
         <run_address>0x2000e4c0</run_address>
         <size>0x7c</size>
         <input_file_ref idref="fl-101"/>
      </object_component>
      <object_component id="oc-4f">
         <name>.text</name>
         <load_address>0x2000e53c</load_address>
         <run_address>0x2000e53c</run_address>
         <size>0x7a</size>
         <input_file_ref idref="fl-d1"/>
      </object_component>
      <object_component id="oc-60e">
         <name>.text:_SlNonOsSemGet</name>
         <load_address>0x2000e5b8</load_address>
         <run_address>0x2000e5b8</run_address>
         <size>0x78</size>
         <input_file_ref idref="fl-ff"/>
      </object_component>
      <object_component id="oc-2e0">
         <name>.text:sl_WlanPolicySet</name>
         <load_address>0x2000e630</load_address>
         <run_address>0x2000e630</run_address>
         <size>0x78</size>
         <input_file_ref idref="fl-101"/>
      </object_component>
      <object_component id="oc-4aa">
         <name>.text:spi_Close</name>
         <load_address>0x2000e6a8</load_address>
         <run_address>0x2000e6a8</run_address>
         <size>0x78</size>
         <input_file_ref idref="fl-102"/>
      </object_component>
      <object_component id="oc-194">
         <name>.text:UARTConfigSetExpClk</name>
         <load_address>0x2000e720</load_address>
         <run_address>0x2000e720</run_address>
         <size>0x76</size>
         <input_file_ref idref="fl-f7"/>
      </object_component>
      <object_component id="oc-2c8">
         <name>.text:_SlNonOsMainLoopTask</name>
         <load_address>0x2000e798</load_address>
         <run_address>0x2000e798</run_address>
         <size>0x74</size>
         <input_file_ref idref="fl-ff"/>
      </object_component>
      <object_component id="oc-258">
         <name>.text:TimerIntRegister</name>
         <load_address>0x2000e80c</load_address>
         <run_address>0x2000e80c</run_address>
         <size>0x70</size>
         <input_file_ref idref="fl-f6"/>
      </object_component>
      <object_component id="oc-67">
         <name>.text</name>
         <load_address>0x2000e87c</load_address>
         <run_address>0x2000e87c</run_address>
         <size>0x70</size>
         <input_file_ref idref="fl-de"/>
      </object_component>
      <object_component id="oc-52a">
         <name>.text:sl_Socket</name>
         <load_address>0x2000e8ec</load_address>
         <run_address>0x2000e8ec</run_address>
         <size>0x70</size>
         <input_file_ref idref="fl-100"/>
      </object_component>
      <object_component id="oc-90d">
         <name>.text:_SlDrvCmdSend</name>
         <load_address>0x2000e95c</load_address>
         <run_address>0x2000e95c</run_address>
         <size>0x6c</size>
         <input_file_ref idref="fl-fc"/>
      </object_component>
      <object_component id="oc-8b2">
         <name>.text:_sl_NetAppSendTokenValue</name>
         <load_address>0x2000e9c8</load_address>
         <run_address>0x2000e9c8</run_address>
         <size>0x6c</size>
         <input_file_ref idref="fl-fd"/>
      </object_component>
      <object_component id="oc-307">
         <name>.text:sl_WlanRxFilterSet</name>
         <load_address>0x2000ea34</load_address>
         <run_address>0x2000ea34</run_address>
         <size>0x6c</size>
         <input_file_ref idref="fl-101"/>
      </object_component>
      <object_component id="oc-42">
         <name>.text</name>
         <load_address>0x2000eaa0</load_address>
         <run_address>0x2000eaa0</run_address>
         <size>0x6a</size>
         <input_file_ref idref="fl-cb"/>
      </object_component>
      <object_component id="oc-288">
         <name>.text:TimerIntUnregister</name>
         <load_address>0x2000eb0c</load_address>
         <run_address>0x2000eb0c</run_address>
         <size>0x68</size>
         <input_file_ref idref="fl-f6"/>
      </object_component>
      <object_component id="oc-68d">
         <name>.text:_SlNonOsSpawn</name>
         <load_address>0x2000eb74</load_address>
         <run_address>0x2000eb74</run_address>
         <size>0x64</size>
         <input_file_ref idref="fl-ff"/>
      </object_component>
      <object_component id="oc-8c2">
         <name>.text:_sl_HandleAsync_Accept</name>
         <load_address>0x2000ebd8</load_address>
         <run_address>0x2000ebd8</run_address>
         <size>0x64</size>
         <input_file_ref idref="fl-100"/>
      </object_component>
      <object_component id="oc-771">
         <name>.text:uDMAChannelAttributeDisable</name>
         <load_address>0x2000ec3c</load_address>
         <run_address>0x2000ec3c</run_address>
         <size>0x64</size>
         <input_file_ref idref="fl-108"/>
      </object_component>
      <object_component id="oc-8e2">
         <name>.text:uDMAChannelAttributeEnable</name>
         <load_address>0x2000eca0</load_address>
         <run_address>0x2000eca0</run_address>
         <size>0x64</size>
         <input_file_ref idref="fl-108"/>
      </object_component>
      <object_component id="oc-33b">
         <name>.text</name>
         <load_address>0x2000ed04</load_address>
         <run_address>0x2000ed04</run_address>
         <size>0x60</size>
         <input_file_ref idref="fl-d4"/>
      </object_component>
      <object_component id="oc-5b4">
         <name>.text</name>
         <load_address>0x2000ed64</load_address>
         <run_address>0x2000ed64</run_address>
         <size>0x5c</size>
         <input_file_ref idref="fl-ea"/>
      </object_component>
      <object_component id="oc-65e">
         <name>.text:IntPendClear</name>
         <load_address>0x2000edc0</load_address>
         <run_address>0x2000edc0</run_address>
         <size>0x58</size>
         <input_file_ref idref="fl-f2"/>
      </object_component>
      <object_component id="oc-160">
         <name>.text:PRCMPeripheralReset</name>
         <load_address>0x2000ee18</load_address>
         <run_address>0x2000ee18</run_address>
         <size>0x58</size>
         <input_file_ref idref="fl-f4"/>
      </object_component>
      <object_component id="oc-5a4">
         <name>.text</name>
         <load_address>0x2000ee70</load_address>
         <run_address>0x2000ee70</run_address>
         <size>0x56</size>
         <input_file_ref idref="fl-e8"/>
      </object_component>
      <object_component id="oc-252">
         <name>.text:IntPrioritySet</name>
         <load_address>0x2000eec8</load_address>
         <run_address>0x2000eec8</run_address>
         <size>0x54</size>
         <input_file_ref idref="fl-f2"/>
      </object_component>
      <object_component id="oc-488">
         <name>.text:_SlDrvRxIrqHandler</name>
         <load_address>0x2000ef1c</load_address>
         <run_address>0x2000ef1c</run_address>
         <size>0x54</size>
         <input_file_ref idref="fl-fc"/>
      </object_component>
      <object_component id="oc-8ce">
         <name>.text:_sl_HandleAsync_Select</name>
         <load_address>0x2000ef70</load_address>
         <run_address>0x2000ef70</run_address>
         <size>0x54</size>
         <input_file_ref idref="fl-100"/>
      </object_component>
      <object_component id="oc-73">
         <name>.text</name>
         <load_address>0x2000efc4</load_address>
         <run_address>0x2000efc4</run_address>
         <size>0x54</size>
         <input_file_ref idref="fl-cd"/>
      </object_component>
      <object_component id="oc-8d4">
         <name>.text:_sl_HandleAsync_Stop</name>
         <load_address>0x2000f018</load_address>
         <run_address>0x2000f018</run_address>
         <size>0x50</size>
         <input_file_ref idref="fl-fb"/>
      </object_component>
      <object_component id="oc-63d">
         <name>.text:SPIIntEnable</name>
         <load_address>0x2000f068</load_address>
         <run_address>0x2000f068</run_address>
         <size>0x4c</size>
         <input_file_ref idref="fl-f5"/>
      </object_component>
      <object_component id="oc-7b8">
         <name>.text:SPIIntNumberGet</name>
         <load_address>0x2000f0b4</load_address>
         <run_address>0x2000f0b4</run_address>
         <size>0x4c</size>
         <input_file_ref idref="fl-f5"/>
      </object_component>
      <object_component id="oc-458">
         <name>.text:_SlDrvProtectAsyncRespSetting</name>
         <load_address>0x2000f100</load_address>
         <run_address>0x2000f100</run_address>
         <size>0x4c</size>
         <input_file_ref idref="fl-fc"/>
      </object_component>
      <object_component id="oc-711">
         <name>.text:_sl_BuildAddress</name>
         <load_address>0x2000f14c</load_address>
         <run_address>0x2000f14c</run_address>
         <size>0x4c</size>
         <input_file_ref idref="fl-100"/>
      </object_component>
      <object_component id="oc-5c6">
         <name>.text</name>
         <load_address>0x2000f198</load_address>
         <run_address>0x2000f198</run_address>
         <size>0x4c</size>
         <input_file_ref idref="fl-dd"/>
      </object_component>
      <object_component id="oc-9e">
         <name>.text</name>
         <load_address>0x2000f1e4</load_address>
         <run_address>0x2000f1e4</run_address>
         <size>0x4c</size>
         <input_file_ref idref="fl-df"/>
      </object_component>
      <object_component id="oc-76b">
         <name>.text:uDMAChannelAssign</name>
         <load_address>0x2000f230</load_address>
         <run_address>0x2000f230</run_address>
         <size>0x4c</size>
         <input_file_ref idref="fl-108"/>
      </object_component>
      <object_component id="oc-78b">
         <name>.text:SPIIntClear</name>
         <load_address>0x2000f27c</load_address>
         <run_address>0x2000f27c</run_address>
         <size>0x48</size>
         <input_file_ref idref="fl-f5"/>
      </object_component>
      <object_component id="oc-4d6">
         <name>.text:_SlDrvBasicCmd</name>
         <load_address>0x2000f2c4</load_address>
         <run_address>0x2000f2c4</run_address>
         <size>0x48</size>
         <input_file_ref idref="fl-fc"/>
      </object_component>
      <object_component id="oc-59f">
         <name>.text</name>
         <load_address>0x2000f30c</load_address>
         <run_address>0x2000f30c</run_address>
         <size>0x48</size>
         <input_file_ref idref="fl-e6"/>
      </object_component>
      <object_component id="oc-2fe">
         <name>.text:sl_NetAppMDNSUnRegisterService</name>
         <load_address>0x2000f354</load_address>
         <run_address>0x2000f354</run_address>
         <size>0x48</size>
         <input_file_ref idref="fl-fd"/>
      </object_component>
      <object_component id="oc-77b">
         <name>.text:SPIDmaMaskGet</name>
         <load_address>0x2000f39c</load_address>
         <run_address>0x2000f39c</run_address>
         <size>0x44</size>
         <input_file_ref idref="fl-f5"/>
      </object_component>
      <object_component id="oc-246">
         <name>.text:TimerConfigure</name>
         <load_address>0x2000f3e0</load_address>
         <run_address>0x2000f3e0</run_address>
         <size>0x44</size>
         <input_file_ref idref="fl-f6"/>
      </object_component>
      <object_component id="oc-906">
         <name>.text:_SlDrvHandleHttpServerEvents</name>
         <load_address>0x2000f424</load_address>
         <run_address>0x2000f424</run_address>
         <size>0x44</size>
         <input_file_ref idref="fl-fc"/>
      </object_component>
      <object_component id="oc-470">
         <name>.text:_SlDrvSyncObjWaitTimeout</name>
         <load_address>0x2000f468</load_address>
         <run_address>0x2000f468</run_address>
         <size>0x44</size>
         <input_file_ref idref="fl-fc"/>
      </object_component>
      <object_component id="oc-87b">
         <name>.text:cc_SetupTransfer</name>
         <load_address>0x2000f4ac</load_address>
         <run_address>0x2000f4ac</run_address>
         <size>0x44</size>
         <input_file_ref idref="fl-102"/>
      </object_component>
      <object_component id="oc-536">
         <name>.text:sl_Close</name>
         <load_address>0x2000f4f0</load_address>
         <run_address>0x2000f4f0</run_address>
         <size>0x44</size>
         <input_file_ref idref="fl-100"/>
      </object_component>
      <object_component id="oc-2e6">
         <name>.text:sl_WlanProfileDel</name>
         <load_address>0x2000f534</load_address>
         <run_address>0x2000f534</run_address>
         <size>0x44</size>
         <input_file_ref idref="fl-101"/>
      </object_component>
      <object_component id="oc-2ce">
         <name>.text:sl_WlanSetMode</name>
         <load_address>0x2000f578</load_address>
         <run_address>0x2000f578</run_address>
         <size>0x44</size>
         <input_file_ref idref="fl-101"/>
      </object_component>
      <object_component id="oc-350">
         <name>.text:sl_Htonl</name>
         <load_address>0x2000f5bc</load_address>
         <run_address>0x2000f5bc</run_address>
         <size>0x42</size>
         <input_file_ref idref="fl-100"/>
      </object_component>
      <object_component id="oc-425">
         <name>.text:PinModeSet</name>
         <load_address>0x2000f600</load_address>
         <run_address>0x2000f600</run_address>
         <size>0x40</size>
         <input_file_ref idref="fl-f3"/>
      </object_component>
      <object_component id="oc-898">
         <name>.text:_SlDrvHandleNetAppEvents</name>
         <load_address>0x2000f640</load_address>
         <run_address>0x2000f640</run_address>
         <size>0x40</size>
         <input_file_ref idref="fl-fc"/>
      </object_component>
      <object_component id="oc-892">
         <name>.text:_SlDrvHandleWlanEvents</name>
         <load_address>0x2000f680</load_address>
         <run_address>0x2000f680</run_address>
         <size>0x40</size>
         <input_file_ref idref="fl-fc"/>
      </object_component>
      <object_component id="oc-7cd">
         <name>.text:_sl_TruncatePayloadByProtocol</name>
         <load_address>0x2000f6c0</load_address>
         <run_address>0x2000f6c0</run_address>
         <size>0x40</size>
         <input_file_ref idref="fl-100"/>
      </object_component>
      <object_component id="oc-24">
         <name>.text</name>
         <load_address>0x2000f700</load_address>
         <run_address>0x2000f700</run_address>
         <size>0x40</size>
         <input_file_ref idref="fl-c9"/>
      </object_component>
      <object_component id="oc-464">
         <name>.text:NwpRegisterInterruptHandler</name>
         <load_address>0x2000f740</load_address>
         <run_address>0x2000f740</run_address>
         <size>0x3e</size>
         <input_file_ref idref="fl-102"/>
      </object_component>
      <object_component id="oc-8b9">
         <name>.text:CopyPingResultsToReport</name>
         <load_address>0x2000f77e</load_address>
         <run_address>0x2000f77e</run_address>
         <size>0x3c</size>
         <input_file_ref idref="fl-fd"/>
      </object_component>
      <object_component id="oc-15a">
         <name>.text:PRCMPeripheralClkEnable</name>
         <load_address>0x2000f7bc</load_address>
         <run_address>0x2000f7bc</run_address>
         <size>0x3c</size>
         <input_file_ref idref="fl-f4"/>
      </object_component>
      <object_component id="oc-34a">
         <name>.text:sl_Htons</name>
         <load_address>0x2000f7f8</load_address>
         <run_address>0x2000f7f8</run_address>
         <size>0x3c</size>
         <input_file_ref idref="fl-100"/>
      </object_component>
      <object_component id="oc-8dc">
         <name>.text:uDMAChannelControlSet</name>
         <load_address>0x2000f834</load_address>
         <run_address>0x2000f834</run_address>
         <size>0x3c</size>
         <input_file_ref idref="fl-108"/>
      </object_component>
      <object_component id="oc-45e">
         <name>.text:NwpPowerOff</name>
         <load_address>0x2000f870</load_address>
         <run_address>0x2000f870</run_address>
         <size>0x38</size>
         <input_file_ref idref="fl-102"/>
      </object_component>
      <object_component id="oc-29c">
         <name>.text:GPIODirModeSet</name>
         <load_address>0x2000f8a8</load_address>
         <run_address>0x2000f8a8</run_address>
         <size>0x36</size>
         <input_file_ref idref="fl-f0"/>
      </object_component>
      <object_component id="oc-61f">
         <name>.text:PRCMPeripheralStatusGet</name>
         <load_address>0x2000f8e0</load_address>
         <run_address>0x2000f8e0</run_address>
         <size>0x34</size>
         <input_file_ref idref="fl-f4"/>
      </object_component>
      <object_component id="oc-637">
         <name>.text:SPIFIFOLevelSet</name>
         <load_address>0x2000f914</load_address>
         <run_address>0x2000f914</run_address>
         <size>0x34</size>
         <input_file_ref idref="fl-f5"/>
      </object_component>
      <object_component id="oc-296">
         <name>.text:PinTypeGPIO</name>
         <load_address>0x2000f948</load_address>
         <run_address>0x2000f948</run_address>
         <size>0x30</size>
         <input_file_ref idref="fl-f3"/>
      </object_component>
      <object_component id="oc-37a">
         <name>.text:UARTDisable</name>
         <load_address>0x2000f978</load_address>
         <run_address>0x2000f978</run_address>
         <size>0x30</size>
         <input_file_ref idref="fl-f7"/>
      </object_component>
      <object_component id="oc-5aa">
         <name>.text</name>
         <load_address>0x2000f9a8</load_address>
         <run_address>0x2000f9a8</run_address>
         <size>0x2e</size>
         <input_file_ref idref="fl-e7"/>
      </object_component>
      <object_component id="oc-3c1">
         <name>.text:I2CMasterErr</name>
         <load_address>0x2000f9d6</load_address>
         <run_address>0x2000f9d6</run_address>
         <size>0x2c</size>
         <input_file_ref idref="fl-f1"/>
      </object_component>
      <object_component id="oc-1f5">
         <name>.text:PRCMSysResetCauseGet</name>
         <load_address>0x2000fa04</load_address>
         <run_address>0x2000fa04</run_address>
         <size>0x2c</size>
         <input_file_ref idref="fl-f4"/>
      </object_component>
      <object_component id="oc-6a0">
         <name>.text:_SlDrvObjGlobalLockWaitForever</name>
         <load_address>0x2000fa30</load_address>
         <run_address>0x2000fa30</run_address>
         <size>0x2c</size>
         <input_file_ref idref="fl-fc"/>
      </object_component>
      <object_component id="oc-566">
         <name>.text:_SlDrvProtectionObjLockWaitForever</name>
         <load_address>0x2000fa5c</load_address>
         <run_address>0x2000fa5c</run_address>
         <size>0x2c</size>
         <input_file_ref idref="fl-fc"/>
      </object_component>
      <object_component id="oc-270">
         <name>.text:TimerLoadSet</name>
         <load_address>0x2000fa88</load_address>
         <run_address>0x2000fa88</run_address>
         <size>0x2a</size>
         <input_file_ref idref="fl-f6"/>
      </object_component>
      <object_component id="oc-24c">
         <name>.text:TimerPrescaleSet</name>
         <load_address>0x2000fab2</load_address>
         <run_address>0x2000fab2</run_address>
         <size>0x2a</size>
         <input_file_ref idref="fl-f6"/>
      </object_component>
      <object_component id="oc-207">
         <name>.text:PRCMPeripheralClkDisable</name>
         <load_address>0x2000fadc</load_address>
         <run_address>0x2000fadc</run_address>
         <size>0x28</size>
         <input_file_ref idref="fl-f4"/>
      </object_component>
      <object_component id="oc-6a6">
         <name>.text:_SlDrvGlobalObjUnLock</name>
         <load_address>0x2000fb04</load_address>
         <run_address>0x2000fb04</run_address>
         <size>0x28</size>
         <input_file_ref idref="fl-fc"/>
      </object_component>
      <object_component id="oc-56c">
         <name>.text:_SlDrvProtectionObjUnLock</name>
         <load_address>0x2000fb2c</load_address>
         <run_address>0x2000fb2c</run_address>
         <size>0x28</size>
         <input_file_ref idref="fl-fc"/>
      </object_component>
      <object_component id="oc-572">
         <name>.text:_SlDrvSyncObjWaitForever</name>
         <load_address>0x2000fb54</load_address>
         <run_address>0x2000fb54</run_address>
         <size>0x28</size>
         <input_file_ref idref="fl-fc"/>
      </object_component>
      <object_component id="oc-922">
         <name>.text</name>
         <load_address>0x2000fb7c</load_address>
         <run_address>0x2000fb7c</run_address>
         <size>0x26</size>
         <input_file_ref idref="fl-7"/>
      </object_component>
      <object_component id="oc-323">
         <name>.text</name>
         <load_address>0x2000fba2</load_address>
         <run_address>0x2000fba2</run_address>
         <size>0x26</size>
         <input_file_ref idref="fl-d7"/>
      </object_component>
      <object_component id="oc-649">
         <name>.text:DmaSpiSwIntHandler</name>
         <load_address>0x2000fbc8</load_address>
         <run_address>0x2000fbc8</run_address>
         <size>0x24</size>
         <input_file_ref idref="fl-102"/>
      </object_component>
      <object_component id="oc-415">
         <name>.text:IntUnregister</name>
         <load_address>0x2000fbec</load_address>
         <run_address>0x2000fbec</run_address>
         <size>0x24</size>
         <input_file_ref idref="fl-f2"/>
      </object_component>
      <object_component id="oc-380">
         <name>.text:UARTEnable</name>
         <load_address>0x2000fc10</load_address>
         <run_address>0x2000fc10</run_address>
         <size>0x24</size>
         <input_file_ref idref="fl-f7"/>
      </object_component>
      <object_component id="oc-83c">
         <name>.text:_SlDrvObjLockWaitForever</name>
         <load_address>0x2000fc34</load_address>
         <run_address>0x2000fc34</run_address>
         <size>0x24</size>
         <input_file_ref idref="fl-fc"/>
      </object_component>
      <object_component id="oc-1b8">
         <name>.text</name>
         <load_address>0x2000fc58</load_address>
         <run_address>0x2000fc58</run_address>
         <size>0x24</size>
         <input_file_ref idref="fl-cf"/>
      </object_component>
      <object_component id="oc-3c7">
         <name>.text:I2CMasterSlaveAddrSet</name>
         <load_address>0x2000fc7c</load_address>
         <run_address>0x2000fc7c</run_address>
         <size>0x22</size>
         <input_file_ref idref="fl-f1"/>
      </object_component>
      <object_component id="oc-10f">
         <name>.text:SPIReset</name>
         <load_address>0x2000fc9e</load_address>
         <run_address>0x2000fc9e</run_address>
         <size>0x22</size>
         <input_file_ref idref="fl-f5"/>
      </object_component>
      <object_component id="oc-829">
         <name>.text:SPIWordCountSet</name>
         <load_address>0x2000fcc0</load_address>
         <run_address>0x2000fcc0</run_address>
         <size>0x22</size>
         <input_file_ref idref="fl-f5"/>
      </object_component>
      <object_component id="oc-109">
         <name>.text:GPIOPinWrite</name>
         <load_address>0x2000fce2</load_address>
         <run_address>0x2000fce2</run_address>
         <size>0x20</size>
         <input_file_ref idref="fl-f0"/>
      </object_component>
      <object_component id="oc-400">
         <name>.text:IntRegister</name>
         <load_address>0x2000fd04</load_address>
         <run_address>0x2000fd04</run_address>
         <size>0x20</size>
         <input_file_ref idref="fl-f2"/>
      </object_component>
      <object_component id="oc-46a">
         <name>.text:NwpPowerOn</name>
         <load_address>0x2000fd24</load_address>
         <run_address>0x2000fd24</run_address>
         <size>0x20</size>
         <input_file_ref idref="fl-102"/>
      </object_component>
      <object_component id="oc-139">
         <name>.text:SPIDataGet</name>
         <load_address>0x2000fd44</load_address>
         <run_address>0x2000fd44</run_address>
         <size>0x20</size>
         <input_file_ref idref="fl-f5"/>
      </object_component>
      <object_component id="oc-842">
         <name>.text:_SlDrvObjUnLock</name>
         <load_address>0x2000fd64</load_address>
         <run_address>0x2000fd64</run_address>
         <size>0x20</size>
         <input_file_ref idref="fl-fc"/>
      </object_component>
      <object_component id="oc-679">
         <name>.text:_SlDrvSyncObjSignal</name>
         <load_address>0x2000fd84</load_address>
         <run_address>0x2000fd84</run_address>
         <size>0x20</size>
         <input_file_ref idref="fl-fc"/>
      </object_component>
      <object_component id="oc-2ec">
         <name>.text:sl_WlanDisconnect</name>
         <load_address>0x2000fda4</load_address>
         <run_address>0x2000fda4</run_address>
         <size>0x20</size>
         <input_file_ref idref="fl-101"/>
      </object_component>
      <object_component id="oc-3a9">
         <name>.text:I2CMasterIntStatusEx</name>
         <load_address>0x2000fdc4</load_address>
         <run_address>0x2000fdc4</run_address>
         <size>0x1e</size>
         <input_file_ref idref="fl-f1"/>
      </object_component>
      <object_component id="oc-133">
         <name>.text:SPIDataPut</name>
         <load_address>0x2000fde2</load_address>
         <run_address>0x2000fde2</run_address>
         <size>0x1e</size>
         <input_file_ref idref="fl-f5"/>
      </object_component>
      <object_component id="oc-27c">
         <name>.text:TimerDisable</name>
         <load_address>0x2000fe00</load_address>
         <run_address>0x2000fe00</run_address>
         <size>0x1e</size>
         <input_file_ref idref="fl-f6"/>
      </object_component>
      <object_component id="oc-276">
         <name>.text:TimerEnable</name>
         <load_address>0x2000fe1e</load_address>
         <run_address>0x2000fe1e</run_address>
         <size>0x1e</size>
         <input_file_ref idref="fl-f6"/>
      </object_component>
      <object_component id="oc-264">
         <name>.text:TimerIntStatus</name>
         <load_address>0x2000fe3c</load_address>
         <run_address>0x2000fe3c</run_address>
         <size>0x1e</size>
         <input_file_ref idref="fl-f6"/>
      </object_component>
      <object_component id="oc-19a">
         <name>.text:UARTCharPut</name>
         <load_address>0x2000fe5a</load_address>
         <run_address>0x2000fe5a</run_address>
         <size>0x1e</size>
         <input_file_ref idref="fl-f7"/>
      </object_component>
      <object_component id="oc-625">
         <name>.text:cc_UDMAChannelSelect</name>
         <load_address>0x2000fe78</load_address>
         <run_address>0x2000fe78</run_address>
         <size>0x1e</size>
         <input_file_ref idref="fl-102"/>
      </object_component>
      <object_component id="oc-2a8">
         <name>.text:PinTypeI2C</name>
         <load_address>0x2000fe96</load_address>
         <run_address>0x2000fe96</run_address>
         <size>0x1c</size>
         <input_file_ref idref="fl-f3"/>
      </object_component>
      <object_component id="oc-28e">
         <name>.text:TimerValueGet</name>
         <load_address>0x2000feb2</load_address>
         <run_address>0x2000feb2</run_address>
         <size>0x1c</size>
         <input_file_ref idref="fl-f6"/>
      </object_component>
      <object_component id="oc-1ac">
         <name>.text:UARTCharGetNonBlocking</name>
         <load_address>0x2000fece</load_address>
         <run_address>0x2000fece</run_address>
         <size>0x1c</size>
         <input_file_ref idref="fl-f7"/>
      </object_component>
      <object_component id="oc-5c0">
         <name>.text</name>
         <load_address>0x2000feea</load_address>
         <run_address>0x2000feea</run_address>
         <size>0x1c</size>
         <input_file_ref idref="fl-e9"/>
      </object_component>
      <object_component id="oc-8ee">
         <name>.text:uDMAChannelEnable</name>
         <load_address>0x2000ff08</load_address>
         <run_address>0x2000ff08</run_address>
         <size>0x1c</size>
         <input_file_ref idref="fl-108"/>
      </object_component>
      <object_component id="oc-2ae">
         <name>.text:PinTypeSPI</name>
         <load_address>0x2000ff24</load_address>
         <run_address>0x2000ff24</run_address>
         <size>0x1a</size>
         <input_file_ref idref="fl-f3"/>
      </object_component>
      <object_component id="oc-2a2">
         <name>.text:PinTypeUART</name>
         <load_address>0x2000ff3e</load_address>
         <run_address>0x2000ff3e</run_address>
         <size>0x1a</size>
         <input_file_ref idref="fl-f3"/>
      </object_component>
      <object_component id="oc-6c9">
         <name>.text:SPIDmaDisable</name>
         <load_address>0x2000ff58</load_address>
         <run_address>0x2000ff58</run_address>
         <size>0x1a</size>
         <input_file_ref idref="fl-f5"/>
      </object_component>
      <object_component id="oc-631">
         <name>.text:SPIDmaEnable</name>
         <load_address>0x2000ff72</load_address>
         <run_address>0x2000ff72</run_address>
         <size>0x1a</size>
         <input_file_ref idref="fl-f5"/>
      </object_component>
      <object_component id="oc-6c3">
         <name>.text:SPIFIFODisable</name>
         <load_address>0x2000ff8c</load_address>
         <run_address>0x2000ff8c</run_address>
         <size>0x1a</size>
         <input_file_ref idref="fl-f5"/>
      </object_component>
      <object_component id="oc-62b">
         <name>.text:SPIFIFOEnable</name>
         <load_address>0x2000ffa6</load_address>
         <run_address>0x2000ffa6</run_address>
         <size>0x1a</size>
         <input_file_ref idref="fl-f5"/>
      </object_component>
      <object_component id="oc-6bd">
         <name>.text:SPIIntUnregister</name>
         <load_address>0x2000ffc0</load_address>
         <run_address>0x2000ffc0</run_address>
         <size>0x1a</size>
         <input_file_ref idref="fl-f5"/>
      </object_component>
      <object_component id="oc-103">
         <name>.text:GPIOPinRead</name>
         <load_address>0x2000ffda</load_address>
         <run_address>0x2000ffda</run_address>
         <size>0x18</size>
         <input_file_ref idref="fl-f0"/>
      </object_component>
      <object_component id="oc-13f">
         <name>.text:SPICSDisable</name>
         <load_address>0x2000fff2</load_address>
         <run_address>0x2000fff2</run_address>
         <size>0x18</size>
         <input_file_ref idref="fl-f5"/>
      </object_component>
      <object_component id="oc-12d">
         <name>.text:SPICSEnable</name>
         <load_address>0x2001000a</load_address>
         <run_address>0x2001000a</run_address>
         <size>0x18</size>
         <input_file_ref idref="fl-f5"/>
      </object_component>
      <object_component id="oc-619">
         <name>.text:SPIDisable</name>
         <load_address>0x20010022</load_address>
         <run_address>0x20010022</run_address>
         <size>0x18</size>
         <input_file_ref idref="fl-f5"/>
      </object_component>
      <object_component id="oc-121">
         <name>.text:SPIEnable</name>
         <load_address>0x2001003a</load_address>
         <run_address>0x2001003a</run_address>
         <size>0x18</size>
         <input_file_ref idref="fl-f5"/>
      </object_component>
      <object_component id="oc-282">
         <name>.text:TimerIntDisable</name>
         <load_address>0x20010052</load_address>
         <run_address>0x20010052</run_address>
         <size>0x18</size>
         <input_file_ref idref="fl-f6"/>
      </object_component>
      <object_component id="oc-25e">
         <name>.text:TimerIntEnable</name>
         <load_address>0x2001006a</load_address>
         <run_address>0x2001006a</run_address>
         <size>0x18</size>
         <input_file_ref idref="fl-f6"/>
      </object_component>
      <object_component id="oc-1a6">
         <name>.text:UARTCharsAvail</name>
         <load_address>0x20010082</load_address>
         <run_address>0x20010082</run_address>
         <size>0x18</size>
         <input_file_ref idref="fl-f7"/>
      </object_component>
      <object_component id="oc-608">
         <name>.text:_SlNonOsSemSet</name>
         <load_address>0x2001009a</load_address>
         <run_address>0x2001009a</run_address>
         <size>0x18</size>
         <input_file_ref idref="fl-ff"/>
      </object_component>
      <object_component id="oc-47c">
         <name>.text:_sl_GetStartResponseConvert</name>
         <load_address>0x200100b4</load_address>
         <run_address>0x200100b4</run_address>
         <size>0x18</size>
         <input_file_ref idref="fl-fb"/>
      </object_component>
      <object_component id="oc-6d">
         <name>.text</name>
         <load_address>0x200100cc</load_address>
         <run_address>0x200100cc</run_address>
         <size>0x18</size>
         <input_file_ref idref="fl-dc"/>
      </object_component>
      <object_component id="oc-50c">
         <name>.text</name>
         <load_address>0x200100e4</load_address>
         <run_address>0x200100e4</run_address>
         <size>0x18</size>
         <input_file_ref idref="fl-106"/>
      </object_component>
      <object_component id="oc-3cd">
         <name>.text:I2CMasterDataPut</name>
         <load_address>0x200100fc</load_address>
         <run_address>0x200100fc</run_address>
         <size>0x16</size>
         <input_file_ref idref="fl-f1"/>
      </object_component>
      <object_component id="oc-5ea">
         <name>.text:I2CMasterEnable</name>
         <load_address>0x20010112</load_address>
         <run_address>0x20010112</run_address>
         <size>0x16</size>
         <input_file_ref idref="fl-f1"/>
      </object_component>
      <object_component id="oc-1fb">
         <name>.text:PRCMHIBRegRead</name>
         <load_address>0x20010128</load_address>
         <run_address>0x20010128</run_address>
         <size>0x16</size>
         <input_file_ref idref="fl-f4"/>
      </object_component>
      <object_component id="oc-201">
         <name>.text:PRCMHIBRegWrite</name>
         <load_address>0x2001013e</load_address>
         <run_address>0x2001013e</run_address>
         <size>0x16</size>
         <input_file_ref idref="fl-f4"/>
      </object_component>
      <object_component id="oc-311">
         <name>.text:UARTCharGet</name>
         <load_address>0x20010154</load_address>
         <run_address>0x20010154</run_address>
         <size>0x16</size>
         <input_file_ref idref="fl-f7"/>
      </object_component>
      <object_component id="oc-4fc">
         <name>.text:_SlDrvMemZero</name>
         <load_address>0x2001016a</load_address>
         <run_address>0x2001016a</run_address>
         <size>0x16</size>
         <input_file_ref idref="fl-fc"/>
      </object_component>
      <object_component id="oc-524">
         <name>.text</name>
         <load_address>0x20010180</load_address>
         <run_address>0x20010180</run_address>
         <size>0x16</size>
         <input_file_ref idref="fl-ed"/>
      </object_component>
      <object_component id="oc-1e5">
         <name>.text:CPUcpsie</name>
         <load_address>0x20010196</load_address>
         <run_address>0x20010196</run_address>
         <size>0x14</size>
         <input_file_ref idref="fl-f9"/>
      </object_component>
      <object_component id="oc-eb">
         <name>.text:IntVTableBaseSet</name>
         <load_address>0x200101ac</load_address>
         <run_address>0x200101ac</run_address>
         <size>0x14</size>
         <input_file_ref idref="fl-f2"/>
      </object_component>
      <object_component id="oc-181">
         <name>.text</name>
         <load_address>0x200101c0</load_address>
         <run_address>0x200101c0</run_address>
         <size>0x14</size>
         <input_file_ref idref="fl-da"/>
      </object_component>
      <object_component id="oc-51e">
         <name>.text</name>
         <load_address>0x200101d4</load_address>
         <run_address>0x200101d4</run_address>
         <size>0x14</size>
         <input_file_ref idref="fl-107"/>
      </object_component>
      <object_component id="oc-1b2">
         <name>.text</name>
         <load_address>0x200101e8</load_address>
         <run_address>0x200101e8</run_address>
         <size>0x14</size>
         <input_file_ref idref="fl-d6"/>
      </object_component>
      <object_component id="oc-3bb">
         <name>.text:I2CMasterControl</name>
         <load_address>0x200101fc</load_address>
         <run_address>0x200101fc</run_address>
         <size>0x12</size>
         <input_file_ref idref="fl-f1"/>
      </object_component>
      <object_component id="oc-3af">
         <name>.text:I2CMasterIntClearEx</name>
         <load_address>0x2001020e</load_address>
         <run_address>0x2001020e</run_address>
         <size>0x12</size>
         <input_file_ref idref="fl-f1"/>
      </object_component>
      <object_component id="oc-3b5">
         <name>.text:I2CMasterTimeoutSet</name>
         <load_address>0x20010220</load_address>
         <run_address>0x20010220</run_address>
         <size>0x12</size>
         <input_file_ref idref="fl-f1"/>
      </object_component>
      <object_component id="oc-26a">
         <name>.text:TimerIntClear</name>
         <load_address>0x20010232</load_address>
         <run_address>0x20010232</run_address>
         <size>0x12</size>
         <input_file_ref idref="fl-f6"/>
      </object_component>
      <object_component id="oc-8ac">
         <name>.text:_SlDrvDispatchHttpServerEvents</name>
         <load_address>0x20010244</load_address>
         <run_address>0x20010244</run_address>
         <size>0x10</size>
         <input_file_ref idref="fl-fc"/>
      </object_component>
      <object_component id="oc-3d3">
         <name>.text:I2CMasterDataGet</name>
         <load_address>0x20010254</load_address>
         <run_address>0x20010254</run_address>
         <size>0xe</size>
         <input_file_ref idref="fl-f1"/>
      </object_component>
      <object_component id="oc-4bf">
         <name>.text:_SlDrvResetCmdExt</name>
         <load_address>0x20010262</load_address>
         <run_address>0x20010262</run_address>
         <size>0xe</size>
         <input_file_ref idref="fl-fc"/>
      </object_component>
      <object_component id="oc-12">
         <name>.text:decompress:none</name>
         <load_address>0x20010270</load_address>
         <run_address>0x20010270</run_address>
         <size>0xe</size>
         <input_file_ref idref="fl-ca"/>
      </object_component>
      <object_component id="oc-2d">
         <name>.text</name>
         <load_address>0x2001027e</load_address>
         <run_address>0x2001027e</run_address>
         <size>0xe</size>
         <input_file_ref idref="fl-9"/>
      </object_component>
      <object_component id="oc-657">
         <name>.text:NwpMaskInterrupt</name>
         <load_address>0x2001028c</load_address>
         <run_address>0x2001028c</run_address>
         <size>0xc</size>
         <input_file_ref idref="fl-102"/>
      </object_component>
      <object_component id="oc-665">
         <name>.text:NwpUnMaskInterrupt</name>
         <load_address>0x20010298</load_address>
         <run_address>0x20010298</run_address>
         <size>0xc</size>
         <input_file_ref idref="fl-102"/>
      </object_component>
      <object_component id="oc-f1">
         <name>.text:IntMasterEnable</name>
         <load_address>0x200102a4</load_address>
         <run_address>0x200102a4</run_address>
         <size>0xa</size>
         <input_file_ref idref="fl-f2"/>
      </object_component>
      <object_component id="oc-74b">
         <name>.text</name>
         <load_address>0x200102ae</load_address>
         <run_address>0x200102ae</run_address>
         <size>0x8</size>
         <input_file_ref idref="fl-ef"/>
      </object_component>
      <object_component id="oc-3ec">
         <name>.text:UtilsDelay</name>
         <load_address>0x200102b6</load_address>
         <run_address>0x200102b6</run_address>
         <size>0x6</size>
         <input_file_ref idref="fl-f8"/>
      </object_component>
      <object_component id="oc-18">
         <name>.text:decompress:rle24</name>
         <load_address>0x200102bc</load_address>
         <run_address>0x200102bc</run_address>
         <size>0x6</size>
         <input_file_ref idref="fl-cb"/>
      </object_component>
      <object_component id="oc-61">
         <name>.text</name>
         <load_address>0x200102c2</load_address>
         <run_address>0x200102c2</run_address>
         <size>0x4</size>
         <input_file_ref idref="fl-d3"/>
      </object_component>
      <object_component id="oc-554">
         <name>.const:.string:_ctypes_</name>
         <load_address>0x200102c8</load_address>
         <run_address>0x200102c8</run_address>
         <size>0x101</size>
         <input_file_ref idref="fl-e0"/>
      </object_component>
      <object_component id="oc-603">
         <name>.const:g_ulPinToPadMap</name>
         <load_address>0x200103cc</load_address>
         <run_address>0x200103cc</run_address>
         <size>0x100</size>
         <input_file_ref idref="fl-f3"/>
      </object_component>
      <object_component id="oc-3fc">
         <name>.const:g_pulRegs</name>
         <load_address>0x200104cc</load_address>
         <run_address>0x200104cc</run_address>
         <size>0xd4</size>
         <input_file_ref idref="fl-f2"/>
      </object_component>
[...]
         <value>0x20017bc4</value>
      </symbol>
      <symbol id="sm-103b">
         <name>_SlDrvProtectionObjUnLock</name>
         <value>0x2000fb2d</value>
         <object_component_ref idref="oc-56c"/>
      </symbol>
      <symbol id="sm-103c">
         <name>_SlDrvBasicCmd</name>
         <value>0x2000f2c5</value>
         <object_component_ref idref="oc-4d6"/>
      </symbol>
      <symbol id="sm-103d">
         <name>_SlDrvObjUnLock</name>
         <value>0x2000fd65</value>
         <object_component_ref idref="oc-842"/>
      </symbol>
      <symbol id="sm-103e">
         <name>_SlDrvObjLockWaitForever</name>
         <value>0x2000fc35</value>
         <object_component_ref idref="oc-83c"/>
      </symbol>
      <symbol id="sm-103f">
         <name>_SlDrvMsgReadSpawnCtx</name>
         <value>0x2000cf21</value>
         <object_component_ref idref="oc-693"/>
      </symbol>
      <symbol id="sm-1040">
         <name>_SlDrvDispatchHttpServerEvents</name>
         <value>0x20010245</value>
         <object_component_ref idref="oc-8ac"/>
      </symbol>
      <symbol id="sm-1041">
         <name>_SlDrvHandleNetAppEvents</name>
         <value>0x2000f641</value>
         <object_component_ref idref="oc-898"/>
      </symbol>
      <symbol id="sm-1042">
         <name>_SlDriverHandleError</name>
         <value>0x2000d839</value>
         <object_component_ref idref="oc-66c"/>
      </symbol>
      <symbol id="sm-1043">
         <name>_SlDrvDriverCBDeinit</name>
         <value>0x2000c379</value>
         <object_component_ref idref="oc-4b0"/>
      </symbol>
      <symbol id="sm-1044">
         <name>_SlDrvResetCmdExt</name>
         <value>0x20010263</value>
         <object_component_ref idref="oc-4bf"/>
      </symbol>
      <symbol id="sm-1045">
         <name>_SlDrvProtectAsyncRespSetting</name>
         <value>0x2000f101</value>
         <object_component_ref idref="oc-458"/>
      </symbol>
      <symbol id="sm-1046">
         <name>_SlDrvReleasePoolObj</name>
         <value>0x2000af01</value>
         <object_component_ref idref="oc-476"/>
      </symbol>
      <symbol id="sm-1047">
         <name>_SlDrvHandleWlanEvents</name>
         <value>0x2000f681</value>
         <object_component_ref idref="oc-892"/>
      </symbol>
      <symbol id="sm-1048">
         <name>OpcodeTranslateTable</name>
         <value>0x20010648</value>
         <object_component_ref idref="oc-81f"/>
      </symbol>
      <symbol id="sm-1049">
         <name>pPingCallBackFunc</name>
         <value>0x20018190</value>
         <object_component_ref idref="oc-485"/>
      </symbol>
      <symbol id="sm-104a">
         <name>_SlDrvDriverCBInit</name>
         <value>0x2000b289</value>
         <object_component_ref idref="oc-44c"/>
      </symbol>
      <symbol id="sm-104b">
         <name>g_pCB</name>
         <value>0x2001818c</value>
         <object_component_ref idref="oc-485"/>
      </symbol>
      <symbol id="sm-104c">
         <name>_SlDrvProtectionObjLockWaitForever</name>
         <value>0x2000fa5d</value>
         <object_component_ref idref="oc-566"/>
      </symbol>
      <symbol id="sm-104d">
         <name>_SlDrvCmdOp</name>
         <value>0x2000d4bd</value>
         <object_component_ref idref="oc-49a"/>
      </symbol>
      <symbol id="sm-104e">
         <name>_SlDrvSyncObjWaitTimeout</name>
         <value>0x2000f469</value>
         <object_component_ref idref="oc-470"/>
      </symbol>
      <symbol id="sm-104f">
         <name>_SlDrvGlobalObjUnLock</name>
         <value>0x2000fb05</value>
         <object_component_ref idref="oc-6a6"/>
      </symbol>
      <symbol id="sm-1050">
         <name>_SlDrvMemZero</name>
         <value>0x2001016b</value>
         <object_component_ref idref="oc-4fc"/>
      </symbol>
      <symbol id="sm-1051">
         <name>_SlDrvWaitForPoolObj</name>
         <value>0x2000b771</value>
         <object_component_ref idref="oc-560"/>
      </symbol>
      <symbol id="sm-1052">
         <name>_SlDrvSyncObjSignal</name>
         <value>0x2000fd85</value>
         <object_component_ref idref="oc-679"/>
      </symbol>
      <symbol id="sm-1053">
         <name>_SlDrvDataReadOp</name>
         <value>0x2000ad1d</value>
         <object_component_ref idref="oc-7c3"/>
      </symbol>
      <symbol id="sm-1054">
         <name>_SlDrvDataWriteOp</name>
         <value>0x2000bd55</value>
         <object_component_ref idref="oc-7d3"/>
      </symbol>
      <symbol id="sm-1055">
         <name>_SlDrvRxIrqHandler</name>
         <value>0x2000ef1d</value>
         <object_component_ref idref="oc-488"/>
      </symbol>
      <symbol id="sm-1056">
         <name>_SlDrvHandleHttpServerEvents</name>
         <value>0x2000f425</value>
         <object_component_ref idref="oc-906"/>
      </symbol>
      <symbol id="sm-1057">
         <name>_SlDrvSyncObjWaitForever</name>
         <value>0x2000fb55</value>
         <object_component_ref idref="oc-572"/>
      </symbol>
      <symbol id="sm-1058">
         <name>_SlDrvCmdSend</name>
         <value>0x2000e95d</value>
         <object_component_ref idref="oc-90d"/>
      </symbol>
      <symbol id="sm-1059">
         <name>_SlActionLookupTable</name>
         <value>0x20010684</value>
         <object_component_ref idref="oc-875"/>
      </symbol>
      <symbol id="sm-10f8">
         <name>sl_NetAppMDNSUnRegisterService</name>
         <value>0x2000f355</value>
         <object_component_ref idref="oc-2fe"/>
      </symbol>
      <symbol id="sm-10f9">
         <name>_SlNetAppSendTokenValueCmdCtrl</name>
         <value>0x20010880</value>
         <object_component_ref idref="oc-913"/>
      </symbol>
      <symbol id="sm-10fa">
         <name>sl_NetAppDnsGetHostByName</name>
         <value>0x2000c125</value>
         <object_component_ref idref="oc-344"/>
      </symbol>
      <symbol id="sm-10fb">
         <name>_sl_HandleAsync_DnsGetHostByName</name>
         <value>0x2000dbe1</value>
         <object_component_ref idref="oc-8a0"/>
      </symbol>
      <symbol id="sm-10fc">
         <name>_sl_HandleAsync_PingResponse</name>
         <value>0x2000dc71</value>
         <object_component_ref idref="oc-861"/>
      </symbol>
      <symbol id="sm-10fd">
         <name>_SlDrvNetAppEventHandler</name>
         <value>0x2000c6c9</value>
         <object_component_ref idref="oc-85b"/>
      </symbol>
      <symbol id="sm-10fe">
         <name>_sl_HandleAsync_DnsGetHostByService</name>
         <value>0x2000d265</value>
         <object_component_ref idref="oc-8a6"/>
      </symbol>
      <symbol id="sm-10ff">
         <name>_sl_NetAppSendTokenValue</name>
         <value>0x2000e9c9</value>
         <object_component_ref idref="oc-8b2"/>
      </symbol>
      <symbol id="sm-1100">
         <name>sl_NetAppMDNSRegisterUnregisterService</name>
         <value>0x2000d331</value>
         <object_component_ref idref="oc-4eb"/>
      </symbol>
      <symbol id="sm-111f">
         <name>sl_NetCfgSet</name>
         <value>0x2000e3c9</value>
         <object_component_ref idref="oc-2f2"/>
      </symbol>
      <symbol id="sm-115e">
         <name>_SlNonOsSemSet</name>
         <value>0x2001009b</value>
         <object_component_ref idref="oc-608"/>
      </symbol>
      <symbol id="sm-115f">
         <name>_SlNonOsSpawn</name>
         <value>0x2000eb75</value>
         <object_component_ref idref="oc-68d"/>
      </symbol>
      <symbol id="sm-1160">
         <name>_SlNonOsSemGet</name>
         <value>0x2000e5b9</value>
         <object_component_ref idref="oc-60e"/>
      </symbol>
      <symbol id="sm-1161">
         <name>_SlNonOsMainLoopTask</name>
         <value>0x2000e799</value>
         <object_component_ref idref="oc-2c8"/>
      </symbol>
      <symbol id="sm-1162">
         <name>g__SlNonOsCB</name>
         <value>0x20018110</value>
         <object_component_ref idref="oc-495"/>
      </symbol>
      <symbol id="sm-1251">
         <name>sl_Recv</name>
         <value>0x2000dfb1</value>
         <object_component_ref idref="oc-6ec"/>
      </symbol>
      <symbol id="sm-1252">
         <name>sl_Send</name>
         <value>0x2000c49d</value>
         <object_component_ref idref="oc-6f2"/>
      </symbol>
      <symbol id="sm-1253">
         <name>_sl_HandleAsync_Connect</name>
         <value>0x2000e1c9</value>
         <object_component_ref idref="oc-8c8"/>
      </symbol>
      <symbol id="sm-1254">
         <name>sl_Htonl</name>
         <value>0x2000f5bd</value>
         <object_component_ref idref="oc-350"/>
      </symbol>
      <symbol id="sm-1255">
         <name>sl_Htons</name>
         <value>0x2000f7f9</value>
         <object_component_ref idref="oc-34a"/>
      </symbol>
      <symbol id="sm-1256">
         <name>sl_Connect</name>
         <value>0x2000bbe9</value>
         <object_component_ref idref="oc-530"/>
      </symbol>
      <symbol id="sm-1257">
         <name>sl_Socket</name>
         <value>0x2000e8ed</value>
         <object_component_ref idref="oc-52a"/>
      </symbol>
      <symbol id="sm-1258">
         <name>_sl_HandleAsync_Select</name>
         <value>0x2000ef71</value>
         <object_component_ref idref="oc-8ce"/>
      </symbol>
      <symbol id="sm-1259">
         <name>sl_Close</name>
         <value>0x2000f4f1</value>
         <object_component_ref idref="oc-536"/>
      </symbol>
      <symbol id="sm-125a">
         <name>_sl_HandleAsync_Accept</name>
         <value>0x2000ebd9</value>
         <object_component_ref idref="oc-8c2"/>
      </symbol>
      <symbol id="sm-125b">
         <name>sl_SetSockOpt</name>
         <value>0x2000e445</value>
         <object_component_ref idref="oc-515"/>
      </symbol>
      <symbol id="sm-1300">
         <name>sl_WlanDisconnect</name>
         <value>0x2000fda5</value>
         <object_component_ref idref="oc-2ec"/>
      </symbol>
      <symbol id="sm-1301">
         <name>sl_WlanPolicySet</name>
         <value>0x2000e631</value>
         <object_component_ref idref="oc-2e0"/>
      </symbol>
      <symbol id="sm-1302">
         <name>sl_WlanProfileDel</name>
         <value>0x2000f535</value>
         <object_component_ref idref="oc-2e6"/>
      </symbol>
      <symbol id="sm-1303">
         <name>sl_WlanRxFilterSet</name>
         <value>0x2000ea35</value>
         <object_component_ref idref="oc-307"/>
      </symbol>
      <symbol id="sm-1304">
         <name>sl_WlanConnect</name>
         <value>0x2000a6cd</value>
         <object_component_ref idref="oc-317"/>
      </symbol>
      <symbol id="sm-1305">
         <name>sl_WlanSet</name>
         <value>0x2000e4c1</value>
         <object_component_ref idref="oc-2f8"/>
      </symbol>
      <symbol id="sm-1306">
         <name>sl_WlanSetMode</name>
         <value>0x2000f579</value>
         <object_component_ref idref="oc-2ce"/>
      </symbol>
      <symbol id="sm-1405">
         <name>g_ucDinDout</name>
         <value>0x20017b20</value>
      </symbol>
      <symbol id="sm-1406">
         <name>g_cDummy</name>
         <value>0x20017bc5</value>
      </symbol>
      <symbol id="sm-1407">
         <name>NwpMaskInterrupt</name>
         <value>0x2001028d</value>
         <object_component_ref idref="oc-657"/>
      </symbol>
      <symbol id="sm-1408">
         <name>NwpRegisterInterruptHandler</name>
         <value>0x2000f741</value>
         <object_component_ref idref="oc-464"/>
      </symbol>
      <symbol id="sm-1409">
         <name>g_pHostIntHdl</name>
         <value>0x20018184</value>
         <object_component_ref idref="oc-643"/>
      </symbol>
      <symbol id="sm-140a">
         <name>NwpUnMaskInterrupt</name>
         <value>0x20010299</value>
         <object_component_ref idref="oc-665"/>
      </symbol>
      <symbol id="sm-140b">
         <name>NwpPowerOff</name>
         <value>0x2000f871</value>
         <object_component_ref idref="oc-45e"/>
      </symbol>
      <symbol id="sm-140c">
         <name>spi_Read</name>
         <value>0x2000c9b9</value>
         <object_component_ref idref="oc-812"/>
      </symbol>
      <symbol id="sm-140d">
         <name>DmaSpiSwIntHandler</name>
         <value>0x2000fbc9</value>
         <object_component_ref idref="oc-649"/>
      </symbol>
      <symbol id="sm-140e">
         <name>NwpPowerOn</name>
         <value>0x2000fd25</value>
         <object_component_ref idref="oc-46a"/>
      </symbol>
      <symbol id="sm-140f">
         <name>spi_Close</name>
         <value>0x2000e6a9</value>
         <object_component_ref idref="oc-4aa"/>
      </symbol>
      <symbol id="sm-1410">
         <name>spi_Write</name>
         <value>0x2000dab5</value>
         <object_component_ref idref="oc-7ad"/>
      </symbol>
      <symbol id="sm-1411">
         <name>spi_Open</name>
         <value>0x2000bea5</value>
         <object_component_ref idref="oc-452"/>
      </symbol>
      <symbol id="sm-1412">
         <name>g_ucDMAEnabled</name>
         <value>0x20018188</value>
         <object_component_ref idref="oc-643"/>
      </symbol>
      <symbol id="sm-1413">
         <name>g_SpiFd</name>
         <value>0x20018180</value>
         <object_component_ref idref="oc-643"/>
      </symbol>
      <symbol id="sm-146e">
         <name>jsmn_init</name>
         <value>0x2000925b</value>
         <object_component_ref idref="oc-32c"/>
      </symbol>
      <symbol id="sm-146f">
         <name>jsmn_parse</name>
         <value>0x20008f49</value>
         <object_component_ref idref="oc-32c"/>
      </symbol>
      <symbol id="sm-1592">
         <name>HTTPCli_setRequestFields</name>
         <value>0x20008825</value>
         <object_component_ref idref="oc-31d"/>
      </symbol>
      <symbol id="sm-1593">
         <name>HTTPCli_setSecureParams</name>
         <value>0x20008871</value>
         <object_component_ref idref="oc-31d"/>
      </symbol>
      <symbol id="sm-1594">
         <name>HTTPCli_create</name>
         <value>0x20008759</value>
         <object_component_ref idref="oc-31d"/>
      </symbol>
      <symbol id="sm-1595">
         <name>HTTPCli_construct</name>
         <value>0x20008711</value>
         <object_component_ref idref="oc-31d"/>
      </symbol>
      <symbol id="sm-1596">
         <name>HTTPCli_getResponseField</name>
         <value>0x20008a25</value>
         <object_component_ref idref="oc-31d"/>
      </symbol>
      <symbol id="sm-1597">
         <name>HTTPCli_readRawResponseBody</name>
         <value>0x20008c35</value>
         <object_component_ref idref="oc-31d"/>
      </symbol>
      <symbol id="sm-1598">
         <name>HTTPCli_connect</name>
         <value>0x200085ef</value>
         <object_component_ref idref="oc-31d"/>
      </symbol>
      <symbol id="sm-1599">
         <name>HTTPCli_sendRequest</name>
         <value>0x20008891</value>
         <object_component_ref idref="oc-31d"/>
      </symbol>
      <symbol id="sm-159a">
         <name>HTTPCli_readResponseBody</name>
         <value>0x20008ba9</value>
         <object_component_ref idref="oc-31d"/>
      </symbol>
      <symbol id="sm-159b">
         <name>HTTPCli_sendField</name>
         <value>0x2000895f</value>
         <object_component_ref idref="oc-31d"/>
      </symbol>
      <symbol id="sm-159c">
         <name>HTTPCli_delete</name>
         <value>0x20008771</value>
         <object_component_ref idref="oc-31d"/>
      </symbol>
      <symbol id="sm-159d">
         <name>HTTPCli_destruct</name>
         <value>0x200087a7</value>
         <object_component_ref idref="oc-31d"/>
      </symbol>
      <symbol id="sm-159e">
         <name>HTTPCli_setProxy</name>
         <value>0x20008c75</value>
         <object_component_ref idref="oc-31d"/>
      </symbol>
      <symbol id="sm-159f">
         <name>bufferedRecv</name>
         <value>0x20007d0b</value>
         <object_component_ref idref="oc-31d"/>
      </symbol>
      <symbol id="sm-15a0">
         <name>HTTPCli_initSockAddr</name>
         <value>0x200084e1</value>
         <object_component_ref idref="oc-31d"/>
      </symbol>
      <symbol id="sm-15a1">
         <name>HTTPCli_getResponseStatus</name>
         <value>0x200089ef</value>
         <object_component_ref idref="oc-31d"/>
      </symbol>
      <symbol id="sm-15a2">
         <name>HTTPCli_disconnect</name>
         <value>0x200087ef</value>
         <object_component_ref idref="oc-31d"/>
      </symbol>
      <symbol id="sm-15a3">
         <name>HTTPCli_setResponseFields</name>
         <value>0x2000884b</value>
         <object_component_ref idref="oc-31d"/>
      </symbol>
      <symbol id="sm-15a4">
         <name>HTTPCli_sendRequestBody</name>
         <value>0x200089b7</value>
         <object_component_ref idref="oc-31d"/>
      </symbol>
      <symbol id="sm-15d9">
         <name>Ssock_startSecure</name>
         <value>0x2000a183</value>
         <object_component_ref idref="oc-506"/>
      </symbol>
      <symbol id="sm-15da">
         <name>Ssock_recv</name>
         <value>0x20009fcb</value>
         <object_component_ref idref="oc-506"/>
      </symbol>
      <symbol id="sm-15db">
         <name>Ssock_delete</name>
         <value>0x20009f43</value>
         <object_component_ref idref="oc-506"/>
      </symbol>
      <symbol id="sm-15dc">
         <name>Ssock_send</name>
         <value>0x2000a069</value>
         <object_component_ref idref="oc-506"/>
      </symbol>
      <symbol id="sm-15dd">
         <name>Ssock_getSocket</name>
         <value>0x20009fbd</value>
         <object_component_ref idref="oc-506"/>
      </symbol>
      <symbol id="sm-15de">
         <name>Ssock_recvall</name>
         <value>0x2000a025</value>
         <object_component_ref idref="oc-506"/>
      </symbol>
      <symbol id="sm-15df">
         <name>Ssock_construct</name>
         <value>0x20009ee9</value>
         <object_component_ref idref="oc-506"/>
      </symbol>
      <symbol id="sm-15e0">
         <name>Ssock_create</name>
         <value>0x20009f29</value>
         <object_component_ref idref="oc-506"/>
      </symbol>
      <symbol id="sm-15e1">
         <name>Ssock_destruct</name>
         <value>0x20009f6b</value>
         <object_component_ref idref="oc-506"/>
      </symbol>
      <symbol id="sm-15f0">
         <name>strcmp</name>
         <value>0x200100e5</value>
         <object_component_ref idref="oc-50c"/>
      </symbol>
      <symbol id="sm-15fe">
         <name>strcpy</name>
         <value>0x200101d5</value>
         <object_component_ref idref="oc-51e"/>
      </symbol>
      <symbol id="sm-1655">
         <name>uDMAChannelControlSet</name>
         <value>0x2000f835</value>
         <object_component_ref idref="oc-8dc"/>
      </symbol>
      <symbol id="sm-1656">
         <name>uDMAChannelAttributeEnable</name>
         <value>0x2000eca1</value>
         <object_component_ref idref="oc-8e2"/>
      </symbol>
      <symbol id="sm-1657">
         <name>uDMAChannelTransferSet</name>
         <value>0x2000caa9</value>
         <object_component_ref idref="oc-8e8"/>
      </symbol>
      <symbol id="sm-1658">
         <name>uDMAChannelAssign</name>
         <value>0x2000f231</value>
         <object_component_ref idref="oc-76b"/>
      </symbol>
      <symbol id="sm-1659">
         <name>uDMAChannelAttributeDisable</name>
         <value>0x2000ec3d</value>
         <object_component_ref idref="oc-771"/>
      </symbol>
      <symbol id="sm-165a">
         <name>uDMAChannelEnable</name>
         <value>0x2000ff09</value>
         <object_component_ref idref="oc-8ee"/>
      </symbol>
      <symbol id="sm-165b">
         <name>__TI_static_base__</name>
         <value>0x200108c0</value>
      </symbol>
      <symbol id="sm-165e">
         <name>SHT$$INIT_ARRAY$$Limit</name>
         <value>0x0</value>
      </symbol>
      <symbol id="sm-165f">
         <name>SHT$$INIT_ARRAY$$Base</name>
         <value>0x0</value>
      </symbol>
   </symbol_table>
   <title>Link successful</title>
</link_info>
