<?xml version="1.0"?>
<link_info>
   <banner>TI ARM Linker PC v15.12.3.LTS</banner>
   <copyright>Copyright (c) 1996-2015 Texas Instruments Incorporated</copyright>
   <link_time>0x585d44b9</link_time>
   <link_errors>0x0</link_errors>
   <output_file>spi_demo.out</output_file>
   <entry_point>
      <name>_c_int00</name>
      <address>0x2000f95d</address>
   </entry_point>
   <input_file_list>
      <input_file id="fl-2">
         <path>.\</path>
         <kind>object</kind>
         <file>HttpFile.obj</file>
         <name>HttpFile.obj</name>
      </input_file>
      <input_file id="fl-3">
         <path>.\</path>
         <kind>object</kind>
         <file>MFRC522.obj</file>
         <name>MFRC522.obj</name>
      </input_file>
      <input_file id="fl-4">
         <path>.\</path>
         <kind>object</kind>
         <file>gpio_if.obj</file>
         <name>gpio_if.obj</name>
      </input_file>
      <input_file id="fl-5">
         <path>.\</path>
         <kind>object</kind>
         <file>i2c_if.obj</file>
         <name>i2c_if.obj</name>
      </input_file>
      <input_file id="fl-6">
         <path>.\</path>
         <kind>object</kind>
         <file>lcd.obj</file>
         <name>lcd.obj</name>
      </input_file>
      <input_file id="fl-7">
         <path>.\</path>
         <kind>object</kind>
         <file>network_common.obj</file>
         <name>network_common.obj</name>
      </input_file>
      <input_file id="fl-8">
         <path>.\</path>
         <kind>object</kind>
         <file>pinmux.obj</file>
         <name>pinmux.obj</name>
      </input_file>
      <input_file id="fl-9">
         <path>.\</path>
         <kind>object</kind>
         <file>startup_ccs.obj</file>
         <name>startup_ccs.obj</name>
      </input_file>
      <input_file id="fl-a">
         <path>.\</path>
         <kind>object</kind>
         <file>uart_if.obj</file>
         <name>uart_if.obj</name>
      </input_file>
      <input_file id="fl-c8">
         <path>C:\ti\ccsv6\tools\compiler\arm_15.12.3.LTS\lib\</path>
         <kind>archive</kind>
         <file>rtsv7M4_T_le_eabi.lib</file>
         <name>boot.obj</name>
      </input_file>
      <input_file id="fl-c9">
         <path>C:\ti\ccsv6\tools\compiler\arm_15.12.3.LTS\lib\</path>
         <kind>archive</kind>
         <file>rtsv7M4_T_le_eabi.lib</file>
         <name>copy_decompress_none.obj</name>
      </input_file>
      <input_file id="fl-ca">
         <path>C:\ti\ccsv6\tools\compiler\arm_15.12.3.LTS\lib\</path>
         <kind>archive</kind>
         <file>rtsv7M4_T_le_eabi.lib</file>
         <name>copy_decompress_rle.obj</name>
      </input_file>
      <input_file id="fl-cb">
         <path>C:\ti\ccsv6\tools\compiler\arm_15.12.3.LTS\lib\</path>
         <kind>archive</kind>
         <file>rtsv7M4_T_le_eabi.lib</file>
         <name>copy_zero_init.obj</name>
      </input_file>
      <input_file id="fl-cc">
         <path>C:\ti\ccsv6\tools\compiler\arm_15.12.3.LTS\lib\</path>
         <kind>archive</kind>
         <file>rtsv7M4_T_le_eabi.lib</file>
         <name>exit.obj</name>
      </input_file>
      <input_file id="fl-cd">
         <path>C:\ti\ccsv6\tools\compiler\arm_15.12.3.LTS\lib\</path>
         <kind>archive</kind>
         <file>rtsv7M4_T_le_eabi.lib</file>
         <name>memcpy_t2.obj</name>
      </input_file>
      <input_file id="fl-ce">
         <path>C:\ti\ccsv6\tools\compiler\arm_15.12.3.LTS\lib\</path>
         <kind>archive</kind>
         <file>rtsv7M4_T_le_eabi.lib</file>
         <name>memmov.obj</name>
      </input_file>
      <input_file id="fl-cf">
         <path>C:\ti\ccsv6\tools\compiler\arm_15.12.3.LTS\lib\</path>
         <kind>archive</kind>
         <file>rtsv7M4_T_le_eabi.lib</file>
         <name>memory.obj</name>
      </input_file>
      <input_file id="fl-d0">
         <path>C:\ti\ccsv6\tools\compiler\arm_15.12.3.LTS\lib\</path>
         <kind>archive</kind>
         <file>rtsv7M4_T_le_eabi.lib</file>
         <name>memset_t2.obj</name>
      </input_file>
      <input_file id="fl-d1">
         <path>C:\ti\ccsv6\tools\compiler\arm_15.12.3.LTS\lib\</path>
         <kind>archive</kind>
         <file>rtsv7M4_T_le_eabi.lib</file>
         <name>mpu_init.obj</name>
      </input_file>
      <input_file id="fl-d2">
         <path>C:\ti\ccsv6\tools\compiler\arm_15.12.3.LTS\lib\</path>
         <kind>archive</kind>
         <file>rtsv7M4_T_le_eabi.lib</file>
         <name>pre_init.obj</name>
      </input_file>
      <input_file id="fl-d3">
         <path>C:\ti\ccsv6\tools\compiler\arm_15.12.3.LTS\lib\</path>
         <kind>archive</kind>
         <file>rtsv7M4_T_le_eabi.lib</file>
         <name>sprintf.obj</name>
      </input_file>
      <input_file id="fl-d4">
         <path>C:\ti\ccsv6\tools\compiler\arm_15.12.3.LTS\lib\</path>
         <kind>archive</kind>
         <file>rtsv7M4_T_le_eabi.lib</file>
         <name>stkdepth_vars.obj</name>
      </input_file>
      <input_file id="fl-d5">
         <path>C:\ti\ccsv6\tools\compiler\arm_15.12.3.LTS\lib\</path>
         <kind>archive</kind>
         <file>rtsv7M4_T_le_eabi.lib</file>
         <name>strlen.obj</name>
      </input_file>
      <input_file id="fl-d6">
         <path>C:\ti\ccsv6\tools\compiler\arm_15.12.3.LTS\lib\</path>
         <kind>archive</kind>
         <file>rtsv7M4_T_le_eabi.lib</file>
         <name>strncmp.obj</name>
      </input_file>
      <input_file id="fl-d7">
         <path>C:\ti\ccsv6\tools\compiler\arm_15.12.3.LTS\lib\</path>
         <kind>archive</kind>
         <file>rtsv7M4_T_le_eabi.lib</file>
         <name>strtoul.obj</name>
      </input_file>
      <input_file id="fl-d8">
         <path>C:\ti\ccsv6\tools\compiler\arm_15.12.3.LTS\lib\</path>
         <kind>archive</kind>
         <file>rtsv7M4_T_le_eabi.lib</file>
         <name>vsnprintf.obj</name>
      </input_file>
      <input_file id="fl-d9">
         <path>C:\ti\ccsv6\tools\compiler\arm_15.12.3.LTS\lib\</path>
         <kind>archive</kind>
         <file>rtsv7M4_T_le_eabi.lib</file>
         <name>_lock.obj</name>
      </input_file>
      <input_file id="fl-da">
         <path>C:\ti\ccsv6\tools\compiler\arm_15.12.3.LTS\lib\</path>
         <kind>archive</kind>
         <file>rtsv7M4_T_le_eabi.lib</file>
         <name>_printfi.obj</name>
      </input_file>
      <input_file id="fl-db">
         <path>C:\ti\ccsv6\tools\compiler\arm_15.12.3.LTS\lib\</path>
         <kind>archive</kind>
         <file>rtsv7M4_T_le_eabi.lib</file>
         <name>args_main.obj</name>
      </input_file>
      <input_file id="fl-dc">
         <path>C:\ti\ccsv6\tools\compiler\arm_15.12.3.LTS\lib\</path>
         <kind>archive</kind>
         <file>rtsv7M4_T_le_eabi.lib</file>
         <name>atoi.obj</name>
      </input_file>
      <input_file id="fl-dd">
         <path>C:\ti\ccsv6\tools\compiler\arm_15.12.3.LTS\lib\</path>
         <kind>archive</kind>
         <file>rtsv7M4_T_le_eabi.lib</file>
         <name>autoinit.obj</name>
      </input_file>
      <input_file id="fl-de">
         <path>C:\ti\ccsv6\tools\compiler\arm_15.12.3.LTS\lib\</path>
         <kind>archive</kind>
         <file>rtsv7M4_T_le_eabi.lib</file>
         <name>cpy_tbl.obj</name>
      </input_file>
      <input_file id="fl-df">
         <path>C:\ti\ccsv6\tools\compiler\arm_15.12.3.LTS\lib\</path>
         <kind>archive</kind>
         <file>rtsv7M4_T_le_eabi.lib</file>
         <name>ctype.obj</name>
      </input_file>
      <input_file id="fl-e0">
         <path>C:\ti\ccsv6\tools\compiler\arm_15.12.3.LTS\lib\</path>
         <kind>archive</kind>
         <file>rtsv7M4_T_le_eabi.lib</file>
         <name>errno.obj</name>
      </input_file>
      <input_file id="fl-e1">
         <path>C:\ti\ccsv6\tools\compiler\arm_15.12.3.LTS\lib\</path>
         <kind>archive</kind>
         <file>rtsv7M4_T_le_eabi.lib</file>
         <name>fd_add_t2.obj</name>
      </input_file>
      <input_file id="fl-e2">
         <path>C:\ti\ccsv6\tools\compiler\arm_15.12.3.LTS\lib\</path>
         <kind>archive</kind>
         <file>rtsv7M4_T_le_eabi.lib</file>
         <name>fd_cmp_t2.obj</name>
      </input_file>
      <input_file id="fl-e3">
         <path>C:\ti\ccsv6\tools\compiler\arm_15.12.3.LTS\lib\</path>
         <kind>archive</kind>
         <file>rtsv7M4_T_le_eabi.lib</file>
         <name>fd_div_t2.obj</name>
      </input_file>
      <input_file id="fl-e4">
         <path>C:\ti\ccsv6\tools\compiler\arm_15.12.3.LTS\lib\</path>
         <kind>archive</kind>
         <file>rtsv7M4_T_le_eabi.lib</file>
         <name>fd_mul_t2.obj</name>
      </input_file>
      <input_file id="fl-e5">
         <path>C:\ti\ccsv6\tools\compiler\arm_15.12.3.LTS\lib\</path>
         <kind>archive</kind>
         <file>rtsv7M4_T_le_eabi.lib</file>
         <name>fd_toi_t2.obj</name>
      </input_file>
      <input_file id="fl-e6">
         <path>C:\ti\ccsv6\tools\compiler\arm_15.12.3.LTS\lib\</path>
         <kind>archive</kind>
         <file>rtsv7M4_T_le_eabi.lib</file>
         <name>i_tofd_t2.obj</name>
      </input_file>
      <input_file id="fl-e7">
         <path>C:\ti\ccsv6\tools\compiler\arm_15.12.3.LTS\lib\</path>
         <kind>archive</kind>
         <file>rtsv7M4_T_le_eabi.lib</file>
         <name>ltoa.obj</name>
      </input_file>
      <input_file id="fl-e8">
         <path>C:\ti\ccsv6\tools\compiler\arm_15.12.3.LTS\lib\</path>
         <kind>archive</kind>
         <file>rtsv7M4_T_le_eabi.lib</file>
         <name>memccpy.obj</name>
      </input_file>
      <input_file id="fl-e9">
         <path>C:\ti\ccsv6\tools\compiler\arm_15.12.3.LTS\lib\</path>
         <kind>archive</kind>
         <file>rtsv7M4_T_le_eabi.lib</file>
         <name>s_frexp.obj</name>
      </input_file>
      <input_file id="fl-ea">
         <path>C:\ti\ccsv6\tools\compiler\arm_15.12.3.LTS\lib\</path>
         <kind>archive</kind>
         <file>rtsv7M4_T_le_eabi.lib</file>
         <name>s_scalbn.obj</name>
      </input_file>
      <input_file id="fl-eb">
         <path>C:\ti\ccsv6\tools\compiler\arm_15.12.3.LTS\lib\</path>
         <kind>archive</kind>
         <file>rtsv7M4_T_le_eabi.lib</file>
         <name>startup.obj</name>
      </input_file>
      <input_file id="fl-ec">
         <path>C:\ti\ccsv6\tools\compiler\arm_15.12.3.LTS\lib\</path>
         <kind>archive</kind>
         <file>rtsv7M4_T_le_eabi.lib</file>
         <name>strchr.obj</name>
      </input_file>
      <input_file id="fl-ed">
         <path>C:\ti\ccsv6\tools\compiler\arm_15.12.3.LTS\lib\</path>
         <kind>archive</kind>
         <file>rtsv7M4_T_le_eabi.lib</file>
         <name>ull_div_t2.obj</name>
      </input_file>
      <input_file id="fl-ee">
         <path>C:\ti\ccsv6\tools\compiler\arm_15.12.3.LTS\lib\</path>
         <kind>archive</kind>
         <file>rtsv7M4_T_le_eabi.lib</file>
         <name>s_copysign.obj</name>
      </input_file>
      <input_file id="fl-ef">
         <path>C:\ti\CC3200SDK_1.2.0\cc3200-sdk\driverlib\ccs\Release\</path>
         <kind>archive</kind>
         <file>driverlib.a</file>
         <name>gpio.obj</name>
      </input_file>
      <input_file id="fl-f0">
         <path>C:\ti\CC3200SDK_1.2.0\cc3200-sdk\driverlib\ccs\Release\</path>
         <kind>archive</kind>
         <file>driverlib.a</file>
         <name>i2c.obj</name>
      </input_file>
      <input_file id="fl-f1">
         <path>C:\ti\CC3200SDK_1.2.0\cc3200-sdk\driverlib\ccs\Release\</path>
         <kind>archive</kind>
         <file>driverlib.a</file>
         <name>interrupt.obj</name>
      </input_file>
      <input_file id="fl-f2">
         <path>C:\ti\CC3200SDK_1.2.0\cc3200-sdk\driverlib\ccs\Release\</path>
         <kind>archive</kind>
         <file>driverlib.a</file>
         <name>pin.obj</name>
      </input_file>
      <input_file id="fl-f3">
         <path>C:\ti\CC3200SDK_1.2.0\cc3200-sdk\driverlib\ccs\Release\</path>
         <kind>archive</kind>
         <file>driverlib.a</file>
         <name>prcm.obj</name>
      </input_file>
      <input_file id="fl-f4">
         <path>C:\ti\CC3200SDK_1.2.0\cc3200-sdk\driverlib\ccs\Release\</path>
         <kind>archive</kind>
         <file>driverlib.a</file>
         <name>spi.obj</name>
      </input_file>
      <input_file id="fl-f5">
         <path>C:\ti\CC3200SDK_1.2.0\cc3200-sdk\driverlib\ccs\Release\</path>
         <kind>archive</kind>
         <file>driverlib.a</file>
         <name>uart.obj</name>
      </input_file>
      <input_file id="fl-f6">
         <path>C:\ti\CC3200SDK_1.2.0\cc3200-sdk\driverlib\ccs\Release\</path>
         <kind>archive</kind>
         <file>driverlib.a</file>
         <name>utils.obj</name>
      </input_file>
      <input_file id="fl-f7">
         <path>C:\ti\CC3200SDK_1.2.0\cc3200-sdk\driverlib\ccs\Release\</path>
         <kind>archive</kind>
         <file>driverlib.a</file>
         <name>cpu.obj</name>
      </input_file>
      <input_file id="fl-f8">
         <path>C:\ti\CC3200SDK_1.2.0\cc3200-sdk\driverlib\ccs\Release\</path>
         <kind>archive</kind>
         <file>driverlib.a</file>
         <name>flash.obj</name>
      </input_file>
      <input_file id="fl-f9">
         <path>C:\ti\CC3200SDK_1.2.0\cc3200-sdk\simplelink\ccs\NON_OS\</path>
         <kind>archive</kind>
         <file>simplelink.a</file>
         <name>device.obj</name>
      </input_file>
      <input_file id="fl-fa">
         <path>C:\ti\CC3200SDK_1.2.0\cc3200-sdk\simplelink\ccs\NON_OS\</path>
         <kind>archive</kind>
         <file>simplelink.a</file>
         <name>driver.obj</name>
      </input_file>
      <input_file id="fl-fb">
         <path>C:\ti\CC3200SDK_1.2.0\cc3200-sdk\simplelink\ccs\NON_OS\</path>
         <kind>archive</kind>
         <file>simplelink.a</file>
         <name>netapp.obj</name>
      </input_file>
      <input_file id="fl-fc">
         <path>C:\ti\CC3200SDK_1.2.0\cc3200-sdk\simplelink\ccs\NON_OS\</path>
         <kind>archive</kind>
         <file>simplelink.a</file>
         <name>netcfg.obj</name>
      </input_file>
      <input_file id="fl-fd">
         <path>C:\ti\CC3200SDK_1.2.0\cc3200-sdk\simplelink\ccs\NON_OS\</path>
         <kind>archive</kind>
         <file>simplelink.a</file>
         <name>nonos.obj</name>
      </input_file>
      <input_file id="fl-fe">
         <path>C:\ti\CC3200SDK_1.2.0\cc3200-sdk\simplelink\ccs\NON_OS\</path>
         <kind>archive</kind>
         <file>simplelink.a</file>
         <name>socket.obj</name>
      </input_file>
      <input_file id="fl-ff">
         <path>C:\ti\CC3200SDK_1.2.0\cc3200-sdk\simplelink\ccs\NON_OS\</path>
         <kind>archive</kind>
         <file>simplelink.a</file>
         <name>wlan.obj</name>
      </input_file>
      <input_file id="fl-100">
         <path>C:\ti\CC3200SDK_1.2.0\cc3200-sdk\simplelink\ccs\NON_OS\</path>
         <kind>archive</kind>
         <file>simplelink.a</file>
         <name>cc_pal.obj</name>
      </input_file>
      <input_file id="fl-101">
         <path>C:\ti\CC3200SDK_1.2.0\cc3200-sdk\netapps\json\ccs\Release\</path>
         <kind>archive</kind>
         <file>json.a</file>
         <name>jsmn.obj</name>
      </input_file>
      <input_file id="fl-102">
         <path>C:\ti\CC3200SDK_1.2.0\cc3200-sdk\netapps\http\client\ccs\HTTPClientMinLib\</path>
         <kind>archive</kind>
         <file>webclient.a</file>
         <name>httpcli.obj</name>
      </input_file>
      <input_file id="fl-103">
         <path>C:\ti\CC3200SDK_1.2.0\cc3200-sdk\netapps\http\client\ccs\HTTPClientMinLib\</path>
         <kind>archive</kind>
         <file>webclient.a</file>
         <name>ssock.obj</name>
      </input_file>
      <input_file id="fl-104">
         <path>C:\ti\ccsv6\tools\compiler\arm_15.12.3.LTS\lib\</path>
         <kind>archive</kind>
         <file>rtsv7M4_T_le_eabi.lib</file>
         <name>strcmp.obj</name>
      </input_file>
      <input_file id="fl-105">
         <path>C:\ti\ccsv6\tools\compiler\arm_15.12.3.LTS\lib\</path>
         <kind>archive</kind>
         <file>rtsv7M4_T_le_eabi.lib</file>
         <name>strcpy.obj</name>
      </input_file>
      <input_file id="fl-106">
         <path>C:\ti\CC3200SDK_1.2.0\cc3200-sdk\driverlib\ccs\Release\</path>
         <kind>archive</kind>
         <file>driverlib.a</file>
         <name>udma.obj</name>
      </input_file>
   </input_file_list>
   <object_component_list>
      <object_component id="oc-f">
         <name>.intvecs</name>
         <load_address>0x20004000</load_address>
         <run_address>0x20004000</run_address>
         <size>0x400</size>
         <input_file_ref idref="fl-9"/>
      </object_component>
      <object_component id="oc-eb">
         <name>.text</name>
         <load_address>0x20004400</load_address>
         <run_address>0x20004400</run_address>
         <size>0x16e4</size>
         <input_file_ref idref="fl-2"/>
      </object_component>
      <object_component id="oc-ac">
         <name>.text</name>
         <load_address>0x20005ae4</load_address>
         <run_address>0x20005ae4</run_address>
         <size>0x11f0</size>
         <input_file_ref idref="fl-3"/>
      </object_component>
      <object_component id="oc-353">
         <name>.text</name>
         <load_address>0x20006cd4</load_address>
         <run_address>0x20006cd4</run_address>
         <size>0x10fc</size>
         <input_file_ref idref="fl-da"/>
      </object_component>
      <object_component id="oc-22e">
         <name>.text</name>
         <load_address>0x20007dd0</load_address>
         <run_address>0x20007dd0</run_address>
         <size>0xfc4</size>
         <input_file_ref idref="fl-102"/>
      </object_component>
      <object_component id="oc-23a">
         <name>.text</name>
         <load_address>0x20008d94</load_address>
         <run_address>0x20008d94</run_address>
         <size>0x5f0</size>
         <input_file_ref idref="fl-101"/>
      </object_component>
      <object_component id="oc-76c">
         <name>.text:_SlDrvMsgRead</name>
         <load_address>0x20009384</load_address>
         <run_address>0x20009384</run_address>
         <size>0x590</size>
         <input_file_ref idref="fl-fa"/>
      </object_component>
      <object_component id="oc-1ac">
         <name>.text</name>
         <load_address>0x20009914</load_address>
         <run_address>0x20009914</run_address>
         <size>0x3dc</size>
         <input_file_ref idref="fl-cf"/>
      </object_component>
      <object_component id="oc-109">
         <name>.text</name>
         <load_address>0x20009cf0</load_address>
         <run_address>0x20009cf0</run_address>
         <size>0x39c</size>
         <input_file_ref idref="fl-4"/>
      </object_component>
      <object_component id="oc-e5">
         <name>.text</name>
         <load_address>0x2000a08c</load_address>
         <run_address>0x2000a08c</run_address>
         <size>0x2ec</size>
         <input_file_ref idref="fl-6"/>
      </object_component>
      <object_component id="oc-483">
         <name>.text</name>
         <load_address>0x2000a378</load_address>
         <run_address>0x2000a378</run_address>
         <size>0x2ea</size>
         <input_file_ref idref="fl-103"/>
      </object_component>
      <object_component id="oc-75a">
         <name>.text:IntDefaultHandler</name>
         <load_address>0x2000a662</load_address>
         <run_address>0x2000a662</run_address>
         <size>0x2</size>
         <input_file_ref idref="fl-f1"/>
      </object_component>
      <object_component id="oc-1c1">
         <name>.text</name>
         <load_address>0x2000a664</load_address>
         <run_address>0x2000a664</run_address>
         <size>0x290</size>
         <input_file_ref idref="fl-5"/>
      </object_component>
      <object_component id="oc-df">
         <name>.text</name>
         <load_address>0x2000a8f4</load_address>
         <run_address>0x2000a8f4</run_address>
         <size>0x280</size>
         <input_file_ref idref="fl-a"/>
      </object_component>
      <object_component id="oc-228">
         <name>.text:sl_WlanConnect</name>
         <load_address>0x2000ab74</load_address>
         <run_address>0x2000ab74</run_address>
         <size>0x260</size>
         <input_file_ref idref="fl-ff"/>
      </object_component>
      <object_component id="oc-7d8">
         <name>.text:_SlDrvRxHdrRead</name>
         <load_address>0x2000add4</load_address>
         <run_address>0x2000add4</run_address>
         <size>0x1fc</size>
         <input_file_ref idref="fl-fa"/>
      </object_component>
      <object_component id="oc-54d">
         <name>.text</name>
         <load_address>0x2000afd0</load_address>
         <run_address>0x2000afd0</run_address>
         <size>0x1f4</size>
         <input_file_ref idref="fl-ed"/>
      </object_component>
      <object_component id="oc-791">
         <name>.text:_SlDrvDataReadOp</name>
         <load_address>0x2000b1c4</load_address>
         <run_address>0x2000b1c4</run_address>
         <size>0x1e4</size>
         <input_file_ref idref="fl-fa"/>
      </object_component>
      <object_component id="oc-3ef">
         <name>.text:_SlDrvReleasePoolObj</name>
         <load_address>0x2000b3a8</load_address>
         <run_address>0x2000b3a8</run_address>
         <size>0x1d0</size>
         <input_file_ref idref="fl-fa"/>
      </object_component>
      <object_component id="oc-576">
         <name>.text</name>
         <load_address>0x2000b578</load_address>
         <run_address>0x2000b578</run_address>
         <size>0x1b6</size>
         <input_file_ref idref="fl-e1"/>
      </object_component>
      <object_component id="oc-5b">
         <name>.text</name>
         <load_address>0x2000b72e</load_address>
         <run_address>0x2000b72e</run_address>
         <size>0x2</size>
         <input_file_ref idref="fl-d1"/>
      </object_component>
      <object_component id="oc-3c5">
         <name>.text:_SlDrvDriverCBInit</name>
         <load_address>0x2000b730</load_address>
         <run_address>0x2000b730</run_address>
         <size>0x1b4</size>
         <input_file_ref idref="fl-fa"/>
      </object_component>
      <object_component id="oc-668">
         <name>.text:_SlDrvMsgWrite</name>
         <load_address>0x2000b8e4</load_address>
         <run_address>0x2000b8e4</run_address>
         <size>0x19c</size>
         <input_file_ref idref="fl-fa"/>
      </object_component>
      <object_component id="oc-4e3">
         <name>.text:_SlDrvWaitForPoolObj</name>
         <load_address>0x2000ba80</load_address>
         <run_address>0x2000ba80</run_address>
         <size>0x190</size>
         <input_file_ref idref="fl-fa"/>
      </object_component>
      <object_component id="oc-103">
         <name>.text:PRCMCC3200MCUInit</name>
         <load_address>0x2000bc10</load_address>
         <run_address>0x2000bc10</run_address>
         <size>0x178</size>
         <input_file_ref idref="fl-f3"/>
      </object_component>
      <object_component id="oc-7ea">
         <name>.text:_SlFindAndSetActiveObj</name>
         <load_address>0x2000bd88</load_address>
         <run_address>0x2000bd88</run_address>
         <size>0x170</size>
         <input_file_ref idref="fl-fa"/>
      </object_component>
      <object_component id="oc-4ad">
         <name>.text:sl_Connect</name>
         <load_address>0x2000bef8</load_address>
         <run_address>0x2000bef8</run_address>
         <size>0x16c</size>
         <input_file_ref idref="fl-fe"/>
      </object_component>
      <object_component id="oc-7a1">
         <name>.text:_SlDrvDataWriteOp</name>
         <load_address>0x2000c064</load_address>
         <run_address>0x2000c064</run_address>
         <size>0x150</size>
         <input_file_ref idref="fl-fa"/>
      </object_component>
      <object_component id="oc-3cb">
         <name>.text:spi_Open</name>
         <load_address>0x2000c1b4</load_address>
         <run_address>0x2000c1b4</run_address>
         <size>0x148</size>
         <input_file_ref idref="fl-100"/>
      </object_component>
      <object_component id="oc-55c">
         <name>.text</name>
         <load_address>0x2000c2fc</load_address>
         <run_address>0x2000c2fc</run_address>
         <size>0x136</size>
         <input_file_ref idref="fl-e3"/>
      </object_component>
      <object_component id="oc-a4">
         <name>.text</name>
         <load_address>0x2000c432</load_address>
         <run_address>0x2000c432</run_address>
         <size>0x2</size>
         <input_file_ref idref="fl-eb"/>
      </object_component>
      <object_component id="oc-25e">
         <name>.text:sl_NetAppDnsGetHostByName</name>
         <load_address>0x2000c434</load_address>
         <run_address>0x2000c434</run_address>
         <size>0x12c</size>
         <input_file_ref idref="fl-fb"/>
      </object_component>
      <object_component id="oc-66e">
         <name>.text:_SlDrvMsgReadCmdCtx</name>
         <load_address>0x2000c560</load_address>
         <run_address>0x2000c560</run_address>
         <size>0x128</size>
         <input_file_ref idref="fl-fa"/>
      </object_component>
      <object_component id="oc-42e">
         <name>.text:_SlDrvDriverCBDeinit</name>
         <load_address>0x2000c688</load_address>
         <run_address>0x2000c688</run_address>
         <size>0x124</size>
         <input_file_ref idref="fl-fa"/>
      </object_component>
      <object_component id="oc-6ae">
         <name>.text:sl_Send</name>
         <load_address>0x2000c7ac</load_address>
         <run_address>0x2000c7ac</run_address>
         <size>0x118</size>
         <input_file_ref idref="fl-fe"/>
      </object_component>
      <object_component id="oc-245">
         <name>.text</name>
         <load_address>0x2000c8c4</load_address>
         <run_address>0x2000c8c4</run_address>
         <size>0x114</size>
         <input_file_ref idref="fl-d7"/>
      </object_component>
      <object_component id="oc-82f">
         <name>.text:_SlDrvNetAppEventHandler</name>
         <load_address>0x2000c9d8</load_address>
         <run_address>0x2000c9d8</run_address>
         <size>0x104</size>
         <input_file_ref idref="fl-fb"/>
      </object_component>
      <object_component id="oc-557">
         <name>.text</name>
         <load_address>0x2000cadc</load_address>
         <run_address>0x2000cadc</run_address>
         <size>0xfc</size>
         <input_file_ref idref="fl-e4"/>
      </object_component>
      <object_component id="oc-7e4">
         <name>.text:spi_Read</name>
         <load_address>0x2000cbd8</load_address>
         <run_address>0x2000cbd8</run_address>
         <size>0xf0</size>
         <input_file_ref idref="fl-100"/>
      </object_component>
      <object_component id="oc-8bc">
         <name>.text:uDMAChannelTransferSet</name>
         <load_address>0x2000ccc8</load_address>
         <run_address>0x2000ccc8</run_address>
         <size>0xf0</size>
         <input_file_ref idref="fl-106"/>
      </object_component>
      <object_component id="oc-772">
         <name>.text:_SlAsyncEventGenericHandler</name>
         <load_address>0x2000cdb8</load_address>
         <run_address>0x2000cdb8</run_address>
         <size>0xe8</size>
         <input_file_ref idref="fl-fa"/>
      </object_component>
      <object_component id="oc-1eb">
         <name>.text:sl_Stop</name>
         <load_address>0x2000cea0</load_address>
         <run_address>0x2000cea0</run_address>
         <size>0xe4</size>
         <input_file_ref idref="fl-f9"/>
      </object_component>
      <object_component id="oc-1d9">
         <name>.text:sl_Start</name>
         <load_address>0x2000cf84</load_address>
         <run_address>0x2000cf84</run_address>
         <size>0xe0</size>
         <input_file_ref idref="fl-f9"/>
      </object_component>
      <object_component id="oc-7de">
         <name>.text:_SlDrvClassifyRxMsg</name>
         <load_address>0x2000d064</load_address>
         <run_address>0x2000d064</run_address>
         <size>0xdc</size>
         <input_file_ref idref="fl-fa"/>
      </object_component>
      <object_component id="oc-64f">
         <name>.text:_SlDrvMsgReadSpawnCtx</name>
         <load_address>0x2000d140</load_address>
         <run_address>0x2000d140</run_address>
         <size>0xd4</size>
         <input_file_ref idref="fl-fa"/>
      </object_component>
      <object_component id="oc-302">
         <name>.text:SPITransfer32</name>
         <load_address>0x2000d214</load_address>
         <run_address>0x2000d214</run_address>
         <size>0xd0</size>
         <input_file_ref idref="fl-f4"/>
      </object_component>
      <object_component id="oc-581">
         <name>.text</name>
         <load_address>0x2000d2e4</load_address>
         <run_address>0x2000d2e4</run_address>
         <size>0xd0</size>
         <input_file_ref idref="fl-ea"/>
      </object_component>
      <object_component id="oc-2fc">
         <name>.text:SPITransfer16</name>
         <load_address>0x2000d3b4</load_address>
         <run_address>0x2000d3b4</run_address>
         <size>0xce</size>
         <input_file_ref idref="fl-f4"/>
      </object_component>
      <object_component id="oc-87a">
         <name>.text:_sl_HandleAsync_DnsGetHostByService</name>
         <load_address>0x2000d484</load_address>
         <run_address>0x2000d484</run_address>
         <size>0xcc</size>
         <input_file_ref idref="fl-fb"/>
      </object_component>
      <object_component id="oc-469">
         <name>.text:sl_NetAppMDNSRegisterUnregisterService</name>
         <load_address>0x2000d550</load_address>
         <run_address>0x2000d550</run_address>
         <size>0xc8</size>
         <input_file_ref idref="fl-fb"/>
      </object_component>
      <object_component id="oc-62f">
         <name>.text:_SlRemoveFromList</name>
         <load_address>0x2000d618</load_address>
         <run_address>0x2000d618</run_address>
         <size>0xc4</size>
         <input_file_ref idref="fl-fa"/>
      </object_component>
      <object_component id="oc-418">
         <name>.text:_SlDrvCmdOp</name>
         <load_address>0x2000d6dc</load_address>
         <run_address>0x2000d6dc</run_address>
         <size>0xc0</size>
         <input_file_ref idref="fl-fa"/>
      </object_component>
      <object_component id="oc-2f6">
         <name>.text:SPITransfer8</name>
         <load_address>0x2000d79c</load_address>
         <run_address>0x2000d79c</run_address>
         <size>0xb8</size>
         <input_file_ref idref="fl-f4"/>
      </object_component>
      <object_component id="oc-1f1">
         <name>.text:sl_DevGet</name>
         <load_address>0x2000d854</load_address>
         <run_address>0x2000d854</run_address>
         <size>0xb4</size>
         <input_file_ref idref="fl-f9"/>
      </object_component>
      <object_component id="oc-60e">
         <name>.text:IntDisable</name>
         <load_address>0x2000d908</load_address>
         <run_address>0x2000d908</run_address>
         <size>0xa8</size>
         <input_file_ref idref="fl-f1"/>
      </object_component>
      <object_component id="oc-fd">
         <name>.text:IntEnable</name>
         <load_address>0x2000d9b0</load_address>
         <run_address>0x2000d9b0</run_address>
         <size>0xa8</size>
         <input_file_ref idref="fl-f1"/>
      </object_component>
      <object_component id="oc-628">
         <name>.text:_SlDriverHandleError</name>
         <load_address>0x2000da58</load_address>
         <run_address>0x2000da58</run_address>
         <size>0xa4</size>
         <input_file_ref idref="fl-fa"/>
      </object_component>
      <object_component id="oc-11b">
         <name>.text:SPIConfigSetExpClk</name>
         <load_address>0x2000dafc</load_address>
         <run_address>0x2000dafc</run_address>
         <size>0xa0</size>
         <input_file_ref idref="fl-f4"/>
      </object_component>
      <object_component id="oc-36">
         <name>.text</name>
         <load_address>0x2000db9c</load_address>
         <run_address>0x2000db9c</run_address>
         <size>0x9c</size>
         <input_file_ref idref="fl-cd"/>
      </object_component>
      <object_component id="oc-860">
         <name>.text:_SlDrvDeviceEventHandler</name>
         <load_address>0x2000dc38</load_address>
         <run_address>0x2000dc38</run_address>
         <size>0x9a</size>
         <input_file_ref idref="fl-f9"/>
      </object_component>
      <object_component id="oc-77b">
         <name>.text:spi_Write</name>
         <load_address>0x2000dcd4</load_address>
         <run_address>0x2000dcd4</run_address>
         <size>0x98</size>
         <input_file_ref idref="fl-100"/>
      </object_component>
      <object_component id="oc-115">
         <name>.text:PRCMPeripheralClockGet</name>
         <load_address>0x2000dd6c</load_address>
         <run_address>0x2000dd6c</run_address>
         <size>0x94</size>
         <input_file_ref idref="fl-f3"/>
      </object_component>
      <object_component id="oc-874">
         <name>.text:_sl_HandleAsync_DnsGetHostByName</name>
         <load_address>0x2000de00</load_address>
         <run_address>0x2000de00</run_address>
         <size>0x90</size>
         <input_file_ref idref="fl-fb"/>
      </object_component>
      <object_component id="oc-835">
         <name>.text:_sl_HandleAsync_PingResponse</name>
         <load_address>0x2000de90</load_address>
         <run_address>0x2000de90</run_address>
         <size>0x90</size>
         <input_file_ref idref="fl-fb"/>
      </object_component>
      <object_component id="oc-83c">
         <name>.text:SetupDMAReceive</name>
         <load_address>0x2000df20</load_address>
         <run_address>0x2000df20</run_address>
         <size>0x8c</size>
         <input_file_ref idref="fl-100"/>
      </object_component>
      <object_component id="oc-7f5">
         <name>.text:SetupDMASend</name>
         <load_address>0x2000dfac</load_address>
         <run_address>0x2000dfac</run_address>
         <size>0x8c</size>
         <input_file_ref idref="fl-100"/>
      </object_component>
      <object_component id="oc-14e">
         <name>.text</name>
         <load_address>0x2000e038</load_address>
         <run_address>0x2000e038</run_address>
         <size>0x8c</size>
         <input_file_ref idref="fl-8"/>
      </object_component>
      <object_component id="oc-532">
         <name>.text:PinConfigSet</name>
         <load_address>0x2000e0c4</load_address>
         <run_address>0x2000e0c4</run_address>
         <size>0x88</size>
         <input_file_ref idref="fl-f2"/>
      </object_component>
      <object_component id="oc-127">
         <name>.text:SPITransfer</name>
         <load_address>0x2000e14c</load_address>
         <run_address>0x2000e14c</run_address>
         <size>0x88</size>
         <input_file_ref idref="fl-f4"/>
      </object_component>
      <object_component id="oc-18e">
         <name>.text</name>
         <load_address>0x2000e1d4</load_address>
         <run_address>0x2000e1d4</run_address>
         <size>0x88</size>
         <input_file_ref idref="fl-d8"/>
      </object_component>
      <object_component id="oc-6a8">
         <name>.text:sl_Recv</name>
         <load_address>0x2000e25c</load_address>
         <run_address>0x2000e25c</run_address>
         <size>0x88</size>
         <input_file_ref idref="fl-fe"/>
      </object_component>
      <object_component id="oc-552">
         <name>.text:__aeabi_cdcmple</name>
         <load_address>0x2000e2e4</load_address>
         <run_address>0x2000e2e4</run_address>
         <size>0x86</size>
         <input_file_ref idref="fl-e2"/>
      </object_component>
      <object_component id="oc-561">
         <name>.text:__aeabi_cdrcmple</name>
         <load_address>0x2000e36a</load_address>
         <run_address>0x2000e36a</run_address>
         <size>0x86</size>
         <input_file_ref idref="fl-e2"/>
      </object_component>
      <object_component id="oc-3a4">
         <name>.text:I2CMasterInitExpClk</name>
         <load_address>0x2000e3f0</load_address>
         <run_address>0x2000e3f0</run_address>
         <size>0x84</size>
         <input_file_ref idref="fl-f0"/>
      </object_component>
      <object_component id="oc-2c2">
         <name>.text:GPIOIntTypeSet</name>
         <load_address>0x2000e474</load_address>
         <run_address>0x2000e474</run_address>
         <size>0x82</size>
         <input_file_ref idref="fl-ef"/>
      </object_component>
      <object_component id="oc-89c">
         <name>.text:_sl_HandleAsync_Connect</name>
         <load_address>0x2000e4f8</load_address>
         <run_address>0x2000e4f8</run_address>
         <size>0x80</size>
         <input_file_ref idref="fl-fe"/>
      </object_component>
      <object_component id="oc-8c9">
         <name>.text:_sl_HandleAsync_InitComplete</name>
         <load_address>0x2000e578</load_address>
         <run_address>0x2000e578</run_address>
         <size>0x80</size>
         <input_file_ref idref="fl-f9"/>
      </object_component>
      <object_component id="oc-842">
         <name>.text:spi_Read_CPU</name>
         <load_address>0x2000e5f8</load_address>
         <run_address>0x2000e5f8</run_address>
         <size>0x80</size>
         <input_file_ref idref="fl-100"/>
      </object_component>
      <object_component id="oc-801">
         <name>.text:spi_Write_CPU</name>
         <load_address>0x2000e678</load_address>
         <run_address>0x2000e678</run_address>
         <size>0x80</size>
         <input_file_ref idref="fl-100"/>
      </object_component>
      <object_component id="oc-209">
         <name>.text:sl_NetCfgSet</name>
         <load_address>0x2000e6f8</load_address>
         <run_address>0x2000e6f8</run_address>
         <size>0x7c</size>
         <input_file_ref idref="fl-fc"/>
      </object_component>
      <object_component id="oc-492">
         <name>.text:sl_SetSockOpt</name>
         <load_address>0x2000e774</load_address>
         <run_address>0x2000e774</run_address>
         <size>0x7c</size>
         <input_file_ref idref="fl-fe"/>
      </object_component>
      <object_component id="oc-20f">
         <name>.text:sl_WlanSet</name>
         <load_address>0x2000e7f0</load_address>
         <run_address>0x2000e7f0</run_address>
         <size>0x7c</size>
         <input_file_ref idref="fl-ff"/>
      </object_component>
      <object_component id="oc-4f">
         <name>.text</name>
         <load_address>0x2000e86c</load_address>
         <run_address>0x2000e86c</run_address>
         <size>0x7a</size>
         <input_file_ref idref="fl-d0"/>
      </object_component>
      <object_component id="oc-5be">
         <name>.text:_SlNonOsSemGet</name>
         <load_address>0x2000e8e8</load_address>
         <run_address>0x2000e8e8</run_address>
         <size>0x78</size>
         <input_file_ref idref="fl-fd"/>
      </object_component>
      <object_component id="oc-1f7">
         <name>.text:sl_WlanPolicySet</name>
         <load_address>0x2000e960</load_address>
         <run_address>0x2000e960</run_address>
         <size>0x78</size>
         <input_file_ref idref="fl-ff"/>
      </object_component>
      <object_component id="oc-428">
         <name>.text:spi_Close</name>
         <load_address>0x2000e9d8</load_address>
         <run_address>0x2000e9d8</run_address>
         <size>0x78</size>
         <input_file_ref idref="fl-100"/>
      </object_component>
      <object_component id="oc-182">
         <name>.text:UARTConfigSetExpClk</name>
         <load_address>0x2000ea50</load_address>
         <run_address>0x2000ea50</run_address>
         <size>0x76</size>
         <input_file_ref idref="fl-f5"/>
      </object_component>
      <object_component id="oc-1df">
         <name>.text:_SlNonOsMainLoopTask</name>
         <load_address>0x2000eac8</load_address>
         <run_address>0x2000eac8</run_address>
         <size>0x74</size>
         <input_file_ref idref="fl-fd"/>
      </object_component>
      <object_component id="oc-67">
         <name>.text</name>
         <load_address>0x2000eb3c</load_address>
         <run_address>0x2000eb3c</run_address>
         <size>0x70</size>
         <input_file_ref idref="fl-dd"/>
      </object_component>
      <object_component id="oc-4a7">
         <name>.text:sl_Socket</name>
         <load_address>0x2000ebac</load_address>
         <run_address>0x2000ebac</run_address>
         <size>0x70</size>
         <input_file_ref idref="fl-fe"/>
      </object_component>
      <object_component id="oc-8e1">
         <name>.text:_SlDrvCmdSend</name>
         <load_address>0x2000ec1c</load_address>
         <run_address>0x2000ec1c</run_address>
         <size>0x6c</size>
         <input_file_ref idref="fl-fa"/>
      </object_component>
      <object_component id="oc-886">
         <name>.text:_sl_NetAppSendTokenValue</name>
         <load_address>0x2000ec88</load_address>
         <run_address>0x2000ec88</run_address>
         <size>0x6c</size>
         <input_file_ref idref="fl-fb"/>
      </object_component>
      <object_component id="oc-21e">
         <name>.text:sl_WlanRxFilterSet</name>
         <load_address>0x2000ecf4</load_address>
         <run_address>0x2000ecf4</run_address>
         <size>0x6c</size>
         <input_file_ref idref="fl-ff"/>
      </object_component>
      <object_component id="oc-42">
         <name>.text</name>
         <load_address>0x2000ed60</load_address>
         <run_address>0x2000ed60</run_address>
         <size>0x6a</size>
         <input_file_ref idref="fl-ca"/>
      </object_component>
      <object_component id="oc-649">
         <name>.text:_SlNonOsSpawn</name>
         <load_address>0x2000edcc</load_address>
         <run_address>0x2000edcc</run_address>
         <size>0x64</size>
         <input_file_ref idref="fl-fd"/>
      </object_component>
      <object_component id="oc-896">
         <name>.text:_sl_HandleAsync_Accept</name>
         <load_address>0x2000ee30</load_address>
         <run_address>0x2000ee30</run_address>
         <size>0x64</size>
         <input_file_ref idref="fl-fe"/>
      </object_component>
      <object_component id="oc-734">
         <name>.text:uDMAChannelAttributeDisable</name>
         <load_address>0x2000ee94</load_address>
         <run_address>0x2000ee94</run_address>
         <size>0x64</size>
         <input_file_ref idref="fl-106"/>
      </object_component>
      <object_component id="oc-8b6">
         <name>.text:uDMAChannelAttributeEnable</name>
         <load_address>0x2000eef8</load_address>
         <run_address>0x2000eef8</run_address>
         <size>0x64</size>
         <input_file_ref idref="fl-106"/>
      </object_component>
      <object_component id="oc-24c">
         <name>.text</name>
         <load_address>0x2000ef5c</load_address>
         <run_address>0x2000ef5c</run_address>
         <size>0x60</size>
         <input_file_ref idref="fl-d3"/>
      </object_component>
      <object_component id="oc-57b">
         <name>.text</name>
         <load_address>0x2000efbc</load_address>
         <run_address>0x2000efbc</run_address>
         <size>0x5c</size>
         <input_file_ref idref="fl-e9"/>
      </object_component>
      <object_component id="oc-61a">
         <name>.text:IntPendClear</name>
         <load_address>0x2000f018</load_address>
         <run_address>0x2000f018</run_address>
         <size>0x58</size>
         <input_file_ref idref="fl-f1"/>
      </object_component>
      <object_component id="oc-15a">
         <name>.text:PRCMPeripheralReset</name>
         <load_address>0x2000f070</load_address>
         <run_address>0x2000f070</run_address>
         <size>0x58</size>
         <input_file_ref idref="fl-f3"/>
      </object_component>
      <object_component id="oc-56b">
         <name>.text</name>
         <load_address>0x2000f0c8</load_address>
         <run_address>0x2000f0c8</run_address>
         <size>0x56</size>
         <input_file_ref idref="fl-e7"/>
      </object_component>
      <object_component id="oc-2c8">
         <name>.text:IntPrioritySet</name>
         <load_address>0x2000f120</load_address>
         <run_address>0x2000f120</run_address>
         <size>0x54</size>
         <input_file_ref idref="fl-f1"/>
      </object_component>
      <object_component id="oc-401">
         <name>.text:_SlDrvRxIrqHandler</name>
         <load_address>0x2000f174</load_address>
         <run_address>0x2000f174</run_address>
         <size>0x54</size>
         <input_file_ref idref="fl-fa"/>
      </object_component>
      <object_component id="oc-8a2">
         <name>.text:_sl_HandleAsync_Select</name>
         <load_address>0x2000f1c8</load_address>
         <run_address>0x2000f1c8</run_address>
         <size>0x54</size>
         <input_file_ref idref="fl-fe"/>
      </object_component>
      <object_component id="oc-73">
         <name>.text</name>
         <load_address>0x2000f21c</load_address>
         <run_address>0x2000f21c</run_address>
         <size>0x54</size>
         <input_file_ref idref="fl-cc"/>
      </object_component>
      <object_component id="oc-8a8">
         <name>.text:_sl_HandleAsync_Stop</name>
         <load_address>0x2000f270</load_address>
         <run_address>0x2000f270</run_address>
         <size>0x50</size>
         <input_file_ref idref="fl-f9"/>
      </object_component>
      <object_component id="oc-5ed">
         <name>.text:SPIIntEnable</name>
         <load_address>0x2000f2c0</load_address>
         <run_address>0x2000f2c0</run_address>
         <size>0x4c</size>
         <input_file_ref idref="fl-f4"/>
      </object_component>
      <object_component id="oc-786">
         <name>.text:SPIIntNumberGet</name>
         <load_address>0x2000f30c</load_address>
         <run_address>0x2000f30c</run_address>
         <size>0x4c</size>
         <input_file_ref idref="fl-f4"/>
      </object_component>
      <object_component id="oc-3d1">
         <name>.text:_SlDrvProtectAsyncRespSetting</name>
         <load_address>0x2000f358</load_address>
         <run_address>0x2000f358</run_address>
         <size>0x4c</size>
         <input_file_ref idref="fl-fa"/>
      </object_component>
      <object_component id="oc-6cd">
         <name>.text:_sl_BuildAddress</name>
         <load_address>0x2000f3a4</load_address>
         <run_address>0x2000f3a4</run_address>
         <size>0x4c</size>
         <input_file_ref idref="fl-fe"/>
      </object_component>
      <object_component id="oc-58d">
         <name>.text</name>
         <load_address>0x2000f3f0</load_address>
         <run_address>0x2000f3f0</run_address>
         <size>0x4c</size>
         <input_file_ref idref="fl-dc"/>
      </object_component>
      <object_component id="oc-9e">
         <name>.text</name>
         <load_address>0x2000f43c</load_address>
         <run_address>0x2000f43c</run_address>
         <size>0x4c</size>
         <input_file_ref idref="fl-de"/>
      </object_component>
      <object_component id="oc-72e">
         <name>.text:uDMAChannelAssign</name>
         <load_address>0x2000f488</load_address>
         <run_address>0x2000f488</run_address>
         <size>0x4c</size>
         <input_file_ref idref="fl-106"/>
      </object_component>
      <object_component id="oc-516">
         <name>.text:GPIOGetIntNumber</name>
         <load_address>0x2000f4d4</load_address>
         <run_address>0x2000f4d4</run_address>
         <size>0x48</size>
         <input_file_ref idref="fl-ef"/>
      </object_component>
      <object_component id="oc-74e">
         <name>.text:SPIIntClear</name>
         <load_address>0x2000f51c</load_address>
         <run_address>0x2000f51c</run_address>
         <size>0x48</size>
         <input_file_ref idref="fl-f4"/>
      </object_component>
      <object_component id="oc-454">
         <name>.text:_SlDrvBasicCmd</name>
         <load_address>0x2000f564</load_address>
         <run_address>0x2000f564</run_address>
         <size>0x48</size>
         <input_file_ref idref="fl-fa"/>
      </object_component>
      <object_component id="oc-566">
         <name>.text</name>
         <load_address>0x2000f5ac</load_address>
         <run_address>0x2000f5ac</run_address>
         <size>0x48</size>
         <input_file_ref idref="fl-e5"/>
      </object_component>
      <object_component id="oc-215">
         <name>.text:sl_NetAppMDNSUnRegisterService</name>
         <load_address>0x2000f5f4</load_address>
         <run_address>0x2000f5f4</run_address>
         <size>0x48</size>
         <input_file_ref idref="fl-fb"/>
      </object_component>
      <object_component id="oc-73e">
         <name>.text:SPIDmaMaskGet</name>
         <load_address>0x2000f63c</load_address>
         <run_address>0x2000f63c</run_address>
         <size>0x44</size>
         <input_file_ref idref="fl-f4"/>
      </object_component>
      <object_component id="oc-8da">
         <name>.text:_SlDrvHandleHttpServerEvents</name>
         <load_address>0x2000f680</load_address>
         <run_address>0x2000f680</run_address>
         <size>0x44</size>
         <input_file_ref idref="fl-fa"/>
      </object_component>
      <object_component id="oc-3e9">
         <name>.text:_SlDrvSyncObjWaitTimeout</name>
         <load_address>0x2000f6c4</load_address>
         <run_address>0x2000f6c4</run_address>
         <size>0x44</size>
         <input_file_ref idref="fl-fa"/>
      </object_component>
      <object_component id="oc-84f">
         <name>.text:cc_SetupTransfer</name>
         <load_address>0x2000f708</load_address>
         <run_address>0x2000f708</run_address>
         <size>0x44</size>
         <input_file_ref idref="fl-100"/>
      </object_component>
      <object_component id="oc-4b3">
         <name>.text:sl_Close</name>
         <load_address>0x2000f74c</load_address>
         <run_address>0x2000f74c</run_address>
         <size>0x44</size>
         <input_file_ref idref="fl-fe"/>
      </object_component>
      <object_component id="oc-1fd">
         <name>.text:sl_WlanProfileDel</name>
         <load_address>0x2000f790</load_address>
         <run_address>0x2000f790</run_address>
         <size>0x44</size>
         <input_file_ref idref="fl-ff"/>
      </object_component>
      <object_component id="oc-1e5">
         <name>.text:sl_WlanSetMode</name>
         <load_address>0x2000f7d4</load_address>
         <run_address>0x2000f7d4</run_address>
         <size>0x44</size>
         <input_file_ref idref="fl-ff"/>
      </object_component>
      <object_component id="oc-26a">
         <name>.text:sl_Htonl</name>
         <load_address>0x2000f818</load_address>
         <run_address>0x2000f818</run_address>
         <size>0x42</size>
         <input_file_ref idref="fl-fe"/>
      </object_component>
      <object_component id="oc-538">
         <name>.text:PinModeSet</name>
         <load_address>0x2000f85c</load_address>
         <run_address>0x2000f85c</run_address>
         <size>0x40</size>
         <input_file_ref idref="fl-f2"/>
      </object_component>
      <object_component id="oc-86c">
         <name>.text:_SlDrvHandleNetAppEvents</name>
         <load_address>0x2000f89c</load_address>
         <run_address>0x2000f89c</run_address>
         <size>0x40</size>
         <input_file_ref idref="fl-fa"/>
      </object_component>
      <object_component id="oc-866">
         <name>.text:_SlDrvHandleWlanEvents</name>
         <load_address>0x2000f8dc</load_address>
         <run_address>0x2000f8dc</run_address>
         <size>0x40</size>
         <input_file_ref idref="fl-fa"/>
      </object_component>
      <object_component id="oc-79b">
         <name>.text:_sl_TruncatePayloadByProtocol</name>
         <load_address>0x2000f91c</load_address>
         <run_address>0x2000f91c</run_address>
         <size>0x40</size>
         <input_file_ref idref="fl-fe"/>
      </object_component>
      <object_component id="oc-24">
         <name>.text</name>
         <load_address>0x2000f95c</load_address>
         <run_address>0x2000f95c</run_address>
         <size>0x40</size>
         <input_file_ref idref="fl-c8"/>
      </object_component>
      <object_component id="oc-3dd">
         <name>.text:NwpRegisterInterruptHandler</name>
         <load_address>0x2000f99c</load_address>
         <run_address>0x2000f99c</run_address>
         <size>0x3e</size>
         <input_file_ref idref="fl-100"/>
      </object_component>
      <object_component id="oc-88d">
         <name>.text:CopyPingResultsToReport</name>
         <load_address>0x2000f9da</load_address>
         <run_address>0x2000f9da</run_address>
         <size>0x3c</size>
         <input_file_ref idref="fl-fb"/>
      </object_component>
      <object_component id="oc-154">
         <name>.text:PRCMPeripheralClkEnable</name>
         <load_address>0x2000fa18</load_address>
         <run_address>0x2000fa18</run_address>
         <size>0x3c</size>
         <input_file_ref idref="fl-f3"/>
      </object_component>
      <object_component id="oc-264">
         <name>.text:sl_Htons</name>
         <load_address>0x2000fa54</load_address>
         <run_address>0x2000fa54</run_address>
         <size>0x3c</size>
         <input_file_ref idref="fl-fe"/>
      </object_component>
      <object_component id="oc-8b0">
         <name>.text:uDMAChannelControlSet</name>
         <load_address>0x2000fa90</load_address>
         <run_address>0x2000fa90</run_address>
         <size>0x3c</size>
         <input_file_ref idref="fl-106"/>
      </object_component>
      <object_component id="oc-3d7">
         <name>.text:NwpPowerOff</name>
         <load_address>0x2000facc</load_address>
         <run_address>0x2000facc</run_address>
         <size>0x38</size>
         <input_file_ref idref="fl-100"/>
      </object_component>
      <object_component id="oc-329">
         <name>.text:GPIODirModeSet</name>
         <load_address>0x2000fb04</load_address>
         <run_address>0x2000fb04</run_address>
         <size>0x36</size>
         <input_file_ref idref="fl-ef"/>
      </object_component>
      <object_component id="oc-5cf">
         <name>.text:PRCMPeripheralStatusGet</name>
         <load_address>0x2000fb3c</load_address>
         <run_address>0x2000fb3c</run_address>
         <size>0x34</size>
         <input_file_ref idref="fl-f3"/>
      </object_component>
      <object_component id="oc-5e7">
         <name>.text:SPIFIFOLevelSet</name>
         <load_address>0x2000fb70</load_address>
         <run_address>0x2000fb70</run_address>
         <size>0x34</size>
         <input_file_ref idref="fl-f4"/>
      </object_component>
      <object_component id="oc-323">
         <name>.text:PinTypeGPIO</name>
         <load_address>0x2000fba4</load_address>
         <run_address>0x2000fba4</run_address>
         <size>0x30</size>
         <input_file_ref idref="fl-f2"/>
      </object_component>
      <object_component id="oc-345">
         <name>.text:UARTDisable</name>
         <load_address>0x2000fbd4</load_address>
         <run_address>0x2000fbd4</run_address>
         <size>0x30</size>
         <input_file_ref idref="fl-f5"/>
      </object_component>
      <object_component id="oc-571">
         <name>.text</name>
         <load_address>0x2000fc04</load_address>
         <run_address>0x2000fc04</run_address>
         <size>0x2e</size>
         <input_file_ref idref="fl-e6"/>
      </object_component>
      <object_component id="oc-38c">
         <name>.text:I2CMasterErr</name>
         <load_address>0x2000fc32</load_address>
         <run_address>0x2000fc32</run_address>
         <size>0x2c</size>
         <input_file_ref idref="fl-f0"/>
      </object_component>
      <object_component id="oc-2a3">
         <name>.text:PRCMSysResetCauseGet</name>
         <load_address>0x2000fc60</load_address>
         <run_address>0x2000fc60</run_address>
         <size>0x2c</size>
         <input_file_ref idref="fl-f3"/>
      </object_component>
      <object_component id="oc-65c">
         <name>.text:_SlDrvObjGlobalLockWaitForever</name>
         <load_address>0x2000fc8c</load_address>
         <run_address>0x2000fc8c</run_address>
         <size>0x2c</size>
         <input_file_ref idref="fl-fa"/>
      </object_component>
      <object_component id="oc-4e9">
         <name>.text:_SlDrvProtectionObjLockWaitForever</name>
         <load_address>0x2000fcb8</load_address>
         <run_address>0x2000fcb8</run_address>
         <size>0x2c</size>
         <input_file_ref idref="fl-fa"/>
      </object_component>
      <object_component id="oc-2b5">
         <name>.text:PRCMPeripheralClkDisable</name>
         <load_address>0x2000fce4</load_address>
         <run_address>0x2000fce4</run_address>
         <size>0x28</size>
         <input_file_ref idref="fl-f3"/>
      </object_component>
      <object_component id="oc-662">
         <name>.text:_SlDrvGlobalObjUnLock</name>
         <load_address>0x2000fd0c</load_address>
         <run_address>0x2000fd0c</run_address>
         <size>0x28</size>
         <input_file_ref idref="fl-fa"/>
      </object_component>
      <object_component id="oc-4ef">
         <name>.text:_SlDrvProtectionObjUnLock</name>
         <load_address>0x2000fd34</load_address>
         <run_address>0x2000fd34</run_address>
         <size>0x28</size>
         <input_file_ref idref="fl-fa"/>
      </object_component>
      <object_component id="oc-4f5">
         <name>.text:_SlDrvSyncObjWaitForever</name>
         <load_address>0x2000fd5c</load_address>
         <run_address>0x2000fd5c</run_address>
         <size>0x28</size>
         <input_file_ref idref="fl-fa"/>
      </object_component>
      <object_component id="oc-8f6">
         <name>.text</name>
         <load_address>0x2000fd84</load_address>
         <run_address>0x2000fd84</run_address>
         <size>0x26</size>
         <input_file_ref idref="fl-7"/>
      </object_component>
      <object_component id="oc-234">
         <name>.text</name>
         <load_address>0x2000fdaa</load_address>
         <run_address>0x2000fdaa</run_address>
         <size>0x26</size>
         <input_file_ref idref="fl-d6"/>
      </object_component>
      <object_component id="oc-5f9">
         <name>.text:DmaSpiSwIntHandler</name>
         <load_address>0x2000fdd0</load_address>
         <run_address>0x2000fdd0</run_address>
         <size>0x24</size>
         <input_file_ref idref="fl-100"/>
      </object_component>
      <object_component id="oc-614">
         <name>.text:IntUnregister</name>
         <load_address>0x2000fdf4</load_address>
         <run_address>0x2000fdf4</run_address>
         <size>0x24</size>
         <input_file_ref idref="fl-f1"/>
      </object_component>
      <object_component id="oc-34b">
         <name>.text:UARTEnable</name>
         <load_address>0x2000fe18</load_address>
         <run_address>0x2000fe18</run_address>
         <size>0x24</size>
         <input_file_ref idref="fl-f5"/>
      </object_component>
      <object_component id="oc-80e">
         <name>.text:_SlDrvObjLockWaitForever</name>
         <load_address>0x2000fe3c</load_address>
         <run_address>0x2000fe3c</run_address>
         <size>0x24</size>
         <input_file_ref idref="fl-fa"/>
      </object_component>
      <object_component id="oc-1a6">
         <name>.text</name>
         <load_address>0x2000fe60</load_address>
         <run_address>0x2000fe60</run_address>
         <size>0x24</size>
         <input_file_ref idref="fl-ce"/>
      </object_component>
      <object_component id="oc-392">
         <name>.text:I2CMasterSlaveAddrSet</name>
         <load_address>0x2000fe84</load_address>
         <run_address>0x2000fe84</run_address>
         <size>0x22</size>
         <input_file_ref idref="fl-f0"/>
      </object_component>
      <object_component id="oc-10f">
         <name>.text:SPIReset</name>
         <load_address>0x2000fea6</load_address>
         <run_address>0x2000fea6</run_address>
         <size>0x22</size>
         <input_file_ref idref="fl-f4"/>
      </object_component>
      <object_component id="oc-7fb">
         <name>.text:SPIWordCountSet</name>
         <load_address>0x2000fec8</load_address>
         <run_address>0x2000fec8</run_address>
         <size>0x22</size>
         <input_file_ref idref="fl-f4"/>
      </object_component>
      <object_component id="oc-2bc">
         <name>.text:GPIOPinWrite</name>
         <load_address>0x2000feea</load_address>
         <run_address>0x2000feea</run_address>
         <size>0x20</size>
         <input_file_ref idref="fl-ef"/>
      </object_component>
      <object_component id="oc-51c">
         <name>.text:IntRegister</name>
         <load_address>0x2000ff0c</load_address>
         <run_address>0x2000ff0c</run_address>
         <size>0x20</size>
         <input_file_ref idref="fl-f1"/>
      </object_component>
      <object_component id="oc-3e3">
         <name>.text:NwpPowerOn</name>
         <load_address>0x2000ff2c</load_address>
         <run_address>0x2000ff2c</run_address>
         <size>0x20</size>
         <input_file_ref idref="fl-100"/>
      </object_component>
      <object_component id="oc-139">
         <name>.text:SPIDataGet</name>
         <load_address>0x2000ff4c</load_address>
         <run_address>0x2000ff4c</run_address>
         <size>0x20</size>
         <input_file_ref idref="fl-f4"/>
      </object_component>
      <object_component id="oc-814">
         <name>.text:_SlDrvObjUnLock</name>
         <load_address>0x2000ff6c</load_address>
         <run_address>0x2000ff6c</run_address>
         <size>0x20</size>
         <input_file_ref idref="fl-fa"/>
      </object_component>
      <object_component id="oc-635">
         <name>.text:_SlDrvSyncObjSignal</name>
         <load_address>0x2000ff8c</load_address>
         <run_address>0x2000ff8c</run_address>
         <size>0x20</size>
         <input_file_ref idref="fl-fa"/>
      </object_component>
      <object_component id="oc-203">
         <name>.text:sl_WlanDisconnect</name>
         <load_address>0x2000ffac</load_address>
         <run_address>0x2000ffac</run_address>
         <size>0x20</size>
         <input_file_ref idref="fl-ff"/>
      </object_component>
      <object_component id="oc-2ce">
         <name>.text:GPIOIntRegister</name>
         <load_address>0x2000ffcc</load_address>
         <run_address>0x2000ffcc</run_address>
         <size>0x1e</size>
         <input_file_ref idref="fl-ef"/>
      </object_component>
      <object_component id="oc-374">
         <name>.text:I2CMasterIntStatusEx</name>
         <load_address>0x2000ffea</load_address>
         <run_address>0x2000ffea</run_address>
         <size>0x1e</size>
         <input_file_ref idref="fl-f0"/>
      </object_component>
      <object_component id="oc-133">
         <name>.text:SPIDataPut</name>
         <load_address>0x20010008</load_address>
         <run_address>0x20010008</run_address>
         <size>0x1e</size>
         <input_file_ref idref="fl-f4"/>
      </object_component>
      <object_component id="oc-188">
         <name>.text:UARTCharPut</name>
         <load_address>0x20010026</load_address>
         <run_address>0x20010026</run_address>
         <size>0x1e</size>
         <input_file_ref idref="fl-f5"/>
      </object_component>
      <object_component id="oc-5d5">
         <name>.text:cc_UDMAChannelSelect</name>
         <load_address>0x20010044</load_address>
         <run_address>0x20010044</run_address>
         <size>0x1e</size>
         <input_file_ref idref="fl-100"/>
      </object_component>
      <object_component id="oc-19a">
         <name>.text:UARTCharGetNonBlocking</name>
         <load_address>0x20010062</load_address>
         <run_address>0x20010062</run_address>
         <size>0x1c</size>
         <input_file_ref idref="fl-f5"/>
      </object_component>
      <object_component id="oc-587">
         <name>.text</name>
         <load_address>0x2001007e</load_address>
         <run_address>0x2001007e</run_address>
         <size>0x1c</size>
         <input_file_ref idref="fl-e8"/>
      </object_component>
      <object_component id="oc-8c2">
         <name>.text:uDMAChannelEnable</name>
         <load_address>0x2001009c</load_address>
         <run_address>0x2001009c</run_address>
         <size>0x1c</size>
         <input_file_ref idref="fl-106"/>
      </object_component>
      <object_component id="oc-2da">
         <name>.text:GPIOIntEnable</name>
         <load_address>0x200100b8</load_address>
         <run_address>0x200100b8</run_address>
         <size>0x1a</size>
         <input_file_ref idref="fl-ef"/>
      </object_component>
      <object_component id="oc-335">
         <name>.text:PinTypeSPI</name>
         <load_address>0x200100d2</load_address>
         <run_address>0x200100d2</run_address>
         <size>0x1a</size>
         <input_file_ref idref="fl-f2"/>
      </object_component>
      <object_component id="oc-32f">
         <name>.text:PinTypeUART</name>
         <load_address>0x200100ec</load_address>
         <run_address>0x200100ec</run_address>
         <size>0x1a</size>
         <input_file_ref idref="fl-f2"/>
      </object_component>
      <object_component id="oc-685">
         <name>.text:SPIDmaDisable</name>
         <load_address>0x20010106</load_address>
         <run_address>0x20010106</run_address>
         <size>0x1a</size>
         <input_file_ref idref="fl-f4"/>
      </object_component>
      <object_component id="oc-5e1">
         <name>.text:SPIDmaEnable</name>
         <load_address>0x20010120</load_address>
         <run_address>0x20010120</run_address>
         <size>0x1a</size>
         <input_file_ref idref="fl-f4"/>
      </object_component>
      <object_component id="oc-67f">
         <name>.text:SPIFIFODisable</name>
         <load_address>0x2001013a</load_address>
         <run_address>0x2001013a</run_address>
         <size>0x1a</size>
         <input_file_ref idref="fl-f4"/>
      </object_component>
      <object_component id="oc-5db">
         <name>.text:SPIFIFOEnable</name>
         <load_address>0x20010154</load_address>
         <run_address>0x20010154</run_address>
         <size>0x1a</size>
         <input_file_ref idref="fl-f4"/>
      </object_component>
      <object_component id="oc-679">
         <name>.text:SPIIntUnregister</name>
         <load_address>0x2001016e</load_address>
         <run_address>0x2001016e</run_address>
         <size>0x1a</size>
         <input_file_ref idref="fl-f4"/>
      </object_component>
      <object_component id="oc-2e6">
         <name>.text:GPIOPinRead</name>
         <load_address>0x20010188</load_address>
         <run_address>0x20010188</run_address>
         <size>0x18</size>
         <input_file_ref idref="fl-ef"/>
      </object_component>
      <object_component id="oc-13f">
         <name>.text:SPICSDisable</name>
         <load_address>0x200101a0</load_address>
         <run_address>0x200101a0</run_address>
         <size>0x18</size>
         <input_file_ref idref="fl-f4"/>
      </object_component>
      <object_component id="oc-12d">
         <name>.text:SPICSEnable</name>
         <load_address>0x200101b8</load_address>
         <run_address>0x200101b8</run_address>
         <size>0x18</size>
         <input_file_ref idref="fl-f4"/>
      </object_component>
      <object_component id="oc-5c9">
         <name>.text:SPIDisable</name>
         <load_address>0x200101d0</load_address>
         <run_address>0x200101d0</run_address>
         <size>0x18</size>
         <input_file_ref idref="fl-f4"/>
      </object_component>
      <object_component id="oc-121">
         <name>.text:SPIEnable</name>
         <load_address>0x200101e8</load_address>
         <run_address>0x200101e8</run_address>
         <size>0x18</size>
         <input_file_ref idref="fl-f4"/>
      </object_component>
      <object_component id="oc-194">
         <name>.text:UARTCharsAvail</name>
         <load_address>0x20010200</load_address>
         <run_address>0x20010200</run_address>
         <size>0x18</size>
         <input_file_ref idref="fl-f5"/>
      </object_component>
      <object_component id="oc-5b8">
         <name>.text:_SlNonOsSemSet</name>
         <load_address>0x20010218</load_address>
         <run_address>0x20010218</run_address>
         <size>0x18</size>
         <input_file_ref idref="fl-fd"/>
      </object_component>
      <object_component id="oc-3f5">
         <name>.text:_sl_GetStartResponseConvert</name>
         <load_address>0x20010230</load_address>
         <run_address>0x20010230</run_address>
         <size>0x18</size>
         <input_file_ref idref="fl-f9"/>
      </object_component>
      <object_component id="oc-6d">
         <name>.text</name>
         <load_address>0x20010248</load_address>
         <run_address>0x20010248</run_address>
         <size>0x18</size>
         <input_file_ref idref="fl-db"/>
      </object_component>
      <object_component id="oc-489">
         <name>.text</name>
         <load_address>0x20010260</load_address>
         <run_address>0x20010260</run_address>
         <size>0x18</size>
         <input_file_ref idref="fl-104"/>
      </object_component>
      <object_component id="oc-398">
         <name>.text:I2CMasterDataPut</name>
         <load_address>0x20010278</load_address>
         <run_address>0x20010278</run_address>
         <size>0x16</size>
         <input_file_ref idref="fl-f0"/>
      </object_component>
      <object_component id="oc-5b1">
         <name>.text:I2CMasterEnable</name>
         <load_address>0x2001028e</load_address>
         <run_address>0x2001028e</run_address>
         <size>0x16</size>
         <input_file_ref idref="fl-f0"/>
      </object_component>
      <object_component id="oc-2a9">
         <name>.text:PRCMHIBRegRead</name>
         <load_address>0x200102a4</load_address>
         <run_address>0x200102a4</run_address>
         <size>0x16</size>
         <input_file_ref idref="fl-f3"/>
      </object_component>
      <object_component id="oc-2af">
         <name>.text:PRCMHIBRegWrite</name>
         <load_address>0x200102ba</load_address>
         <run_address>0x200102ba</run_address>
         <size>0x16</size>
         <input_file_ref idref="fl-f3"/>
      </object_component>
      <object_component id="oc-479">
         <name>.text:_SlDrvMemZero</name>
         <load_address>0x200102d0</load_address>
         <run_address>0x200102d0</run_address>
         <size>0x16</size>
         <input_file_ref idref="fl-fa"/>
      </object_component>
      <object_component id="oc-4a1">
         <name>.text</name>
         <load_address>0x200102e6</load_address>
         <run_address>0x200102e6</run_address>
         <size>0x16</size>
         <input_file_ref idref="fl-ec"/>
      </object_component>
      <object_component id="oc-293">
         <name>.text:CPUcpsie</name>
         <load_address>0x200102fc</load_address>
         <run_address>0x200102fc</run_address>
         <size>0x14</size>
         <input_file_ref idref="fl-f7"/>
      </object_component>
      <object_component id="oc-2d4">
         <name>.text:GPIOIntClear</name>
         <load_address>0x20010310</load_address>
         <run_address>0x20010310</run_address>
         <size>0x14</size>
         <input_file_ref idref="fl-ef"/>
      </object_component>
      <object_component id="oc-f1">
         <name>.text:IntVTableBaseSet</name>
         <load_address>0x20010324</load_address>
         <run_address>0x20010324</run_address>
         <size>0x14</size>
         <input_file_ref idref="fl-f1"/>
      </object_component>
      <object_component id="oc-16f">
         <name>.text</name>
         <load_address>0x20010338</load_address>
         <run_address>0x20010338</run_address>
         <size>0x14</size>
         <input_file_ref idref="fl-d9"/>
      </object_component>
      <object_component id="oc-49b">
         <name>.text</name>
         <load_address>0x2001034c</load_address>
         <run_address>0x2001034c</run_address>
         <size>0x14</size>
         <input_file_ref idref="fl-105"/>
      </object_component>
      <object_component id="oc-1a0">
         <name>.text</name>
         <load_address>0x20010360</load_address>
         <run_address>0x20010360</run_address>
         <size>0x14</size>
         <input_file_ref idref="fl-d5"/>
      </object_component>
      <object_component id="oc-386">
         <name>.text:I2CMasterControl</name>
         <load_address>0x20010374</load_address>
         <run_address>0x20010374</run_address>
         <size>0x12</size>
         <input_file_ref idref="fl-f0"/>
      </object_component>
      <object_component id="oc-37a">
         <name>.text:I2CMasterIntClearEx</name>
         <load_address>0x20010386</load_address>
         <run_address>0x20010386</run_address>
         <size>0x12</size>
         <input_file_ref idref="fl-f0"/>
      </object_component>
      <object_component id="oc-380">
         <name>.text:I2CMasterTimeoutSet</name>
         <load_address>0x20010398</load_address>
         <run_address>0x20010398</run_address>
         <size>0x12</size>
         <input_file_ref idref="fl-f0"/>
      </object_component>
      <object_component id="oc-880">
         <name>.text:_SlDrvDispatchHttpServerEvents</name>
         <load_address>0x200103aa</load_address>
         <run_address>0x200103aa</run_address>
         <size>0x10</size>
         <input_file_ref idref="fl-fa"/>
      </object_component>
      <object_component id="oc-39e">
         <name>.text:I2CMasterDataGet</name>
         <load_address>0x200103ba</load_address>
         <run_address>0x200103ba</run_address>
         <size>0xe</size>
         <input_file_ref idref="fl-f0"/>
      </object_component>
      <object_component id="oc-43d">
         <name>.text:_SlDrvResetCmdExt</name>
         <load_address>0x200103c8</load_address>
         <run_address>0x200103c8</run_address>
         <size>0xe</size>
         <input_file_ref idref="fl-fa"/>
      </object_component>
      <object_component id="oc-12">
         <name>.text:decompress:none</name>
         <load_address>0x200103d6</load_address>
         <run_address>0x200103d6</run_address>
         <size>0xe</size>
         <input_file_ref idref="fl-c9"/>
      </object_component>
      <object_component id="oc-2d">
         <name>.text</name>
         <load_address>0x200103e4</load_address>
         <run_address>0x200103e4</run_address>
         <size>0xe</size>
         <input_file_ref idref="fl-9"/>
      </object_component>
      <object_component id="oc-607">
         <name>.text:NwpMaskInterrupt</name>
         <load_address>0x200103f4</load_address>
         <run_address>0x200103f4</run_address>
         <size>0xc</size>
         <input_file_ref idref="fl-100"/>
      </object_component>
      <object_component id="oc-621">
         <name>.text:NwpUnMaskInterrupt</name>
         <load_address>0x20010400</load_address>
         <run_address>0x20010400</run_address>
         <size>0xc</size>
         <input_file_ref idref="fl-100"/>
      </object_component>
      <object_component id="oc-f7">
         <name>.text:IntMasterEnable</name>
         <load_address>0x2001040c</load_address>
         <run_address>0x2001040c</run_address>
         <size>0xa</size>
         <input_file_ref idref="fl-f1"/>
      </object_component>
      <object_component id="oc-714">
         <name>.text</name>
         <load_address>0x20010416</load_address>
         <run_address>0x20010416</run_address>
         <size>0x8</size>
         <input_file_ref idref="fl-ee"/>
      </object_component>
      <object_component id="oc-50c">
         <name>.text:UtilsDelay</name>
         <load_address>0x2001041e</load_address>
         <run_address>0x2001041e</run_address>
         <size>0x6</size>
         <input_file_ref idref="fl-f6"/>
      </object_component>
      <object_component id="oc-18">
         <name>.text:decompress:rle24</name>
         <load_address>0x20010424</load_address>
         <run_address>0x20010424</run_address>
         <size>0x6</size>
         <input_file_ref idref="fl-ca"/>
      </object_component>
      <object_component id="oc-61">
         <name>.text</name>
         <load_address>0x2001042a</load_address>
         <run_address>0x2001042a</run_address>
         <size>0x4</size>
         <input_file_ref idref="fl-d2"/>
      </object_component>
      <object_component id="oc-4d1">
         <name>.const:.string:_ctypes_</name>
         <load_address>0x20010430</load_address>
         <run_address>0x20010430</run_address>
         <size>0x101</size>
         <input_file_ref idref="fl-df"/>
      </object_component>
      <object_component id="oc-6fe">
         <name>.const:g_ulPinToPadMap</name>
         <load_address>0x20010534</load_address>
         <run_address>0x20010534</run_address>
         <size>0x100</size>
         <input_file_ref idref="fl-f2"/>
      </object_component>
      <object_component id="oc-512">
         <name>.const:g_pulRegs</name>
         <load_address>0x20010634</load_address>
         <run_address>0x20010634</run_address>
         <size>0xd4</size>
         <input_file_ref idref="fl-f1"/>
      </object_component>
      <object_component id="oc-33c">
         <name>.const:PRCM_PeriphRegsList</name>
         <load_address>0x20010708</load_address>
         <run_address>0x20010708</run_address>
         <size>0xa8</size>
         <input_file_ref idref="fl-f3"/>
      </object_component>
      <object_component id="oc-7f1">
         <name>.const:OpcodeTranslateTable</name>
         <load_address>0x200107b0</load_address>
         <run_address>0x200107b0</run_address>
         <size>0x3c</size>
         <input_file_ref idref="fl-fa"/>
      </object_component>
      <object_component id="oc-849">
         <name>.const:_SlActionLookupTable</name>
         <load_address>0x200107ec</load_address>
         <run_address>0x200107ec</run_address>
         <size>0x38</size>
         <input_file_ref idref="fl-fa"/>
      </object_component>
      <object_component id="oc-21b">
         <name>.const:$P$T1$2</name>
         <load_address>0x20010824</load_address>
         <run_address>0x20010824</run_address>
         <size>0x2c</size>
         <input_file_ref idref="fl-2"/>
      </object_component>
      <object_component id="oc-80a">
         <name>.const:g_ppulSPIIntMap</name>
         <load_address>0x20010850</load_address>
         <run_address>0x20010850</run_address>
         <size>0x24</size>
         <input_file_ref idref="fl-f4"/>
      </object_component>
      <object_component id="oc-227">
         <name>.const:.string:$P$T0$1</name>
         <load_address>0x20010874</load_address>
         <run_address>0x20010874</run_address>
         <size>0x22</size>
         <input_file_ref idref="fl-2"/>
      </object_component>
      <object_component id="oc-252">
         <name>.const:$P$T6$7</name>
         <load_address>0x20010898</load_address>
         <run_address>0x20010898</run_address>
         <size>0x20</size>
         <input_file_ref idref="fl-2"/>
      </object_component>
      <object_component id="oc-258">
         <name>.const:$P$T8$9</name>
         <load_address>0x200108b8</load_address>
         <run_address>0x200108b8</run_address>
         <size>0x20</size>
         <input_file_ref idref="fl-2"/>
      </object_component>
      <object_component id="oc-25b">
         <name>.const:$P$T9$10</name>
         <load_address>0x200108d8</load_address>
         <run_address>0x200108d8</run_address>
         <size>0x20</size>
         <input_file_ref idref="fl-2"/>
      </object_component>
      <object_component id="oc-82c">
         <name>.const:RxMsgClassLUT</name>
         <load_address>0x200108f8</load_address>
         <run_address>0x200108f8</run_address>
         <size>0x20</size>
         <input_file_ref idref="fl-fa"/>
      </object_component>
      <object_component id="oc-255">
         <name>.const:$P$T7$8</name>
         <load_address>0x20010918</load_address>
[...]
         <value>0x20017bbc</value>
      </symbol>
      <symbol id="sm-1016">
         <name>_SlDrvProtectionObjUnLock</name>
         <value>0x2000fd35</value>
         <object_component_ref idref="oc-4ef"/>
      </symbol>
      <symbol id="sm-1017">
         <name>_SlDrvBasicCmd</name>
         <value>0x2000f565</value>
         <object_component_ref idref="oc-454"/>
      </symbol>
      <symbol id="sm-1018">
         <name>_SlDrvObjUnLock</name>
         <value>0x2000ff6d</value>
         <object_component_ref idref="oc-814"/>
      </symbol>
      <symbol id="sm-1019">
         <name>_SlDrvObjLockWaitForever</name>
         <value>0x2000fe3d</value>
         <object_component_ref idref="oc-80e"/>
      </symbol>
      <symbol id="sm-101a">
         <name>_SlDrvMsgReadSpawnCtx</name>
         <value>0x2000d141</value>
         <object_component_ref idref="oc-64f"/>
      </symbol>
      <symbol id="sm-101b">
         <name>_SlDrvDispatchHttpServerEvents</name>
         <value>0x200103ab</value>
         <object_component_ref idref="oc-880"/>
      </symbol>
      <symbol id="sm-101c">
         <name>_SlDrvHandleNetAppEvents</name>
         <value>0x2000f89d</value>
         <object_component_ref idref="oc-86c"/>
      </symbol>
      <symbol id="sm-101d">
         <name>_SlDriverHandleError</name>
         <value>0x2000da59</value>
         <object_component_ref idref="oc-628"/>
      </symbol>
      <symbol id="sm-101e">
         <name>_SlDrvDriverCBDeinit</name>
         <value>0x2000c689</value>
         <object_component_ref idref="oc-42e"/>
      </symbol>
      <symbol id="sm-101f">
         <name>_SlDrvResetCmdExt</name>
         <value>0x200103c9</value>
         <object_component_ref idref="oc-43d"/>
      </symbol>
      <symbol id="sm-1020">
         <name>_SlDrvProtectAsyncRespSetting</name>
         <value>0x2000f359</value>
         <object_component_ref idref="oc-3d1"/>
      </symbol>
      <symbol id="sm-1021">
         <name>_SlDrvReleasePoolObj</name>
         <value>0x2000b3a9</value>
         <object_component_ref idref="oc-3ef"/>
      </symbol>
      <symbol id="sm-1022">
         <name>_SlDrvHandleWlanEvents</name>
         <value>0x2000f8dd</value>
         <object_component_ref idref="oc-866"/>
      </symbol>
      <symbol id="sm-1023">
         <name>OpcodeTranslateTable</name>
         <value>0x200107b0</value>
         <object_component_ref idref="oc-7f1"/>
      </symbol>
      <symbol id="sm-1024">
         <name>pPingCallBackFunc</name>
         <value>0x200181b0</value>
         <object_component_ref idref="oc-3fe"/>
      </symbol>
      <symbol id="sm-1025">
         <name>_SlDrvDriverCBInit</name>
         <value>0x2000b731</value>
         <object_component_ref idref="oc-3c5"/>
      </symbol>
      <symbol id="sm-1026">
         <name>g_pCB</name>
         <value>0x200181ac</value>
         <object_component_ref idref="oc-3fe"/>
      </symbol>
      <symbol id="sm-1027">
         <name>_SlDrvProtectionObjLockWaitForever</name>
         <value>0x2000fcb9</value>
         <object_component_ref idref="oc-4e9"/>
      </symbol>
      <symbol id="sm-1028">
         <name>_SlDrvCmdOp</name>
         <value>0x2000d6dd</value>
         <object_component_ref idref="oc-418"/>
      </symbol>
      <symbol id="sm-1029">
         <name>_SlDrvSyncObjWaitTimeout</name>
         <value>0x2000f6c5</value>
         <object_component_ref idref="oc-3e9"/>
      </symbol>
      <symbol id="sm-102a">
         <name>_SlDrvGlobalObjUnLock</name>
         <value>0x2000fd0d</value>
         <object_component_ref idref="oc-662"/>
      </symbol>
      <symbol id="sm-102b">
         <name>_SlDrvMemZero</name>
         <value>0x200102d1</value>
         <object_component_ref idref="oc-479"/>
      </symbol>
      <symbol id="sm-102c">
         <name>_SlDrvWaitForPoolObj</name>
         <value>0x2000ba81</value>
         <object_component_ref idref="oc-4e3"/>
      </symbol>
      <symbol id="sm-102d">
         <name>_SlDrvSyncObjSignal</name>
         <value>0x2000ff8d</value>
         <object_component_ref idref="oc-635"/>
      </symbol>
      <symbol id="sm-102e">
         <name>_SlDrvDataReadOp</name>
         <value>0x2000b1c5</value>
         <object_component_ref idref="oc-791"/>
      </symbol>
      <symbol id="sm-102f">
         <name>_SlDrvDataWriteOp</name>
         <value>0x2000c065</value>
         <object_component_ref idref="oc-7a1"/>
      </symbol>
      <symbol id="sm-1030">
         <name>_SlDrvRxIrqHandler</name>
         <value>0x2000f175</value>
         <object_component_ref idref="oc-401"/>
      </symbol>
      <symbol id="sm-1031">
         <name>_SlDrvHandleHttpServerEvents</name>
         <value>0x2000f681</value>
         <object_component_ref idref="oc-8da"/>
      </symbol>
      <symbol id="sm-1032">
         <name>_SlDrvSyncObjWaitForever</name>
         <value>0x2000fd5d</value>
         <object_component_ref idref="oc-4f5"/>
      </symbol>
      <symbol id="sm-1033">
         <name>_SlDrvCmdSend</name>
         <value>0x2000ec1d</value>
         <object_component_ref idref="oc-8e1"/>
      </symbol>
      <symbol id="sm-1034">
         <name>_SlActionLookupTable</name>
         <value>0x200107ec</value>
         <object_component_ref idref="oc-849"/>
      </symbol>
      <symbol id="sm-10d3">
         <name>sl_NetAppMDNSUnRegisterService</name>
         <value>0x2000f5f5</value>
         <object_component_ref idref="oc-215"/>
      </symbol>
      <symbol id="sm-10d4">
         <name>_SlNetAppSendTokenValueCmdCtrl</name>
         <value>0x20010a40</value>
         <object_component_ref idref="oc-8e7"/>
      </symbol>
      <symbol id="sm-10d5">
         <name>sl_NetAppDnsGetHostByName</name>
         <value>0x2000c435</value>
         <object_component_ref idref="oc-25e"/>
      </symbol>
      <symbol id="sm-10d6">
         <name>_sl_HandleAsync_DnsGetHostByName</name>
         <value>0x2000de01</value>
         <object_component_ref idref="oc-874"/>
      </symbol>
      <symbol id="sm-10d7">
         <name>_sl_HandleAsync_PingResponse</name>
         <value>0x2000de91</value>
         <object_component_ref idref="oc-835"/>
      </symbol>
      <symbol id="sm-10d8">
         <name>_SlDrvNetAppEventHandler</name>
         <value>0x2000c9d9</value>
         <object_component_ref idref="oc-82f"/>
      </symbol>
      <symbol id="sm-10d9">
         <name>_sl_HandleAsync_DnsGetHostByService</name>
         <value>0x2000d485</value>
         <object_component_ref idref="oc-87a"/>
      </symbol>
      <symbol id="sm-10da">
         <name>_sl_NetAppSendTokenValue</name>
         <value>0x2000ec89</value>
         <object_component_ref idref="oc-886"/>
      </symbol>
      <symbol id="sm-10db">
         <name>sl_NetAppMDNSRegisterUnregisterService</name>
         <value>0x2000d551</value>
         <object_component_ref idref="oc-469"/>
      </symbol>
      <symbol id="sm-10fa">
         <name>sl_NetCfgSet</name>
         <value>0x2000e6f9</value>
         <object_component_ref idref="oc-209"/>
      </symbol>
      <symbol id="sm-1139">
         <name>_SlNonOsSemSet</name>
         <value>0x20010219</value>
         <object_component_ref idref="oc-5b8"/>
      </symbol>
      <symbol id="sm-113a">
         <name>_SlNonOsSpawn</name>
         <value>0x2000edcd</value>
         <object_component_ref idref="oc-649"/>
      </symbol>
      <symbol id="sm-113b">
         <name>_SlNonOsSemGet</name>
         <value>0x2000e8e9</value>
         <object_component_ref idref="oc-5be"/>
      </symbol>
      <symbol id="sm-113c">
         <name>_SlNonOsMainLoopTask</name>
         <value>0x2000eac9</value>
         <object_component_ref idref="oc-1df"/>
      </symbol>
      <symbol id="sm-113d">
         <name>g__SlNonOsCB</name>
         <value>0x20018110</value>
         <object_component_ref idref="oc-413"/>
      </symbol>
      <symbol id="sm-122c">
         <name>sl_Recv</name>
         <value>0x2000e25d</value>
         <object_component_ref idref="oc-6a8"/>
      </symbol>
      <symbol id="sm-122d">
         <name>sl_Send</name>
         <value>0x2000c7ad</value>
         <object_component_ref idref="oc-6ae"/>
      </symbol>
      <symbol id="sm-122e">
         <name>_sl_HandleAsync_Connect</name>
         <value>0x2000e4f9</value>
         <object_component_ref idref="oc-89c"/>
      </symbol>
      <symbol id="sm-122f">
         <name>sl_Htonl</name>
         <value>0x2000f819</value>
         <object_component_ref idref="oc-26a"/>
      </symbol>
      <symbol id="sm-1230">
         <name>sl_Htons</name>
         <value>0x2000fa55</value>
         <object_component_ref idref="oc-264"/>
      </symbol>
      <symbol id="sm-1231">
         <name>sl_Connect</name>
         <value>0x2000bef9</value>
         <object_component_ref idref="oc-4ad"/>
      </symbol>
      <symbol id="sm-1232">
         <name>sl_Socket</name>
         <value>0x2000ebad</value>
         <object_component_ref idref="oc-4a7"/>
      </symbol>
      <symbol id="sm-1233">
         <name>_sl_HandleAsync_Select</name>
         <value>0x2000f1c9</value>
         <object_component_ref idref="oc-8a2"/>
      </symbol>
      <symbol id="sm-1234">
         <name>sl_Close</name>
         <value>0x2000f74d</value>
         <object_component_ref idref="oc-4b3"/>
      </symbol>
      <symbol id="sm-1235">
         <name>_sl_HandleAsync_Accept</name>
         <value>0x2000ee31</value>
         <object_component_ref idref="oc-896"/>
      </symbol>
      <symbol id="sm-1236">
         <name>sl_SetSockOpt</name>
         <value>0x2000e775</value>
         <object_component_ref idref="oc-492"/>
      </symbol>
      <symbol id="sm-12db">
         <name>sl_WlanDisconnect</name>
         <value>0x2000ffad</value>
         <object_component_ref idref="oc-203"/>
      </symbol>
      <symbol id="sm-12dc">
         <name>sl_WlanPolicySet</name>
         <value>0x2000e961</value>
         <object_component_ref idref="oc-1f7"/>
      </symbol>
      <symbol id="sm-12dd">
         <name>sl_WlanProfileDel</name>
         <value>0x2000f791</value>
         <object_component_ref idref="oc-1fd"/>
      </symbol>
      <symbol id="sm-12de">
         <name>sl_WlanRxFilterSet</name>
         <value>0x2000ecf5</value>
         <object_component_ref idref="oc-21e"/>
      </symbol>
      <symbol id="sm-12df">
         <name>sl_WlanConnect</name>
         <value>0x2000ab75</value>
         <object_component_ref idref="oc-228"/>
      </symbol>
      <symbol id="sm-12e0">
         <name>sl_WlanSet</name>
         <value>0x2000e7f1</value>
         <object_component_ref idref="oc-20f"/>
      </symbol>
      <symbol id="sm-12e1">
         <name>sl_WlanSetMode</name>
         <value>0x2000f7d5</value>
         <object_component_ref idref="oc-1e5"/>
      </symbol>
      <symbol id="sm-13e0">
         <name>g_ucDinDout</name>
         <value>0x20017b20</value>
      </symbol>
      <symbol id="sm-13e1">
         <name>g_cDummy</name>
         <value>0x20017bbd</value>
      </symbol>
      <symbol id="sm-13e2">
         <name>NwpMaskInterrupt</name>
         <value>0x200103f5</value>
         <object_component_ref idref="oc-607"/>
      </symbol>
      <symbol id="sm-13e3">
         <name>NwpRegisterInterruptHandler</name>
         <value>0x2000f99d</value>
         <object_component_ref idref="oc-3dd"/>
      </symbol>
      <symbol id="sm-13e4">
         <name>g_pHostIntHdl</name>
         <value>0x200181a4</value>
         <object_component_ref idref="oc-5f3"/>
      </symbol>
      <symbol id="sm-13e5">
         <name>NwpUnMaskInterrupt</name>
         <value>0x20010401</value>
         <object_component_ref idref="oc-621"/>
      </symbol>
      <symbol id="sm-13e6">
         <name>NwpPowerOff</name>
         <value>0x2000facd</value>
         <object_component_ref idref="oc-3d7"/>
      </symbol>
      <symbol id="sm-13e7">
         <name>spi_Read</name>
         <value>0x2000cbd9</value>
         <object_component_ref idref="oc-7e4"/>
      </symbol>
      <symbol id="sm-13e8">
         <name>DmaSpiSwIntHandler</name>
         <value>0x2000fdd1</value>
         <object_component_ref idref="oc-5f9"/>
      </symbol>
      <symbol id="sm-13e9">
         <name>NwpPowerOn</name>
         <value>0x2000ff2d</value>
         <object_component_ref idref="oc-3e3"/>
      </symbol>
      <symbol id="sm-13ea">
         <name>spi_Close</name>
         <value>0x2000e9d9</value>
         <object_component_ref idref="oc-428"/>
      </symbol>
      <symbol id="sm-13eb">
         <name>spi_Write</name>
         <value>0x2000dcd5</value>
         <object_component_ref idref="oc-77b"/>
      </symbol>
      <symbol id="sm-13ec">
         <name>spi_Open</name>
         <value>0x2000c1b5</value>
         <object_component_ref idref="oc-3cb"/>
      </symbol>
      <symbol id="sm-13ed">
         <name>g_ucDMAEnabled</name>
         <value>0x200181a8</value>
         <object_component_ref idref="oc-5f3"/>
      </symbol>
      <symbol id="sm-13ee">
         <name>g_SpiFd</name>
         <value>0x200181a0</value>
         <object_component_ref idref="oc-5f3"/>
      </symbol>
      <symbol id="sm-1449">
         <name>jsmn_init</name>
         <value>0x20009367</value>
         <object_component_ref idref="oc-23a"/>
      </symbol>
      <symbol id="sm-144a">
         <name>jsmn_parse</name>
         <value>0x20009055</value>
         <object_component_ref idref="oc-23a"/>
      </symbol>
      <symbol id="sm-156d">
         <name>HTTPCli_setRequestFields</name>
         <value>0x20008931</value>
         <object_component_ref idref="oc-22e"/>
      </symbol>
      <symbol id="sm-156e">
         <name>HTTPCli_setSecureParams</name>
         <value>0x2000897d</value>
         <object_component_ref idref="oc-22e"/>
      </symbol>
      <symbol id="sm-156f">
         <name>HTTPCli_create</name>
         <value>0x20008865</value>
         <object_component_ref idref="oc-22e"/>
      </symbol>
      <symbol id="sm-1570">
         <name>HTTPCli_construct</name>
         <value>0x2000881d</value>
         <object_component_ref idref="oc-22e"/>
      </symbol>
      <symbol id="sm-1571">
         <name>HTTPCli_getResponseField</name>
         <value>0x20008b31</value>
         <object_component_ref idref="oc-22e"/>
      </symbol>
      <symbol id="sm-1572">
         <name>HTTPCli_readRawResponseBody</name>
         <value>0x20008d41</value>
         <object_component_ref idref="oc-22e"/>
      </symbol>
      <symbol id="sm-1573">
         <name>HTTPCli_connect</name>
         <value>0x200086fb</value>
         <object_component_ref idref="oc-22e"/>
      </symbol>
      <symbol id="sm-1574">
         <name>HTTPCli_sendRequest</name>
         <value>0x2000899d</value>
         <object_component_ref idref="oc-22e"/>
      </symbol>
      <symbol id="sm-1575">
         <name>HTTPCli_readResponseBody</name>
         <value>0x20008cb5</value>
         <object_component_ref idref="oc-22e"/>
      </symbol>
      <symbol id="sm-1576">
         <name>HTTPCli_sendField</name>
         <value>0x20008a6b</value>
         <object_component_ref idref="oc-22e"/>
      </symbol>
      <symbol id="sm-1577">
         <name>HTTPCli_delete</name>
         <value>0x2000887d</value>
         <object_component_ref idref="oc-22e"/>
      </symbol>
      <symbol id="sm-1578">
         <name>HTTPCli_destruct</name>
         <value>0x200088b3</value>
         <object_component_ref idref="oc-22e"/>
      </symbol>
      <symbol id="sm-1579">
         <name>HTTPCli_setProxy</name>
         <value>0x20008d81</value>
         <object_component_ref idref="oc-22e"/>
      </symbol>
      <symbol id="sm-157a">
         <name>bufferedRecv</name>
         <value>0x20007e17</value>
         <object_component_ref idref="oc-22e"/>
      </symbol>
      <symbol id="sm-157b">
         <name>HTTPCli_initSockAddr</name>
         <value>0x200085ed</value>
         <object_component_ref idref="oc-22e"/>
      </symbol>
      <symbol id="sm-157c">
         <name>HTTPCli_getResponseStatus</name>
         <value>0x20008afb</value>
         <object_component_ref idref="oc-22e"/>
      </symbol>
      <symbol id="sm-157d">
         <name>HTTPCli_disconnect</name>
         <value>0x200088fb</value>
         <object_component_ref idref="oc-22e"/>
      </symbol>
      <symbol id="sm-157e">
         <name>HTTPCli_setResponseFields</name>
         <value>0x20008957</value>
         <object_component_ref idref="oc-22e"/>
      </symbol>
      <symbol id="sm-157f">
         <name>HTTPCli_sendRequestBody</name>
         <value>0x20008ac3</value>
         <object_component_ref idref="oc-22e"/>
      </symbol>
      <symbol id="sm-15b4">
         <name>Ssock_startSecure</name>
         <value>0x2000a62b</value>
         <object_component_ref idref="oc-483"/>
      </symbol>
      <symbol id="sm-15b5">
         <name>Ssock_recv</name>
         <value>0x2000a473</value>
         <object_component_ref idref="oc-483"/>
      </symbol>
      <symbol id="sm-15b6">
         <name>Ssock_delete</name>
         <value>0x2000a3eb</value>
         <object_component_ref idref="oc-483"/>
      </symbol>
      <symbol id="sm-15b7">
         <name>Ssock_send</name>
         <value>0x2000a511</value>
         <object_component_ref idref="oc-483"/>
      </symbol>
      <symbol id="sm-15b8">
         <name>Ssock_getSocket</name>
         <value>0x2000a465</value>
         <object_component_ref idref="oc-483"/>
      </symbol>
      <symbol id="sm-15b9">
         <name>Ssock_recvall</name>
         <value>0x2000a4cd</value>
         <object_component_ref idref="oc-483"/>
      </symbol>
      <symbol id="sm-15ba">
         <name>Ssock_construct</name>
         <value>0x2000a391</value>
         <object_component_ref idref="oc-483"/>
      </symbol>
      <symbol id="sm-15bb">
         <name>Ssock_create</name>
         <value>0x2000a3d1</value>
         <object_component_ref idref="oc-483"/>
      </symbol>
      <symbol id="sm-15bc">
         <name>Ssock_destruct</name>
         <value>0x2000a413</value>
         <object_component_ref idref="oc-483"/>
      </symbol>
      <symbol id="sm-15cb">
         <name>strcmp</name>
         <value>0x20010261</value>
         <object_component_ref idref="oc-489"/>
      </symbol>
      <symbol id="sm-15d9">
         <name>strcpy</name>
         <value>0x2001034d</value>
         <object_component_ref idref="oc-49b"/>
      </symbol>
      <symbol id="sm-1630">
         <name>uDMAChannelControlSet</name>
         <value>0x2000fa91</value>
         <object_component_ref idref="oc-8b0"/>
      </symbol>
      <symbol id="sm-1631">
         <name>uDMAChannelAttributeEnable</name>
         <value>0x2000eef9</value>
         <object_component_ref idref="oc-8b6"/>
      </symbol>
      <symbol id="sm-1632">
         <name>uDMAChannelTransferSet</name>
         <value>0x2000ccc9</value>
         <object_component_ref idref="oc-8bc"/>
      </symbol>
      <symbol id="sm-1633">
         <name>uDMAChannelAssign</name>
         <value>0x2000f489</value>
         <object_component_ref idref="oc-72e"/>
      </symbol>
      <symbol id="sm-1634">
         <name>uDMAChannelAttributeDisable</name>
         <value>0x2000ee95</value>
         <object_component_ref idref="oc-734"/>
      </symbol>
      <symbol id="sm-1635">
         <name>uDMAChannelEnable</name>
         <value>0x2001009d</value>
         <object_component_ref idref="oc-8c2"/>
      </symbol>
      <symbol id="sm-1636">
         <name>__TI_static_base__</name>
         <value>0x20010a80</value>
      </symbol>
      <symbol id="sm-1639">
         <name>SHT$$INIT_ARRAY$$Limit</name>
         <value>0x0</value>
      </symbol>
      <symbol id="sm-163a">
         <name>SHT$$INIT_ARRAY$$Base</name>
         <value>0x0</value>
      </symbol>
   </symbol_table>
   <title>Link successful</title>
</link_info>
