******************************************************************************
                  TI ARM Linker PC v15.12.3                    
******************************************************************************
>> Linked Fri Dec 23 21:07:29 2016

OUTPUT FILE NAME:   <spi_demo.out>
ENTRY POINT SYMBOL: "_c_int00"  address: 2000f95d


MEMORY CONFIGURATION

         name            origin    length      used     unused   attr    fill
----------------------  --------  ---------  --------  --------  ----  --------
  SRAM_CODE             20004000   00013000  0000cae2  0000651e  RW X
  SRAM_DATA             20017000   00019000  00001dc5  0001723b  RW X


SEGMENT ALLOCATION MAP

run origin  load origin   length   init length attrs members
----------  ----------- ---------- ----------- ----- -------
20004000    20004000    0000cae4   0000cae4    r-x
  20004000    20004000    00000400   00000400    r-- .intvecs
  20004400    20004400    0000c02e   0000c02e    r-x .text
  20010430    20010430    00000650   00000650    r-- .const
  20010a80    20010a80    00000064   00000064    r-- .cinit
20017000    20017000    000011cc   00000000    rw-
  20017000    20017000    00000bc1   00000000    rw- .bss
  20017bc8    20017bc8    00000500   00000000    rw- .sysmem
  200180c8    200180c8    00000104   00000000    rw- .data
2002f400    2002f400    00000c00   00000000    rw-
  2002f400    2002f400    00000c00   00000000    rw- .stack


SECTION ALLOCATION MAP

 output                                  attributes/
section   page    origin      length       input sections
--------  ----  ----------  ----------   ----------------
.intvecs   0    20004000    00000400     
                  20004000    00000400     startup_ccs.obj (.intvecs)

.init_array 
*          0    20004000    00000000     UNINITIALIZED

.text      0    20004400    0000c02e     
                  20004400    000016e4     HttpFile.obj (.text)
                  20005ae4    000011f0     MFRC522.obj (.text)
                  20006cd4    000010fc     rtsv7M4_T_le_eabi.lib : _printfi.obj (.text)
                  20007dd0    00000fc4     webclient.a : httpcli.obj (.text)
                  20008d94    000005f0     json.a : jsmn.obj (.text)
                  20009384    00000590     simplelink.a : driver.obj (.text:_SlDrvMsgRead)
                  20009914    000003dc     rtsv7M4_T_le_eabi.lib : memory.obj (.text)
                  20009cf0    0000039c     gpio_if.obj (.text)
                  2000a08c    000002ec     lcd.obj (.text)
                  2000a378    000002ea     webclient.a : ssock.obj (.text)
                  2000a662    00000002     driverlib.a : interrupt.obj (.text:IntDefaultHandler)
                  2000a664    00000290     i2c_if.obj (.text)
                  2000a8f4    00000280     uart_if.obj (.text)
                  2000ab74    00000260     simplelink.a : wlan.obj (.text:sl_WlanConnect)
                  2000add4    000001fc                  : driver.obj (.text:_SlDrvRxHdrRead)
                  2000afd0    000001f4     rtsv7M4_T_le_eabi.lib : ull_div_t2.obj (.text)
                  2000b1c4    000001e4     simplelink.a : driver.obj (.text:_SlDrvDataReadOp)
                  2000b3a8    000001d0                  : driver.obj (.text:_SlDrvReleasePoolObj)
                  2000b578    000001b6     rtsv7M4_T_le_eabi.lib : fd_add_t2.obj (.text)
                  2000b72e    00000002                           : mpu_init.obj (.text)
                  2000b730    000001b4     simplelink.a : driver.obj (.text:_SlDrvDriverCBInit)
                  2000b8e4    0000019c                  : driver.obj (.text:_SlDrvMsgWrite)
                  2000ba80    00000190                  : driver.obj (.text:_SlDrvWaitForPoolObj)
                  2000bc10    00000178     driverlib.a : prcm.obj (.text:PRCMCC3200MCUInit)
                  2000bd88    00000170     simplelink.a : driver.obj (.text:_SlFindAndSetActiveObj)
                  2000bef8    0000016c                  : socket.obj (.text:sl_Connect)
                  2000c064    00000150                  : driver.obj (.text:_SlDrvDataWriteOp)
                  2000c1b4    00000148                  : cc_pal.obj (.text:spi_Open)
                  2000c2fc    00000136     rtsv7M4_T_le_eabi.lib : fd_div_t2.obj (.text)
                  2000c432    00000002                           : startup.obj (.text)
                  2000c434    0000012c     simplelink.a : netapp.obj (.text:sl_NetAppDnsGetHostByName)
                  2000c560    00000128                  : driver.obj (.text:_SlDrvMsgReadCmdCtx)
                  2000c688    00000124                  : driver.obj (.text:_SlDrvDriverCBDeinit)
                  2000c7ac    00000118                  : socket.obj (.text:sl_Send)
                  2000c8c4    00000114     rtsv7M4_T_le_eabi.lib : strtoul.obj (.text)
                  2000c9d8    00000104     simplelink.a : netapp.obj (.text:_SlDrvNetAppEventHandler)
                  2000cadc    000000fc     rtsv7M4_T_le_eabi.lib : fd_mul_t2.obj (.text)
                  2000cbd8    000000f0     simplelink.a : cc_pal.obj (.text:spi_Read)
                  2000ccc8    000000f0     driverlib.a : udma.obj (.text:uDMAChannelTransferSet)
                  2000cdb8    000000e8     simplelink.a : driver.obj (.text:_SlAsyncEventGenericHandler)
                  2000cea0    000000e4                  : device.obj (.text:sl_Stop)
                  2000cf84    000000e0                  : device.obj (.text:sl_Start)
                  2000d064    000000dc                  : driver.obj (.text:_SlDrvClassifyRxMsg)
                  2000d140    000000d4                  : driver.obj (.text:_SlDrvMsgReadSpawnCtx)
                  2000d214    000000d0     driverlib.a : spi.obj (.text:SPITransfer32)
                  2000d2e4    000000d0     rtsv7M4_T_le_eabi.lib : s_scalbn.obj (.text)
                  2000d3b4    000000ce     driverlib.a : spi.obj (.text:SPITransfer16)
                  2000d482    00000002     --HOLE-- [fill = 0]
                  2000d484    000000cc     simplelink.a : netapp.obj (.text:_sl_HandleAsync_DnsGetHostByService)
                  2000d550    000000c8                  : netapp.obj (.text:sl_NetAppMDNSRegisterUnregisterService)
                  2000d618    000000c4                  : driver.obj (.text:_SlRemoveFromList)
                  2000d6dc    000000c0                  : driver.obj (.text:_SlDrvCmdOp)
                  2000d79c    000000b8     driverlib.a : spi.obj (.text:SPITransfer8)
                  2000d854    000000b4     simplelink.a : device.obj (.text:sl_DevGet)
                  2000d908    000000a8     driverlib.a : interrupt.obj (.text:IntDisable)
                  2000d9b0    000000a8                 : interrupt.obj (.text:IntEnable)
                  2000da58    000000a4     simplelink.a : driver.obj (.text:_SlDriverHandleError)
                  2000dafc    000000a0     driverlib.a : spi.obj (.text:SPIConfigSetExpClk)
                  2000db9c    0000009c     rtsv7M4_T_le_eabi.lib : memcpy_t2.obj (.text)
                  2000dc38    0000009a     simplelink.a : device.obj (.text:_SlDrvDeviceEventHandler)
                  2000dcd2    00000002     --HOLE-- [fill = 0]
                  2000dcd4    00000098                  : cc_pal.obj (.text:spi_Write)
                  2000dd6c    00000094     driverlib.a : prcm.obj (.text:PRCMPeripheralClockGet)
                  2000de00    00000090     simplelink.a : netapp.obj (.text:_sl_HandleAsync_DnsGetHostByName)
                  2000de90    00000090                  : netapp.obj (.text:_sl_HandleAsync_PingResponse)
                  2000df20    0000008c                  : cc_pal.obj (.text:SetupDMAReceive)
                  2000dfac    0000008c                  : cc_pal.obj (.text:SetupDMASend)
                  2000e038    0000008c     pinmux.obj (.text)
                  2000e0c4    00000088     driverlib.a : pin.obj (.text:PinConfigSet)
                  2000e14c    00000088                 : spi.obj (.text:SPITransfer)
                  2000e1d4    00000088     rtsv7M4_T_le_eabi.lib : vsnprintf.obj (.text)
                  2000e25c    00000088     simplelink.a : socket.obj (.text:sl_Recv)
                  2000e2e4    00000086     rtsv7M4_T_le_eabi.lib : fd_cmp_t2.obj (.text:__aeabi_cdcmple)
                  2000e36a    00000086                           : fd_cmp_t2.obj (.text:__aeabi_cdrcmple)
                  2000e3f0    00000084     driverlib.a : i2c.obj (.text:I2CMasterInitExpClk)
                  2000e474    00000082                 : gpio.obj (.text:GPIOIntTypeSet)
                  2000e4f6    00000002     --HOLE-- [fill = 0]
                  2000e4f8    00000080     simplelink.a : socket.obj (.text:_sl_HandleAsync_Connect)
                  2000e578    00000080                  : device.obj (.text:_sl_HandleAsync_InitComplete)
                  2000e5f8    00000080                  : cc_pal.obj (.text:spi_Read_CPU)
                  2000e678    00000080                  : cc_pal.obj (.text:spi_Write_CPU)
                  2000e6f8    0000007c                  : netcfg.obj (.text:sl_NetCfgSet)
                  2000e774    0000007c                  : socket.obj (.text:sl_SetSockOpt)
                  2000e7f0    0000007c                  : wlan.obj (.text:sl_WlanSet)
                  2000e86c    0000007a     rtsv7M4_T_le_eabi.lib : memset_t2.obj (.text)
                  2000e8e6    00000002     --HOLE-- [fill = 0]
                  2000e8e8    00000078     simplelink.a : nonos.obj (.text:_SlNonOsSemGet)
                  2000e960    00000078                  : wlan.obj (.text:sl_WlanPolicySet)
                  2000e9d8    00000078                  : cc_pal.obj (.text:spi_Close)
                  2000ea50    00000076     driverlib.a : uart.obj (.text:UARTConfigSetExpClk)
                  2000eac6    00000002     --HOLE-- [fill = 0]
                  2000eac8    00000074     simplelink.a : nonos.obj (.text:_SlNonOsMainLoopTask)
                  2000eb3c    00000070     rtsv7M4_T_le_eabi.lib : autoinit.obj (.text)
                  2000ebac    00000070     simplelink.a : socket.obj (.text:sl_Socket)
                  2000ec1c    0000006c                  : driver.obj (.text:_SlDrvCmdSend)
                  2000ec88    0000006c                  : netapp.obj (.text:_sl_NetAppSendTokenValue)
                  2000ecf4    0000006c                  : wlan.obj (.text:sl_WlanRxFilterSet)
                  2000ed60    0000006a     rtsv7M4_T_le_eabi.lib : copy_decompress_rle.obj (.text)
                  2000edca    00000002     --HOLE-- [fill = 0]
                  2000edcc    00000064     simplelink.a : nonos.obj (.text:_SlNonOsSpawn)
                  2000ee30    00000064                  : socket.obj (.text:_sl_HandleAsync_Accept)
                  2000ee94    00000064     driverlib.a : udma.obj (.text:uDMAChannelAttributeDisable)
                  2000eef8    00000064                 : udma.obj (.text:uDMAChannelAttributeEnable)
                  2000ef5c    00000060     rtsv7M4_T_le_eabi.lib : sprintf.obj (.text)
                  2000efbc    0000005c                           : s_frexp.obj (.text)
                  2000f018    00000058     driverlib.a : interrupt.obj (.text:IntPendClear)
                  2000f070    00000058                 : prcm.obj (.text:PRCMPeripheralReset)
                  2000f0c8    00000056     rtsv7M4_T_le_eabi.lib : ltoa.obj (.text)
                  2000f11e    00000002     --HOLE-- [fill = 0]
                  2000f120    00000054     driverlib.a : interrupt.obj (.text:IntPrioritySet)
                  2000f174    00000054     simplelink.a : driver.obj (.text:_SlDrvRxIrqHandler)
                  2000f1c8    00000054                  : socket.obj (.text:_sl_HandleAsync_Select)
                  2000f21c    00000054     rtsv7M4_T_le_eabi.lib : exit.obj (.text)
                  2000f270    00000050     simplelink.a : device.obj (.text:_sl_HandleAsync_Stop)
                  2000f2c0    0000004c     driverlib.a : spi.obj (.text:SPIIntEnable)
                  2000f30c    0000004c                 : spi.obj (.text:SPIIntNumberGet)
                  2000f358    0000004c     simplelink.a : driver.obj (.text:_SlDrvProtectAsyncRespSetting)
                  2000f3a4    0000004c                  : socket.obj (.text:_sl_BuildAddress)
                  2000f3f0    0000004c     rtsv7M4_T_le_eabi.lib : atoi.obj (.text)
                  2000f43c    0000004c                           : cpy_tbl.obj (.text)
                  2000f488    0000004c     driverlib.a : udma.obj (.text:uDMAChannelAssign)
                  2000f4d4    00000048                 : gpio.obj (.text:GPIOGetIntNumber)
                  2000f51c    00000048                 : spi.obj (.text:SPIIntClear)
                  2000f564    00000048     simplelink.a : driver.obj (.text:_SlDrvBasicCmd)
                  2000f5ac    00000048     rtsv7M4_T_le_eabi.lib : fd_toi_t2.obj (.text)
                  2000f5f4    00000048     simplelink.a : netapp.obj (.text:sl_NetAppMDNSUnRegisterService)
                  2000f63c    00000044     driverlib.a : spi.obj (.text:SPIDmaMaskGet)
                  2000f680    00000044     simplelink.a : driver.obj (.text:_SlDrvHandleHttpServerEvents)
                  2000f6c4    00000044                  : driver.obj (.text:_SlDrvSyncObjWaitTimeout)
                  2000f708    00000044                  : cc_pal.obj (.text:cc_SetupTransfer)
                  2000f74c    00000044                  : socket.obj (.text:sl_Close)
                  2000f790    00000044                  : wlan.obj (.text:sl_WlanProfileDel)
                  2000f7d4    00000044                  : wlan.obj (.text:sl_WlanSetMode)
                  2000f818    00000042                  : socket.obj (.text:sl_Htonl)
                  2000f85a    00000002     --HOLE-- [fill = 0]
                  2000f85c    00000040     driverlib.a : pin.obj (.text:PinModeSet)
                  2000f89c    00000040     simplelink.a : driver.obj (.text:_SlDrvHandleNetAppEvents)
                  2000f8dc    00000040                  : driver.obj (.text:_SlDrvHandleWlanEvents)
                  2000f91c    00000040                  : socket.obj (.text:_sl_TruncatePayloadByProtocol)
                  2000f95c    00000040     rtsv7M4_T_le_eabi.lib : boot.obj (.text)
                  2000f99c    0000003e     simplelink.a : cc_pal.obj (.text:NwpRegisterInterruptHandler)
                  2000f9da    0000003c                  : netapp.obj (.text:CopyPingResultsToReport)
                  2000fa16    00000002     --HOLE-- [fill = 0]
                  2000fa18    0000003c     driverlib.a : prcm.obj (.text:PRCMPeripheralClkEnable)
                  2000fa54    0000003c     simplelink.a : socket.obj (.text:sl_Htons)
                  2000fa90    0000003c     driverlib.a : udma.obj (.text:uDMAChannelControlSet)
                  2000facc    00000038     simplelink.a : cc_pal.obj (.text:NwpPowerOff)
                  2000fb04    00000036     driverlib.a : gpio.obj (.text:GPIODirModeSet)
                  2000fb3a    00000002     --HOLE-- [fill = 0]
                  2000fb3c    00000034                 : prcm.obj (.text:PRCMPeripheralStatusGet)
                  2000fb70    00000034                 : spi.obj (.text:SPIFIFOLevelSet)
                  2000fba4    00000030                 : pin.obj (.text:PinTypeGPIO)
                  2000fbd4    00000030                 : uart.obj (.text:UARTDisable)
                  2000fc04    0000002e     rtsv7M4_T_le_eabi.lib : i_tofd_t2.obj (.text)
                  2000fc32    0000002c     driverlib.a : i2c.obj (.text:I2CMasterErr)
                  2000fc5e    00000002     --HOLE-- [fill = 0]
                  2000fc60    0000002c                 : prcm.obj (.text:PRCMSysResetCauseGet)
                  2000fc8c    0000002c     simplelink.a : driver.obj (.text:_SlDrvObjGlobalLockWaitForever)
                  2000fcb8    0000002c                  : driver.obj (.text:_SlDrvProtectionObjLockWaitForever)
                  2000fce4    00000028     driverlib.a : prcm.obj (.text:PRCMPeripheralClkDisable)
                  2000fd0c    00000028     simplelink.a : driver.obj (.text:_SlDrvGlobalObjUnLock)
                  2000fd34    00000028                  : driver.obj (.text:_SlDrvProtectionObjUnLock)
                  2000fd5c    00000028                  : driver.obj (.text:_SlDrvSyncObjWaitForever)
                  2000fd84    00000026     network_common.obj (.text)
                  2000fdaa    00000026     rtsv7M4_T_le_eabi.lib : strncmp.obj (.text)
                  2000fdd0    00000024     simplelink.a : cc_pal.obj (.text:DmaSpiSwIntHandler)
                  2000fdf4    00000024     driverlib.a : interrupt.obj (.text:IntUnregister)
                  2000fe18    00000024                 : uart.obj (.text:UARTEnable)
                  2000fe3c    00000024     simplelink.a : driver.obj (.text:_SlDrvObjLockWaitForever)
                  2000fe60    00000024     rtsv7M4_T_le_eabi.lib : memmov.obj (.text)
                  2000fe84    00000022     driverlib.a : i2c.obj (.text:I2CMasterSlaveAddrSet)
                  2000fea6    00000022                 : spi.obj (.text:SPIReset)
                  2000fec8    00000022                 : spi.obj (.text:SPIWordCountSet)
                  2000feea    00000020                 : gpio.obj (.text:GPIOPinWrite)
                  2000ff0a    00000002     --HOLE-- [fill = 0]
                  2000ff0c    00000020                 : interrupt.obj (.text:IntRegister)
                  2000ff2c    00000020     simplelink.a : cc_pal.obj (.text:NwpPowerOn)
                  2000ff4c    00000020     driverlib.a : spi.obj (.text:SPIDataGet)
                  2000ff6c    00000020     simplelink.a : driver.obj (.text:_SlDrvObjUnLock)
                  2000ff8c    00000020                  : driver.obj (.text:_SlDrvSyncObjSignal)
                  2000ffac    00000020                  : wlan.obj (.text:sl_WlanDisconnect)
                  2000ffcc    0000001e     driverlib.a : gpio.obj (.text:GPIOIntRegister)
                  2000ffea    0000001e                 : i2c.obj (.text:I2CMasterIntStatusEx)
                  20010008    0000001e                 : spi.obj (.text:SPIDataPut)
                  20010026    0000001e                 : uart.obj (.text:UARTCharPut)
                  20010044    0000001e     simplelink.a : cc_pal.obj (.text:cc_UDMAChannelSelect)
                  20010062    0000001c     driverlib.a : uart.obj (.text:UARTCharGetNonBlocking)
                  2001007e    0000001c     rtsv7M4_T_le_eabi.lib : memccpy.obj (.text)
                  2001009a    00000002     --HOLE-- [fill = 0]
                  2001009c    0000001c     driverlib.a : udma.obj (.text:uDMAChannelEnable)
                  200100b8    0000001a                 : gpio.obj (.text:GPIOIntEnable)
                  200100d2    0000001a                 : pin.obj (.text:PinTypeSPI)
                  200100ec    0000001a                 : pin.obj (.text:PinTypeUART)
                  20010106    0000001a                 : spi.obj (.text:SPIDmaDisable)
                  20010120    0000001a                 : spi.obj (.text:SPIDmaEnable)
                  2001013a    0000001a                 : spi.obj (.text:SPIFIFODisable)
                  20010154    0000001a                 : spi.obj (.text:SPIFIFOEnable)
                  2001016e    0000001a                 : spi.obj (.text:SPIIntUnregister)
                  20010188    00000018                 : gpio.obj (.text:GPIOPinRead)
                  200101a0    00000018                 : spi.obj (.text:SPICSDisable)
                  200101b8    00000018                 : spi.obj (.text:SPICSEnable)
                  200101d0    00000018                 : spi.obj (.text:SPIDisable)
                  200101e8    00000018                 : spi.obj (.text:SPIEnable)
                  20010200    00000018                 : uart.obj (.text:UARTCharsAvail)
                  20010218    00000018     simplelink.a : nonos.obj (.text:_SlNonOsSemSet)
                  20010230    00000018                  : device.obj (.text:_sl_GetStartResponseConvert)
                  20010248    00000018     rtsv7M4_T_le_eabi.lib : args_main.obj (.text)
                  20010260    00000018                           : strcmp.obj (.text)
                  20010278    00000016     driverlib.a : i2c.obj (.text:I2CMasterDataPut)
                  2001028e    00000016                 : i2c.obj (.text:I2CMasterEnable)
                  200102a4    00000016                 : prcm.obj (.text:PRCMHIBRegRead)
                  200102ba    00000016                 : prcm.obj (.text:PRCMHIBRegWrite)
                  200102d0    00000016     simplelink.a : driver.obj (.text:_SlDrvMemZero)
                  200102e6    00000016     rtsv7M4_T_le_eabi.lib : strchr.obj (.text)
                  200102fc    00000014     driverlib.a : cpu.obj (.text:CPUcpsie)
                  20010310    00000014                 : gpio.obj (.text:GPIOIntClear)
                  20010324    00000014                 : interrupt.obj (.text:IntVTableBaseSet)
                  20010338    00000014     rtsv7M4_T_le_eabi.lib : _lock.obj (.text)
                  2001034c    00000014                           : strcpy.obj (.text)
                  20010360    00000014                           : strlen.obj (.text)
                  20010374    00000012     driverlib.a : i2c.obj (.text:I2CMasterControl)
                  20010386    00000012                 : i2c.obj (.text:I2CMasterIntClearEx)
                  20010398    00000012                 : i2c.obj (.text:I2CMasterTimeoutSet)
                  200103aa    00000010     simplelink.a : driver.obj (.text:_SlDrvDispatchHttpServerEvents)
                  200103ba    0000000e     driverlib.a : i2c.obj (.text:I2CMasterDataGet)
                  200103c8    0000000e     simplelink.a : driver.obj (.text:_SlDrvResetCmdExt)
                  200103d6    0000000e     rtsv7M4_T_le_eabi.lib : copy_decompress_none.obj (.text:decompress:none)
                  200103e4    0000000e     startup_ccs.obj (.text)
                  200103f2    00000002     --HOLE-- [fill = 0]
                  200103f4    0000000c     simplelink.a : cc_pal.obj (.text:NwpMaskInterrupt)
                  20010400    0000000c                  : cc_pal.obj (.text:NwpUnMaskInterrupt)
                  2001040c    0000000a     driverlib.a : interrupt.obj (.text:IntMasterEnable)
                  20010416    00000008     rtsv7M4_T_le_eabi.lib : s_copysign.obj (.text)
                  2001041e    00000006     driverlib.a : utils.obj (.text:UtilsDelay)
                  20010424    00000006     rtsv7M4_T_le_eabi.lib : copy_decompress_rle.obj (.text:decompress:rle24)
                  2001042a    00000004                           : pre_init.obj (.text)

.const     0    20010430    00000650     
                  20010430    00000101     rtsv7M4_T_le_eabi.lib : ctype.obj (.const:.string:_ctypes_)
                  20010531    00000003     --HOLE-- [fill = 0]
                  20010534    00000100     driverlib.a : pin.obj (.const:g_ulPinToPadMap)
                  20010634    000000d4                 : interrupt.obj (.const:g_pulRegs)
                  20010708    000000a8                 : prcm.obj (.const:PRCM_PeriphRegsList)
                  200107b0    0000003c     simplelink.a : driver.obj (.const:OpcodeTranslateTable)
                  200107ec    00000038                  : driver.obj (.const:_SlActionLookupTable)
                  20010824    0000002c     HttpFile.obj (.const:$P$T1$2)
                  20010850    00000024     driverlib.a : spi.obj (.const:g_ppulSPIIntMap)
                  20010874    00000022     HttpFile.obj (.const:.string:$P$T0$1)
                  20010896    00000002     --HOLE-- [fill = 0]
                  20010898    00000020     HttpFile.obj (.const:$P$T6$7)
                  200108b8    00000020     HttpFile.obj (.const:$P$T8$9)
                  200108d8    00000020     HttpFile.obj (.const:$P$T9$10)
                  200108f8    00000020     simplelink.a : driver.obj (.const:RxMsgClassLUT)
                  20010918    00000018     HttpFile.obj (.const:$P$T7$8)
                  20010930    00000018     driverlib.a : interrupt.obj (.const:g_pulDisRegs)
                  20010948    00000018                 : interrupt.obj (.const:g_pulEnRegs)
                  20010960    00000018                 : interrupt.obj (.const:g_pulUnpendRegs)
                  20010978    00000018                 : spi.obj (.const:g_ulSPIDmaMaskMap)
                  20010990    00000014     HttpFile.obj (.const:$P$T2$3)
                  200109a4    00000014     HttpFile.obj (.const:.string:$P$T11$12)
                  200109b8    00000012     HttpFile.obj (.const:.string:$P$T5$6)
                  200109ca    00000002     --HOLE-- [fill = 0]
                  200109cc    00000010     webclient.a : httpcli.obj (.const:$P$T1$2)
                  200109dc    00000010     simplelink.a : socket.obj (.const:.string:_SlPayloadByProtocolLUT)
                  200109ec    0000000c     HttpFile.obj (.const:$P$T4$5)
                  200109f8    0000000c     HttpFile.obj (.const:.string:$P$T10$11)
                  20010a04    0000000c     HttpFile.obj (.const:.string:$P$T3$4)
                  20010a10    00000008     webclient.a : httpcli.obj (.const:.string:$P$T0$1)
                  20010a18    00000008     simplelink.a : device.obj (.const:StartResponseLUT)
                  20010a20    00000008                  : driver.obj (.const:g_H2NCnysPattern)
                  20010a28    00000008                  : driver.obj (.const:g_H2NSyncPattern)
                  20010a30    00000004                  : wlan.obj (.const:$P$T0$1)
                  20010a34    00000004                  : socket.obj (.const:$P$T2$3)
                  20010a38    00000004                  : device.obj (.const:_SlDeviceGetCmdCtrl)
                  20010a3c    00000004                  : netapp.obj (.const:_SlGetHostByNameCtrl)
                  20010a40    00000004                  : netapp.obj (.const:_SlNetAppSendTokenValueCmdCtrl)
                  20010a44    00000004                  : netcfg.obj (.const:_SlNetCfgSetCmdCtrl)
                  20010a48    00000004                  : wlan.obj (.const:_SlPolicySetCmdCtrl)
                  20010a4c    00000004                  : wlan.obj (.const:_SlProfileDelCmdCtrl)
                  20010a50    00000004                  : socket.obj (.const:_SlRecvCmdCtrl)
                  20010a54    00000004                  : netapp.obj (.const:_SlRegisterServiceCtrl)
                  20010a58    00000004                  : wlan.obj (.const:_SlRxFilterSetCmdCtrl)
                  20010a5c    00000004                  : socket.obj (.const:_SlSendCmdCtrl)
                  20010a60    00000004                  : socket.obj (.const:_SlSetSockOptCmdCtrl)
                  20010a64    00000004                  : socket.obj (.const:_SlSockCloseCmdCtrl)
                  20010a68    00000004                  : socket.obj (.const:_SlSockSocketCmdCtrl)
                  20010a6c    00000004                  : device.obj (.const:_SlStopCmdCtrl)
                  20010a70    00000004                  : wlan.obj (.const:_SlWlanCfgSetCmdCtrl)
                  20010a74    00000004                  : wlan.obj (.const:_SlWlanSetModeCmdCtrl)
                  20010a78    00000004                  : driver.obj (.const:httpServer_callbacks)
                  20010a7c    00000004                  : driver.obj (.const:netApp_callbacks)

.cinit     0    20010a80    00000064     
                  20010a80    0000003d     (.cinit..data.load) [load image, compression = rle]
                  20010abd    00000003     --HOLE-- [fill = 0]
                  20010ac0    0000000b     (.cinit..bss.load) [load image, compression = rle]
                  20010acb    00000001     --HOLE-- [fill = 0]
                  20010acc    00000008     (__TI_handler_table)
                  20010ad4    00000010     (__TI_cinit_table)

.bss       0    20017000    00000bc1     UNINITIALIZED
                  20017000    000005b8     (.common:g_buff)
                  200175b8    00000200     MFRC522.obj (.bss:g_ucRxBuff)
                  200177b8    00000200     MFRC522.obj (.bss:g_ucTxBuff)
                  200179b8    00000168     simplelink.a : driver.obj (.bss:g_StatMem)
                  20017b20    00000050     (.common:g_ucDinDout)
                  20017b70    00000024     (.common:g_ucConnectionSSID)
                  20017b94    0000000c     (.common:uid)
                  20017ba0    00000008     (.common:g_ucConnectionBSSID)
                  20017ba8    00000004     uart_if.obj (.bss)
                  20017bac    00000004     (.common:_data_pins)
                  20017bb0    00000004     (.common:g_ulDestinationIP)
                  20017bb4    00000001     (.common:RxIrqCnt)
                  20017bb5    00000001     (.common:_Addr)
                  20017bb6    00000001     (.common:_En)
                  20017bb7    00000001     (.common:_Rs)
                  20017bb8    00000001     (.common:_Rw)
                  20017bb9    00000001     (.common:_backlightPinMask)
                  20017bba    00000001     (.common:_backlightStsMask)
                  20017bbb    00000001     (.common:_polarity)
                  20017bbc    00000001     (.common:g_bDeviceRestartIsRequired)
                  20017bbd    00000001     (.common:g_cDummy)
                  20017bbe    00000001     (.common:g_ucLED1Pin)
                  20017bbf    00000001     (.common:g_ucLED2Pin)
                  20017bc0    00000001     (.common:g_ucLED3Pin)

.sysmem    0    20017bc8    00000500     UNINITIALIZED
                  20017bc8    00000008     rtsv7M4_T_le_eabi.lib : memory.obj (.sysmem)
                  20017bd0    000004f8     --HOLE--

.data      0    200180c8    00000104     UNINITIALIZED
                  200180c8    00000048     webclient.a : httpcli.obj (.data:tlsParams)
                  20018110    0000003c     simplelink.a : nonos.obj (.data:g__SlNonOsCB)
                  2001814c    00000014     gpio_if.obj (.data:ulReg)
                  20018160    00000010     webclient.a : httpcli.obj (.data:proxyAddr)
                  20018170    0000000c     rtsv7M4_T_le_eabi.lib : exit.obj (.data:$O1$$)
                  2001817c    0000000c                           : memory.obj (.data:$O1$$)
                  20018188    0000000c     HttpFile.obj (.data)
                  20018194    0000000c     gpio_if.obj (.data)
                  200181a0    00000009     simplelink.a : cc_pal.obj (.data)
                  200181a9    00000003     --HOLE--
                  200181ac    00000009                  : driver.obj (.data)
                  200181b5    00000003     --HOLE--
                  200181b8    00000008     rtsv7M4_T_le_eabi.lib : _lock.obj (.data:$O1$$)
                  200181c0    00000004                           : errno.obj (.data)
                  200181c4    00000004                           : stkdepth_vars.obj (.data)
                  200181c8    00000004     simplelink.a : driver.obj (.data:wlan_callbacks)

.stack     0    2002f400    00000c00     UNINITIALIZED
                  2002f400    00000c00     --HOLE--

MODULE SUMMARY

       Module                     code    ro data   rw data
       ------                     ----    -------   -------
    .\
       HttpFile.obj               5860    292       1524   
       MFRC522.obj                4592    0         1036   
       startup_ccs.obj            14      1024      0      
       gpio_if.obj                924     0         35     
       lcd.obj                    748     0         11     
       i2c_if.obj                 656     0         0      
       uart_if.obj                640     0         4      
       pinmux.obj                 140     0         0      
       network_common.obj         38      0         0      
    +--+--------------------------+-------+---------+---------+
       Total:                     13612   1316      2610   
                                                           
    C:/ti/CC3200SDK_1.2.0/cc3200-sdk/driverlib/ccs/Release/driverlib.a
       spi.obj                    1594    60        0      
       prcm.obj                   852     168       0      
       interrupt.obj              608     284       0      
       udma.obj                   604     0         0      
       pin.obj                    300     256       0      
       gpio.obj                   388     0         0      
       i2c.obj                    352     0         0      
       uart.obj                   284     0         0      
       cpu.obj                    20      0         0      
       utils.obj                  6       0         0      
    +--+--------------------------+-------+---------+---------+
       Total:                     5008    768       0      
                                                           
    C:/ti/CC3200SDK_1.2.0/cc3200-sdk/netapps/http/client/ccs/HTTPClientMinLib/webclient.a
       httpcli.obj                4036    24        88     
       ssock.obj                  746     0         0      
    +--+--------------------------+-------+---------+---------+
       Total:                     4782    24        88     
                                                           
    C:/ti/CC3200SDK_1.2.0/cc3200-sdk/netapps/json/ccs/Release/json.a
       jsmn.obj                   1520    0         0      
    +--+--------------------------+-------+---------+---------+
       Total:                     1520    0         0      
                                                           
    C:/ti/CC3200SDK_1.2.0/cc3200-sdk/simplelink/ccs/NON_OS/simplelink.a
       driver.obj                 7600    172       375    
       cc_pal.obj                 1684    0         90     
       socket.obj                 1662    40        0      
       netapp.obj                 1492    12        0      
       wlan.obj                   1128    24        0      
       device.obj                 1018    16        0      
       nonos.obj                  360     0         60     
       netcfg.obj                 124     4         0      
    +--+--------------------------+-------+---------+---------+
       Total:                     15068   268       525    
                                                           
    C:\ti\ccsv6\tools\compiler\arm_15.12.3.LTS\lib\rtsv7M4_T_le_eabi.lib
       _printfi.obj               4348    0         0      
       memory.obj                 988     0         12     
       ull_div_t2.obj             500     0         0      
       fd_add_t2.obj              438     0         0      
       fd_div_t2.obj              310     0         0      
       strtoul.obj                276     0         0      
       fd_cmp_t2.obj              268     0         0      
       ctype.obj                  0       257       0      
       fd_mul_t2.obj              252     0         0      
       s_scalbn.obj               208     0         0      
       memcpy_t2.obj              156     0         0      
       vsnprintf.obj              136     0         0      
       memset_t2.obj              122     0         0      
       autoinit.obj               112     0         0      
       copy_decompress_rle.obj    112     0         0      
       exit.obj                   84      0         12     
       sprintf.obj                96      0         0      
       s_frexp.obj                92      0         0      
       ltoa.obj                   86      0         0      
       atoi.obj                   76      0         0      
       cpy_tbl.obj                76      0         0      
       fd_toi_t2.obj              72      0         0      
       boot.obj                   64      0         0      
       i_tofd_t2.obj              46      0         0      
       strncmp.obj                38      0         0      
       memmov.obj                 36      0         0      
       _lock.obj                  20      0         8      
       memccpy.obj                28      0         0      
       args_main.obj              24      0         0      
       strcmp.obj                 24      0         0      
       strchr.obj                 22      0         0      
       strcpy.obj                 20      0         0      
       strlen.obj                 20      0         0      
       copy_decompress_none.obj   14      0         0      
       s_copysign.obj             8       0         0      
       errno.obj                  0       0         4      
       pre_init.obj               4       0         0      
       stkdepth_vars.obj          0       0         4      
       mpu_init.obj               2       0         0      
       startup.obj                2       0         0      
    +--+--------------------------+-------+---------+---------+
       Total:                     9180    257       40     
                                                           
       Heap:                      0       0         1280   
       Stack:                     0       0         3072   
       Linker Generated:          0       96        0      
    +--+--------------------------+-------+---------+---------+
       Grand Total:               49170   2729      7615   


LINKER GENERATED COPY TABLES

__TI_cinit_table @ 20010ad4 records: 2, size/record: 8, table size: 16
	.data: load addr=20010a80, load size=0000003d bytes, run addr=200180c8, run size=00000104 bytes, compression=rle
	.bss: load addr=20010ac0, load size=0000000b bytes, run addr=20017000, run size=00000bc1 bytes, compression=rle


LINKER GENERATED HANDLER TABLE

__TI_handler_table @ 20010acc records: 2, size/record: 4, table size: 8
	index: 0, handler: __TI_decompress_rle24
	index: 1, handler: __TI_decompress_none


GLOBAL SYMBOLS: SORTED ALPHABETICALLY BY Name 

address   name                                  
-------   ----                                  
2000f21d  C$$EXIT                               
200102fd  CPUcpsie                              
20005821  CallHttpPost                          
2000a935  ClearTerm                             
2000fdd1  DmaSpiSwIntHandler                    
2000a93f  Error                                 
2000fb05  GPIODirModeSet                        
20010311  GPIOIntClear                          
200100b9  GPIOIntEnable                         
2000ffcd  GPIOIntRegister                       
2000e475  GPIOIntTypeSet                        
20010189  GPIOPinRead                           
2000feeb  GPIOPinWrite                          
20009fb1  GPIO_IF_ConfigureNIntEnable           
2000a03d  GPIO_IF_Get                           
20009f6b  GPIO_IF_GetPortNPin                   
20009d2d  GPIO_IF_LedConfigure                  
20009e1f  GPIO_IF_LedOff                        
20009d6b  GPIO_IF_LedOn                         
20009ed3  GPIO_IF_LedStatus                     
20009f3d  GPIO_IF_LedToggle                     
20009ff9  GPIO_IF_Set                           
2000a977  GetCmd                                
200086fb  HTTPCli_connect                       
2000881d  HTTPCli_construct                     
20008865  HTTPCli_create                        
2000887d  HTTPCli_delete                        
200088b3  HTTPCli_destruct                      
200088fb  HTTPCli_disconnect                    
20008b31  HTTPCli_getResponseField              
20008afb  HTTPCli_getResponseStatus             
200085ed  HTTPCli_initSockAddr                  
20008d41  HTTPCli_readRawResponseBody           
20008cb5  HTTPCli_readResponseBody              
20008a6b  HTTPCli_sendField                     
2000899d  HTTPCli_sendRequest                   
20008ac3  HTTPCli_sendRequestBody               
20008d81  HTTPCli_setProxy                      
20008931  HTTPCli_setRequestFields              
20008957  HTTPCli_setResponseFields             
2000897d  HTTPCli_setSecureParams               
20010375  I2CMasterControl                      
200103bb  I2CMasterDataGet                      
20010279  I2CMasterDataPut                      
2001028f  I2CMasterEnable                       
2000fc33  I2CMasterErr                          
2000e3f1  I2CMasterInitExpClk                   
20010387  I2CMasterIntClearEx                   
2000ffeb  I2CMasterIntStatusEx                  
2000fe85  I2CMasterSlaveAddrSet                 
20010399  I2CMasterTimeoutSet                   
2000a8dd  I2C_IF_Close                          
2000a895  I2C_IF_Open                           
2000a78f  I2C_IF_Read                           
2000a84b  I2C_IF_ReadFrom                       
2000a6d9  I2C_IF_Write                          
2000a8f5  InitTerm                              
2000d909  IntDisable                            
2000d9b1  IntEnable                             
2001040d  IntMasterEnable                       
2000f019  IntPendClear                          
2000f121  IntPrioritySet                        
2000ff0d  IntRegister                           
2000fdf5  IntUnregister                         
20010325  IntVTableBaseSet                      
2000a2b9  LCDClear                              
2000a291  LCDSelectLine                         
20005ae5  MFRC322loop                           
20005be9  MFRC522_init                          
2000a913  Message                               
200103f5  NwpMaskInterrupt                      
2000facd  NwpPowerOff                           
2000ff2d  NwpPowerOn                            
2000f99d  NwpRegisterInterruptHandler           
20010401  NwpUnMaskInterrupt                    
200107b0  OpcodeTranslateTable                  
2000622f  PCD_AntennaOff                        
20006207  PCD_AntennaOn                         
20006105  PCD_CalculateCRC                      
20006069  PCD_ClearRegisterBitMask              
20006241  PCD_CommunicateWithPICC               
20006965  PCD_DumpVersionToSerial               
200060a9  PCD_Init                              
20005edd  PCD_ReadBytes                         
20005e41  PCD_ReadRegister                      
20006093  PCD_Reset                             
2000603f  PCD_SetRegisterBitMask                
2000618f  PCD_StopCrypto1                       
200063f7  PCD_TransceiveData                    
20005d35  PCD_WriteBytes                        
20005cdd  PCD_WriteBytes_alterenate             
20005c79  PCD_WriteRegister                     
20005c21  PCD_WriteRegister_alternate           
200069d1  PICC_DumpDetailsToSerial              
20006a9f  PICC_DumpToSerial                     
200068ef  PICC_GetType                          
2000619b  PICC_HaltA                            
20006a5d  PICC_IsNewCardPresent                 
20006449  PICC_REQA_or_WUPA                     
20006a85  PICC_ReadCardSerial                   
20006437  PICC_RequestA                         
200064b5  PICC_Select                           
2000bc11  PRCMCC3200MCUInit                     
200102a5  PRCMHIBRegRead                        
200102bb  PRCMHIBRegWrite                       
2000fce5  PRCMPeripheralClkDisable              
2000fa19  PRCMPeripheralClkEnable               
2000dd6d  PRCMPeripheralClockGet                
2000f071  PRCMPeripheralReset                   
2000fb3d  PRCMPeripheralStatusGet               
2000fc61  PRCMSysResetCauseGet                  
20004d8b  ParseJSONData                         
2000e0c5  PinConfigSet                          
2000f85d  PinModeSet                            
2000e039  PinMuxConfig                          
2000fba5  PinTypeGPIO                           
200100d3  PinTypeSPI                            
200100ed  PinTypeUART                           
2000aab5  Report                                
200103e5  ResetISR                              
20017bb4  RxIrqCnt                              
UNDEFED   SHT$$INIT_ARRAY$$Base                 
UNDEFED   SHT$$INIT_ARRAY$$Limit                
200101a1  SPICSDisable                          
200101b9  SPICSEnable                           
2000dafd  SPIConfigSetExpClk                    
2000ff4d  SPIDataGet                            
20010009  SPIDataPut                            
200101d1  SPIDisable                            
20010107  SPIDmaDisable                         
20010121  SPIDmaEnable                          
200101e9  SPIEnable                             
2001013b  SPIFIFODisable                        
20010155  SPIFIFOEnable                         
2000fb71  SPIFIFOLevelSet                       
2000f51d  SPIIntClear                           
2000f2c1  SPIIntEnable                          
2001016f  SPIIntUnregister                      
2000fea7  SPIReset                              
2000e14d  SPITransfer                           
2000fec9  SPIWordCountSet                       
2000a1e1  SetBacklight                          
2000a227  SetBacklightPin                       
200045c9  SimpleLinkGeneralEventHandler         
200045a1  SimpleLinkHttpServerCallback          
20004509  SimpleLinkNetAppEventHandler          
200045df  SimpleLinkSockEventHandler            
20004401  SimpleLinkWlanEventHandler            
2000a391  Ssock_construct                       
2000a3d1  Ssock_create                          
2000a3eb  Ssock_delete                          
2000a413  Ssock_destruct                        
2000a465  Ssock_getSocket                       
2000a473  Ssock_recv                            
2000a4cd  Ssock_recvall                         
2000a511  Ssock_send                            
2000a62b  Ssock_startSecure                     
2000aa1d  TrimSpace                             
20010063  UARTCharGetNonBlocking                
20010027  UARTCharPut                           
20010201  UARTCharsAvail                        
2000ea51  UARTConfigSetExpClk                   
2000fbd5  UARTDisable                           
2000fe19  UARTEnable                            
2001041f  UtilsDelay                            
20017bb5  _Addr                                 
20017bb6  _En                                   
20017bb7  _Rs                                   
20017bb8  _Rw                                   
200107ec  _SlActionLookupTable                  
2000da59  _SlDriverHandleError                  
2000f565  _SlDrvBasicCmd                        
2000d6dd  _SlDrvCmdOp                           
2000ec1d  _SlDrvCmdSend                         
2000b1c5  _SlDrvDataReadOp                      
2000c065  _SlDrvDataWriteOp                     
2000dc39  _SlDrvDeviceEventHandler              
200103ab  _SlDrvDispatchHttpServerEvents        
2000c689  _SlDrvDriverCBDeinit                  
2000b731  _SlDrvDriverCBInit                    
2000fd0d  _SlDrvGlobalObjUnLock                 
2000f681  _SlDrvHandleHttpServerEvents          
2000f89d  _SlDrvHandleNetAppEvents              
2000f8dd  _SlDrvHandleWlanEvents                
200102d1  _SlDrvMemZero                         
2000d141  _SlDrvMsgReadSpawnCtx                 
2000c9d9  _SlDrvNetAppEventHandler              
2000fe3d  _SlDrvObjLockWaitForever              
2000ff6d  _SlDrvObjUnLock                       
2000f359  _SlDrvProtectAsyncRespSetting         
2000fcb9  _SlDrvProtectionObjLockWaitForever    
2000fd35  _SlDrvProtectionObjUnLock             
2000b3a9  _SlDrvReleasePoolObj                  
200103c9  _SlDrvResetCmdExt                     
2000f175  _SlDrvRxIrqHandler                    
2000ff8d  _SlDrvSyncObjSignal                   
2000fd5d  _SlDrvSyncObjWaitForever              
2000f6c5  _SlDrvSyncObjWaitTimeout              
2000ba81  _SlDrvWaitForPoolObj                  
20010a40  _SlNetAppSendTokenValueCmdCtrl        
2000eac9  _SlNonOsMainLoopTask                  
2000e8e9  _SlNonOsSemGet                        
20010219  _SlNonOsSemSet                        
2000edcd  _SlNonOsSpawn                         
20030000  __STACK_END                           
00000c00  __STACK_SIZE                          
00000500  __SYSMEM_SIZE                         
20010ad4  __TI_CINIT_Base                       
20010ae4  __TI_CINIT_Limit                      
20010acc  __TI_Handler_Table_Base               
20010ad4  __TI_Handler_Table_Limit              
2000eb3d  __TI_auto_init                        
20018170  __TI_cleanup_ptr                      
200103d7  __TI_decompress_none                  
20010425  __TI_decompress_rle24                 
20018174  __TI_dtors_ptr                        
20018178  __TI_enable_exit_profile_output       
ffffffff  __TI_pprof_out_hndl                   
20007acb  __TI_printfi                          
ffffffff  __TI_prof_data_size                   
ffffffff  __TI_prof_data_start                  
20010a80  __TI_static_base__                    
2000e2e5  __aeabi_cdcmpeq                       
2000e2e5  __aeabi_cdcmple                       
2000e36b  __aeabi_cdrcmple                      
2000f5ad  __aeabi_d2iz                          
2000b583  __aeabi_dadd                          
2000c2fd  __aeabi_ddiv                          
2000cadd  __aeabi_dmul                          
2000b579  __aeabi_dsub                          
2000fc05  __aeabi_i2d                           
2000e86d  __aeabi_memclr                        
2000e86d  __aeabi_memclr4                       
2000e86d  __aeabi_memclr8                       
2000db9d  __aeabi_memcpy                        
2000db9d  __aeabi_memcpy4                       
2000db9d  __aeabi_memcpy8                       
2000e86f  __aeabi_memset                        
2000e86f  __aeabi_memset4                       
2000e86f  __aeabi_memset8                       
2000afd1  __aeabi_uldivmod                      
ffffffff  __binit__                             
ffffffff  __c_args__                            
2000b72f  __mpu_init                            
2002f400  __stack                               
20010249  _args_main                            
20017bb9  _backlightPinMask                     
20017bba  _backlightStsMask                     
2000f95d  _c_int00                              
20010430  _ctypes_                              
20017bac  _data_pins                            
200181b8  _lock                                 
20010347  _nop                                  
20017bbb  _polarity                             
2001033f  _register_lock                        
20010339  _register_unlock                      
2000ee31  _sl_HandleAsync_Accept                
2000e4f9  _sl_HandleAsync_Connect               
2000de01  _sl_HandleAsync_DnsGetHostByName      
2000d485  _sl_HandleAsync_DnsGetHostByService   
2000e579  _sl_HandleAsync_InitComplete          
2000de91  _sl_HandleAsync_PingResponse          
2000f1c9  _sl_HandleAsync_Select                
2000f271  _sl_HandleAsync_Stop                  
2000ec89  _sl_NetAppSendTokenValue              
20017bc8  _sys_memory                           
2000c433  _system_post_cinit                    
2001042b  _system_pre_init                      
200181bc  _unlock                               
2000f221  abort                                 
2000f3f1  atoi                                  
ffffffff  binit                                 
20007e17  bufferedRecv                          
20018190  bytesReceived                         
20009cbd  calloc                                
2000a15f  command                               
2000f43d  copy_in                               
20010417  copysign                              
20010417  copysignl                             
20005bdf  delay                                 
20005bb1  digitalRead                           
20005bbf  digitalWrite                          
200181c0  errno                                 
2000f229  exit                                  
20009a0b  free                                  
2000efbd  frexp                                 
2000efbd  frexpl                                
200181a0  g_SpiFd                               
20018110  g__SlNonOsCB                          
20017bbc  g_bDeviceRestartIsRequired            
20017000  g_buff                                
20017bbd  g_cDummy                              
200181ac  g_pCB                                 
200181a4  g_pHostIntHdl                         
20004000  g_pfnVectors                          
20017ba0  g_ucConnectionBSSID                   
20017b70  g_ucConnectionSSID                    
200181a8  g_ucDMAEnabled                        
20017b20  g_ucDinDout                           
20017bbe  g_ucLED1Pin                           
20017bbf  g_ucLED2Pin                           
20017bc0  g_ucLED3Pin                           
20018194  g_uiLED1Port                          
20018198  g_uiLED2Port                          
2001819c  g_uiLED3Port                          
20017bb0  g_ulDestinationIP                     
2001818c  g_ulGatewayIP                         
20018188  g_ulStatus                            
2000a2c5  increment_cursor                      
20009367  jsmn_init                             
20009055  jsmn_parse                            
2000a08d  lcd_init                              
2000d2e5  ldexp                                 
2000d2e5  ldexpl                                
2000f0c9  ltoa                                  
20006b07  main                                  
200181c4  main_func_sp                          
200099a3  malloc                                
20009bd9  memalign                              
2001007f  memccpy                               
2000db9d  memcpy                                
2000fe61  memmove                               
2000e875  memset                                
20009915  minit                                 
2000a2e3  number                                
200181b0  pPingCallBackFunc                     
20005b9f  pinMode                               
2000a271  print                                 
2000a241  pulse_enable                          
20009acd  realloc                               
2000d2e5  scalbn                                
2000d2e5  scalbnl                               
2000a113  send_lcd                              
2000f74d  sl_Close                              
2000bef9  sl_Connect                            
2000d855  sl_DevGet                             
2000f819  sl_Htonl                              
2000fa55  sl_Htons                              
2000c435  sl_NetAppDnsGetHostByName             
2000d551  sl_NetAppMDNSRegisterUnregisterService
2000f5f5  sl_NetAppMDNSUnRegisterService        
2000e6f9  sl_NetCfgSet                          
2000fd85  sl_Provisioning_HttpServerEventHdl    
2000fd93  sl_Provisioning_NetAppEventHdl        
2000fd9f  sl_Provisioning_WlanEventHdl          
2000e25d  sl_Recv                               
2000c7ad  sl_Send                               
2000e775  sl_SetSockOpt                         
2000ebad  sl_Socket                             
2000cf85  sl_Start                              
2000cea1  sl_Stop                               
2000ab75  sl_WlanConnect                        
2000ffad  sl_WlanDisconnect                     
2000e961  sl_WlanPolicySet                      
2000f791  sl_WlanProfileDel                     
2000ecf5  sl_WlanRxFilterSet                    
2000e7f1  sl_WlanSet                            
2000f7d5  sl_WlanSetMode                        
2000e9d9  spi_Close                             
2000c1b5  spi_Open                              
2000cbd9  spi_Read                              
2000dcd5  spi_Write                             
2000ef5d  sprintf                               
200102e7  strchr                                
20010261  strcmp                                
2001034d  strcpy                                
20010361  strlen                                
2000fdab  strncmp                               
2000c8c5  strtoul                               
2000f489  uDMAChannelAssign                     
2000ee95  uDMAChannelAttributeDisable           
2000eef9  uDMAChannelAttributeEnable            
2000fa91  uDMAChannelControlSet                 
2001009d  uDMAChannelEnable                     
2000ccc9  uDMAChannelTransferSet                
20017b94  uid                                   
2000e1d5  vsnprintf                             
2000a1a5  writeI2CLCD                           


GLOBAL SYMBOLS: SORTED BY Symbol Address 

address   name                                  
-------   ----                                  
00000500  __SYSMEM_SIZE                         
00000c00  __STACK_SIZE                          
20004000  g_pfnVectors                          
20004401  SimpleLinkWlanEventHandler            
20004509  SimpleLinkNetAppEventHandler          
200045a1  SimpleLinkHttpServerCallback          
200045c9  SimpleLinkGeneralEventHandler         
200045df  SimpleLinkSockEventHandler            
20004d8b  ParseJSONData                         
20005821  CallHttpPost                          
20005ae5  MFRC322loop                           
20005b9f  pinMode                               
20005bb1  digitalRead                           
20005bbf  digitalWrite                          
20005bdf  delay                                 
20005be9  MFRC522_init                          
20005c21  PCD_WriteRegister_alternate           
20005c79  PCD_WriteRegister                     
20005cdd  PCD_WriteBytes_alterenate             
20005d35  PCD_WriteBytes                        
20005e41  PCD_ReadRegister                      
20005edd  PCD_ReadBytes                         
2000603f  PCD_SetRegisterBitMask                
20006069  PCD_ClearRegisterBitMask              
20006093  PCD_Reset                             
200060a9  PCD_Init                              
20006105  PCD_CalculateCRC                      
2000618f  PCD_StopCrypto1                       
2000619b  PICC_HaltA                            
20006207  PCD_AntennaOn                         
2000622f  PCD_AntennaOff                        
20006241  PCD_CommunicateWithPICC               
200063f7  PCD_TransceiveData                    
20006437  PICC_RequestA                         
20006449  PICC_REQA_or_WUPA                     
200064b5  PICC_Select                           
200068ef  PICC_GetType                          
20006965  PCD_DumpVersionToSerial               
200069d1  PICC_DumpDetailsToSerial              
20006a5d  PICC_IsNewCardPresent                 
20006a85  PICC_ReadCardSerial                   
20006a9f  PICC_DumpToSerial                     
20006b07  main                                  
20007acb  __TI_printfi                          
20007e17  bufferedRecv                          
200085ed  HTTPCli_initSockAddr                  
200086fb  HTTPCli_connect                       
2000881d  HTTPCli_construct                     
20008865  HTTPCli_create                        
2000887d  HTTPCli_delete                        
200088b3  HTTPCli_destruct                      
200088fb  HTTPCli_disconnect                    
20008931  HTTPCli_setRequestFields              
20008957  HTTPCli_setResponseFields             
2000897d  HTTPCli_setSecureParams               
2000899d  HTTPCli_sendRequest                   
20008a6b  HTTPCli_sendField                     
20008ac3  HTTPCli_sendRequestBody               
20008afb  HTTPCli_getResponseStatus             
20008b31  HTTPCli_getResponseField              
20008cb5  HTTPCli_readResponseBody              
20008d41  HTTPCli_readRawResponseBody           
20008d81  HTTPCli_setProxy                      
20009055  jsmn_parse                            
20009367  jsmn_init                             
20009915  minit                                 
200099a3  malloc                                
20009a0b  free                                  
20009acd  realloc                               
20009bd9  memalign                              
20009cbd  calloc                                
20009d2d  GPIO_IF_LedConfigure                  
20009d6b  GPIO_IF_LedOn                         
20009e1f  GPIO_IF_LedOff                        
20009ed3  GPIO_IF_LedStatus                     
20009f3d  GPIO_IF_LedToggle                     
20009f6b  GPIO_IF_GetPortNPin                   
20009fb1  GPIO_IF_ConfigureNIntEnable           
20009ff9  GPIO_IF_Set                           
2000a03d  GPIO_IF_Get                           
2000a08d  lcd_init                              
2000a113  send_lcd                              
2000a15f  command                               
2000a1a5  writeI2CLCD                           
2000a1e1  SetBacklight                          
2000a227  SetBacklightPin                       
2000a241  pulse_enable                          
2000a271  print                                 
2000a291  LCDSelectLine                         
2000a2b9  LCDClear                              
2000a2c5  increment_cursor                      
2000a2e3  number                                
2000a391  Ssock_construct                       
2000a3d1  Ssock_create                          
2000a3eb  Ssock_delete                          
2000a413  Ssock_destruct                        
2000a465  Ssock_getSocket                       
2000a473  Ssock_recv                            
2000a4cd  Ssock_recvall                         
2000a511  Ssock_send                            
2000a62b  Ssock_startSecure                     
2000a6d9  I2C_IF_Write                          
2000a78f  I2C_IF_Read                           
2000a84b  I2C_IF_ReadFrom                       
2000a895  I2C_IF_Open                           
2000a8dd  I2C_IF_Close                          
2000a8f5  InitTerm                              
2000a913  Message                               
2000a935  ClearTerm                             
2000a93f  Error                                 
2000a977  GetCmd                                
2000aa1d  TrimSpace                             
2000aab5  Report                                
2000ab75  sl_WlanConnect                        
2000afd1  __aeabi_uldivmod                      
2000b1c5  _SlDrvDataReadOp                      
2000b3a9  _SlDrvReleasePoolObj                  
2000b579  __aeabi_dsub                          
2000b583  __aeabi_dadd                          
2000b72f  __mpu_init                            
2000b731  _SlDrvDriverCBInit                    
2000ba81  _SlDrvWaitForPoolObj                  
2000bc11  PRCMCC3200MCUInit                     
2000bef9  sl_Connect                            
2000c065  _SlDrvDataWriteOp                     
2000c1b5  spi_Open                              
2000c2fd  __aeabi_ddiv                          
2000c433  _system_post_cinit                    
2000c435  sl_NetAppDnsGetHostByName             
2000c689  _SlDrvDriverCBDeinit                  
2000c7ad  sl_Send                               
2000c8c5  strtoul                               
2000c9d9  _SlDrvNetAppEventHandler              
2000cadd  __aeabi_dmul                          
2000cbd9  spi_Read                              
2000ccc9  uDMAChannelTransferSet                
2000cea1  sl_Stop                               
2000cf85  sl_Start                              
2000d141  _SlDrvMsgReadSpawnCtx                 
2000d2e5  ldexp                                 
2000d2e5  ldexpl                                
2000d2e5  scalbn                                
2000d2e5  scalbnl                               
2000d485  _sl_HandleAsync_DnsGetHostByService   
2000d551  sl_NetAppMDNSRegisterUnregisterService
2000d6dd  _SlDrvCmdOp                           
2000d855  sl_DevGet                             
2000d909  IntDisable                            
2000d9b1  IntEnable                             
2000da59  _SlDriverHandleError                  
2000dafd  SPIConfigSetExpClk                    
2000db9d  __aeabi_memcpy                        
2000db9d  __aeabi_memcpy4                       
2000db9d  __aeabi_memcpy8                       
2000db9d  memcpy                                
2000dc39  _SlDrvDeviceEventHandler              
2000dcd5  spi_Write                             
2000dd6d  PRCMPeripheralClockGet                
2000de01  _sl_HandleAsync_DnsGetHostByName      
2000de91  _sl_HandleAsync_PingResponse          
2000e039  PinMuxConfig                          
2000e0c5  PinConfigSet                          
2000e14d  SPITransfer                           
2000e1d5  vsnprintf                             
2000e25d  sl_Recv                               
2000e2e5  __aeabi_cdcmpeq                       
2000e2e5  __aeabi_cdcmple                       
2000e36b  __aeabi_cdrcmple                      
2000e3f1  I2CMasterInitExpClk                   
2000e475  GPIOIntTypeSet                        
2000e4f9  _sl_HandleAsync_Connect               
2000e579  _sl_HandleAsync_InitComplete          
2000e6f9  sl_NetCfgSet                          
2000e775  sl_SetSockOpt                         
2000e7f1  sl_WlanSet                            
2000e86d  __aeabi_memclr                        
2000e86d  __aeabi_memclr4                       
2000e86d  __aeabi_memclr8                       
2000e86f  __aeabi_memset                        
2000e86f  __aeabi_memset4                       
2000e86f  __aeabi_memset8                       
2000e875  memset                                
2000e8e9  _SlNonOsSemGet                        
2000e961  sl_WlanPolicySet                      
2000e9d9  spi_Close                             
2000ea51  UARTConfigSetExpClk                   
2000eac9  _SlNonOsMainLoopTask                  
2000eb3d  __TI_auto_init                        
2000ebad  sl_Socket                             
2000ec1d  _SlDrvCmdSend                         
2000ec89  _sl_NetAppSendTokenValue              
2000ecf5  sl_WlanRxFilterSet                    
2000edcd  _SlNonOsSpawn                         
2000ee31  _sl_HandleAsync_Accept                
2000ee95  uDMAChannelAttributeDisable           
2000eef9  uDMAChannelAttributeEnable            
2000ef5d  sprintf                               
2000efbd  frexp                                 
2000efbd  frexpl                                
2000f019  IntPendClear                          
2000f071  PRCMPeripheralReset                   
2000f0c9  ltoa                                  
2000f121  IntPrioritySet                        
2000f175  _SlDrvRxIrqHandler                    
2000f1c9  _sl_HandleAsync_Select                
2000f21d  C$$EXIT                               
2000f221  abort                                 
2000f229  exit                                  
2000f271  _sl_HandleAsync_Stop                  
2000f2c1  SPIIntEnable                          
2000f359  _SlDrvProtectAsyncRespSetting         
2000f3f1  atoi                                  
2000f43d  copy_in                               
2000f489  uDMAChannelAssign                     
2000f51d  SPIIntClear                           
2000f565  _SlDrvBasicCmd                        
2000f5ad  __aeabi_d2iz                          
2000f5f5  sl_NetAppMDNSUnRegisterService        
2000f681  _SlDrvHandleHttpServerEvents          
2000f6c5  _SlDrvSyncObjWaitTimeout              
2000f74d  sl_Close                              
2000f791  sl_WlanProfileDel                     
2000f7d5  sl_WlanSetMode                        
2000f819  sl_Htonl                              
2000f85d  PinModeSet                            
2000f89d  _SlDrvHandleNetAppEvents              
2000f8dd  _SlDrvHandleWlanEvents                
2000f95d  _c_int00                              
2000f99d  NwpRegisterInterruptHandler           
2000fa19  PRCMPeripheralClkEnable               
2000fa55  sl_Htons                              
2000fa91  uDMAChannelControlSet                 
2000facd  NwpPowerOff                           
2000fb05  GPIODirModeSet                        
2000fb3d  PRCMPeripheralStatusGet               
2000fb71  SPIFIFOLevelSet                       
2000fba5  PinTypeGPIO                           
2000fbd5  UARTDisable                           
2000fc05  __aeabi_i2d                           
2000fc33  I2CMasterErr                          
2000fc61  PRCMSysResetCauseGet                  
2000fcb9  _SlDrvProtectionObjLockWaitForever    
2000fce5  PRCMPeripheralClkDisable              
2000fd0d  _SlDrvGlobalObjUnLock                 
2000fd35  _SlDrvProtectionObjUnLock             
2000fd5d  _SlDrvSyncObjWaitForever              
2000fd85  sl_Provisioning_HttpServerEventHdl    
2000fd93  sl_Provisioning_NetAppEventHdl        
2000fd9f  sl_Provisioning_WlanEventHdl          
2000fdab  strncmp                               
2000fdd1  DmaSpiSwIntHandler                    
2000fdf5  IntUnregister                         
2000fe19  UARTEnable                            
2000fe3d  _SlDrvObjLockWaitForever              
2000fe61  memmove                               
2000fe85  I2CMasterSlaveAddrSet                 
2000fea7  SPIReset                              
2000fec9  SPIWordCountSet                       
2000feeb  GPIOPinWrite                          
2000ff0d  IntRegister                           
2000ff2d  NwpPowerOn                            
2000ff4d  SPIDataGet                            
2000ff6d  _SlDrvObjUnLock                       
2000ff8d  _SlDrvSyncObjSignal                   
2000ffad  sl_WlanDisconnect                     
2000ffcd  GPIOIntRegister                       
2000ffeb  I2CMasterIntStatusEx                  
20010009  SPIDataPut                            
20010027  UARTCharPut                           
20010063  UARTCharGetNonBlocking                
2001007f  memccpy                               
2001009d  uDMAChannelEnable                     
200100b9  GPIOIntEnable                         
200100d3  PinTypeSPI                            
200100ed  PinTypeUART                           
20010107  SPIDmaDisable                         
20010121  SPIDmaEnable                          
2001013b  SPIFIFODisable                        
20010155  SPIFIFOEnable                         
2001016f  SPIIntUnregister                      
20010189  GPIOPinRead                           
200101a1  SPICSDisable                          
200101b9  SPICSEnable                           
200101d1  SPIDisable                            
200101e9  SPIEnable                             
20010201  UARTCharsAvail                        
20010219  _SlNonOsSemSet                        
20010249  _args_main                            
20010261  strcmp                                
20010279  I2CMasterDataPut                      
2001028f  I2CMasterEnable                       
200102a5  PRCMHIBRegRead                        
200102bb  PRCMHIBRegWrite                       
200102d1  _SlDrvMemZero                         
200102e7  strchr                                
200102fd  CPUcpsie                              
20010311  GPIOIntClear                          
20010325  IntVTableBaseSet                      
20010339  _register_unlock                      
2001033f  _register_lock                        
20010347  _nop                                  
2001034d  strcpy                                
20010361  strlen                                
20010375  I2CMasterControl                      
20010387  I2CMasterIntClearEx                   
20010399  I2CMasterTimeoutSet                   
200103ab  _SlDrvDispatchHttpServerEvents        
200103bb  I2CMasterDataGet                      
200103c9  _SlDrvResetCmdExt                     
200103d7  __TI_decompress_none                  
200103e5  ResetISR                              
200103f5  NwpMaskInterrupt                      
20010401  NwpUnMaskInterrupt                    
2001040d  IntMasterEnable                       
20010417  copysign                              
20010417  copysignl                             
2001041f  UtilsDelay                            
20010425  __TI_decompress_rle24                 
2001042b  _system_pre_init                      
20010430  _ctypes_                              
200107b0  OpcodeTranslateTable                  
200107ec  _SlActionLookupTable                  
20010a40  _SlNetAppSendTokenValueCmdCtrl        
20010a80  __TI_static_base__                    
20010acc  __TI_Handler_Table_Base               
20010ad4  __TI_CINIT_Base                       
20010ad4  __TI_Handler_Table_Limit              
20010ae4  __TI_CINIT_Limit                      
20017000  g_buff                                
20017b20  g_ucDinDout                           
20017b70  g_ucConnectionSSID                    
20017b94  uid                                   
20017ba0  g_ucConnectionBSSID                   
20017bac  _data_pins                            
20017bb0  g_ulDestinationIP                     
20017bb4  RxIrqCnt                              
20017bb5  _Addr                                 
20017bb6  _En                                   
20017bb7  _Rs                                   
20017bb8  _Rw                                   
20017bb9  _backlightPinMask                     
20017bba  _backlightStsMask                     
20017bbb  _polarity                             
20017bbc  g_bDeviceRestartIsRequired            
20017bbd  g_cDummy                              
20017bbe  g_ucLED1Pin                           
20017bbf  g_ucLED2Pin                           
20017bc0  g_ucLED3Pin                           
20017bc8  _sys_memory                           
20018110  g__SlNonOsCB                          
20018170  __TI_cleanup_ptr                      
20018174  __TI_dtors_ptr                        
20018178  __TI_enable_exit_profile_output       
20018188  g_ulStatus                            
2001818c  g_ulGatewayIP                         
20018190  bytesReceived                         
20018194  g_uiLED1Port                          
20018198  g_uiLED2Port                          
2001819c  g_uiLED3Port                          
200181a0  g_SpiFd                               
200181a4  g_pHostIntHdl                         
200181a8  g_ucDMAEnabled                        
200181ac  g_pCB                                 
200181b0  pPingCallBackFunc                     
200181b8  _lock                                 
200181bc  _unlock                               
200181c0  errno                                 
200181c4  main_func_sp                          
2002f400  __stack                               
20030000  __STACK_END                           
ffffffff  __TI_pprof_out_hndl                   
ffffffff  __TI_prof_data_size                   
ffffffff  __TI_prof_data_start                  
ffffffff  __binit__                             
ffffffff  __c_args__                            
ffffffff  binit                                 
UNDEFED   SHT$$INIT_ARRAY$$Base                 
UNDEFED   SHT$$INIT_ARRAY$$Limit                

[378 symbols]
